Archive member included to satisfy reference by file (symbol)

c:/st/stm32cubeide_1.4.0/stm32cubeide/plugins/com.st.stm32cube.ide.mcu.externaltools.gnu-tools-for-stm32.7-2018-q2-update.win32_1.4.0.202007081208/tools/bin/../lib/gcc/arm-none-eabi/7.3.1/../../../../arm-none-eabi/lib/thumb/v7-m\libc_nano.a(lib_a-errno.o)
                              Core/Src/syscalls.o (__errno)
c:/st/stm32cubeide_1.4.0/stm32cubeide/plugins/com.st.stm32cube.ide.mcu.externaltools.gnu-tools-for-stm32.7-2018-q2-update.win32_1.4.0.202007081208/tools/bin/../lib/gcc/arm-none-eabi/7.3.1/../../../../arm-none-eabi/lib/thumb/v7-m\libc_nano.a(lib_a-exit.o)
                              c:/st/stm32cubeide_1.4.0/stm32cubeide/plugins/com.st.stm32cube.ide.mcu.externaltools.gnu-tools-for-stm32.7-2018-q2-update.win32_1.4.0.202007081208/tools/bin/../lib/gcc/arm-none-eabi/7.3.1/../../../../arm-none-eabi/lib/thumb/v7-m/crt0.o (exit)
c:/st/stm32cubeide_1.4.0/stm32cubeide/plugins/com.st.stm32cube.ide.mcu.externaltools.gnu-tools-for-stm32.7-2018-q2-update.win32_1.4.0.202007081208/tools/bin/../lib/gcc/arm-none-eabi/7.3.1/../../../../arm-none-eabi/lib/thumb/v7-m\libc_nano.a(lib_a-impure.o)
                              c:/st/stm32cubeide_1.4.0/stm32cubeide/plugins/com.st.stm32cube.ide.mcu.externaltools.gnu-tools-for-stm32.7-2018-q2-update.win32_1.4.0.202007081208/tools/bin/../lib/gcc/arm-none-eabi/7.3.1/../../../../arm-none-eabi/lib/thumb/v7-m\libc_nano.a(lib_a-exit.o) (_global_impure_ptr)
c:/st/stm32cubeide_1.4.0/stm32cubeide/plugins/com.st.stm32cube.ide.mcu.externaltools.gnu-tools-for-stm32.7-2018-q2-update.win32_1.4.0.202007081208/tools/bin/../lib/gcc/arm-none-eabi/7.3.1/../../../../arm-none-eabi/lib/thumb/v7-m\libc_nano.a(lib_a-init.o)
                              c:/st/stm32cubeide_1.4.0/stm32cubeide/plugins/com.st.stm32cube.ide.mcu.externaltools.gnu-tools-for-stm32.7-2018-q2-update.win32_1.4.0.202007081208/tools/bin/../lib/gcc/arm-none-eabi/7.3.1/../../../../arm-none-eabi/lib/thumb/v7-m/crt0.o (__libc_init_array)
c:/st/stm32cubeide_1.4.0/stm32cubeide/plugins/com.st.stm32cube.ide.mcu.externaltools.gnu-tools-for-stm32.7-2018-q2-update.win32_1.4.0.202007081208/tools/bin/../lib/gcc/arm-none-eabi/7.3.1/../../../../arm-none-eabi/lib/thumb/v7-m\libc_nano.a(lib_a-memset.o)
                              c:/st/stm32cubeide_1.4.0/stm32cubeide/plugins/com.st.stm32cube.ide.mcu.externaltools.gnu-tools-for-stm32.7-2018-q2-update.win32_1.4.0.202007081208/tools/bin/../lib/gcc/arm-none-eabi/7.3.1/../../../../arm-none-eabi/lib/thumb/v7-m/crt0.o (memset)
c:/st/stm32cubeide_1.4.0/stm32cubeide/plugins/com.st.stm32cube.ide.mcu.externaltools.gnu-tools-for-stm32.7-2018-q2-update.win32_1.4.0.202007081208/tools/bin/../lib/gcc/arm-none-eabi/7.3.1/../../../../arm-none-eabi/lib/thumb/v7-m\libc_nano.a(lib_a-printf.o)
                              MYRTOS/MYRTOS_FIFO.o (printf)
c:/st/stm32cubeide_1.4.0/stm32cubeide/plugins/com.st.stm32cube.ide.mcu.externaltools.gnu-tools-for-stm32.7-2018-q2-update.win32_1.4.0.202007081208/tools/bin/../lib/gcc/arm-none-eabi/7.3.1/../../../../arm-none-eabi/lib/thumb/v7-m\libc_nano.a(lib_a-puts.o)
                              MYRTOS/MYRTOS_FIFO.o (puts)
c:/st/stm32cubeide_1.4.0/stm32cubeide/plugins/com.st.stm32cube.ide.mcu.externaltools.gnu-tools-for-stm32.7-2018-q2-update.win32_1.4.0.202007081208/tools/bin/../lib/gcc/arm-none-eabi/7.3.1/../../../../arm-none-eabi/lib/thumb/v7-m\libc_nano.a(lib_a-strcmp.o)
                              MYRTOS/Scheduler.o (strcmp)
c:/st/stm32cubeide_1.4.0/stm32cubeide/plugins/com.st.stm32cube.ide.mcu.externaltools.gnu-tools-for-stm32.7-2018-q2-update.win32_1.4.0.202007081208/tools/bin/../lib/gcc/arm-none-eabi/7.3.1/../../../../arm-none-eabi/lib/thumb/v7-m\libc_nano.a(lib_a-wbuf.o)
                              c:/st/stm32cubeide_1.4.0/stm32cubeide/plugins/com.st.stm32cube.ide.mcu.externaltools.gnu-tools-for-stm32.7-2018-q2-update.win32_1.4.0.202007081208/tools/bin/../lib/gcc/arm-none-eabi/7.3.1/../../../../arm-none-eabi/lib/thumb/v7-m\libc_nano.a(lib_a-puts.o) (__swbuf_r)
c:/st/stm32cubeide_1.4.0/stm32cubeide/plugins/com.st.stm32cube.ide.mcu.externaltools.gnu-tools-for-stm32.7-2018-q2-update.win32_1.4.0.202007081208/tools/bin/../lib/gcc/arm-none-eabi/7.3.1/../../../../arm-none-eabi/lib/thumb/v7-m\libc_nano.a(lib_a-wsetup.o)
                              c:/st/stm32cubeide_1.4.0/stm32cubeide/plugins/com.st.stm32cube.ide.mcu.externaltools.gnu-tools-for-stm32.7-2018-q2-update.win32_1.4.0.202007081208/tools/bin/../lib/gcc/arm-none-eabi/7.3.1/../../../../arm-none-eabi/lib/thumb/v7-m\libc_nano.a(lib_a-puts.o) (__swsetup_r)
c:/st/stm32cubeide_1.4.0/stm32cubeide/plugins/com.st.stm32cube.ide.mcu.externaltools.gnu-tools-for-stm32.7-2018-q2-update.win32_1.4.0.202007081208/tools/bin/../lib/gcc/arm-none-eabi/7.3.1/../../../../arm-none-eabi/lib/thumb/v7-m\libc_nano.a(lib_a-fflush.o)
[...]
Memory Configuration

Name             Origin             Length             Attributes
RAM              0x0000000020000000 0x0000000000002800 xrw
FLASH            0x0000000008000000 0x0000000000008000 xr
*default*        0x0000000000000000 0xffffffffffffffff

Linker script and memory map

LOAD c:/st/stm32cubeide_1.4.0/stm32cubeide/plugins/com.st.stm32cube.ide.mcu.externaltools.gnu-tools-for-stm32.7-2018-q2-update.win32_1.4.0.202007081208/tools/bin/../lib/gcc/arm-none-eabi/7.3.1/thumb/v7-m/crti.o
LOAD c:/st/stm32cubeide_1.4.0/stm32cubeide/plugins/com.st.stm32cube.ide.mcu.externaltools.gnu-tools-for-stm32.7-2018-q2-update.win32_1.4.0.202007081208/tools/bin/../lib/gcc/arm-none-eabi/7.3.1/thumb/v7-m/crtbegin.o
LOAD c:/st/stm32cubeide_1.4.0/stm32cubeide/plugins/com.st.stm32cube.ide.mcu.externaltools.gnu-tools-for-stm32.7-2018-q2-update.win32_1.4.0.202007081208/tools/bin/../lib/gcc/arm-none-eabi/7.3.1/../../../../arm-none-eabi/lib/thumb/v7-m/crt0.o
LOAD Core/Src/main.o
LOAD Core/Src/syscalls.o
LOAD Core/Src/sysmem.o
LOAD Core/Startup/startup_stm32f103c6tx.o
LOAD MYRTOS/CortexMX_OS_porting.o
LOAD MYRTOS/MYRTOS_FIFO.o
LOAD MYRTOS/Scheduler.o
START GROUP
LOAD c:/st/stm32cubeide_1.4.0/stm32cubeide/plugins/com.st.stm32cube.ide.mcu.externaltools.gnu-tools-for-stm32.7-2018-q2-update.win32_1.4.0.202007081208/tools/bin/../lib/gcc/arm-none-eabi/7.3.1/../../../../arm-none-eabi/lib/thumb/v7-m\libc_nano.a
LOAD c:/st/stm32cubeide_1.4.0/stm32cubeide/plugins/com.st.stm32cube.ide.mcu.externaltools.gnu-tools-for-stm32.7-2018-q2-update.win32_1.4.0.202007081208/tools/bin/../lib/gcc/arm-none-eabi/7.3.1/../../../../arm-none-eabi/lib/thumb/v7-m\libm.a
END GROUP
START GROUP
LOAD c:/st/stm32cubeide_1.4.0/stm32cubeide/plugins/com.st.stm32cube.ide.mcu.externaltools.gnu-tools-for-stm32.7-2018-q2-update.win32_1.4.0.202007081208/tools/bin/../lib/gcc/arm-none-eabi/7.3.1/thumb/v7-m\libgcc.a
LOAD c:/st/stm32cubeide_1.4.0/stm32cubeide/plugins/com.st.stm32cube.ide.mcu.externaltools.gnu-tools-for-stm32.7-2018-q2-update.win32_1.4.0.202007081208/tools/bin/../lib/gcc/arm-none-eabi/7.3.1/../../../../arm-none-eabi/lib/thumb/v7-m\libc_nano.a
END GROUP
START GROUP
LOAD c:/st/stm32cubeide_1.4.0/stm32cubeide/plugins/com.st.stm32cube.ide.mcu.externaltools.gnu-tools-for-stm32.7-2018-q2-update.win32_1.4.0.202007081208/tools/bin/../lib/gcc/arm-none-eabi/7.3.1/thumb/v7-m\libgcc.a
LOAD c:/st/stm32cubeide_1.4.0/stm32cubeide/plugins/com.st.stm32cube.ide.mcu.externaltools.gnu-tools-for-stm32.7-2018-q2-update.win32_1.4.0.202007081208/tools/bin/../lib/gcc/arm-none-eabi/7.3.1/../../../../arm-none-eabi/lib/thumb/v7-m\libc_nano.a
LOAD c:/st/stm32cubeide_1.4.0/stm32cubeide/plugins/com.st.stm32cube.ide.mcu.externaltools.gnu-tools-for-stm32.7-2018-q2-update.win32_1.4.0.202007081208/tools/bin/../lib/gcc/arm-none-eabi/7.3.1/../../../../arm-none-eabi/lib/thumb/v7-m\libnosys.a
END GROUP
START GROUP
LOAD c:/st/stm32cubeide_1.4.0/stm32cubeide/plugins/com.st.stm32cube.ide.mcu.externaltools.gnu-tools-for-stm32.7-2018-q2-update.win32_1.4.0.202007081208/tools/bin/../lib/gcc/arm-none-eabi/7.3.1/thumb/v7-m\libgcc.a
LOAD c:/st/stm32cubeide_1.4.0/stm32cubeide/plugins/com.st.stm32cube.ide.mcu.externaltools.gnu-tools-for-stm32.7-2018-q2-update.win32_1.4.0.202007081208/tools/bin/../lib/gcc/arm-none-eabi/7.3.1/../../../../arm-none-eabi/lib/thumb/v7-m\libc_nano.a
LOAD c:/st/stm32cubeide_1.4.0/stm32cubeide/plugins/com.st.stm32cube.ide.mcu.externaltools.gnu-tools-for-stm32.7-2018-q2-update.win32_1.4.0.202007081208/tools/bin/../lib/gcc/arm-none-eabi/7.3.1/../../../../arm-none-eabi/lib/thumb/v7-m\libnosys.a
END GROUP
LOAD c:/st/stm32cubeide_1.4.0/stm32cubeide/plugins/com.st.stm32cube.ide.mcu.externaltools.gnu-tools-for-stm32.7-2018-q2-update.win32_1.4.0.202007081208/tools/bin/../lib/gcc/arm-none-eabi/7.3.1/thumb/v7-m/crtend.o
LOAD c:/st/stm32cubeide_1.4.0/stm32cubeide/plugins/com.st.stm32cube.ide.mcu.externaltools.gnu-tools-for-stm32.7-2018-q2-update.win32_1.4.0.202007081208/tools/bin/../lib/gcc/arm-none-eabi/7.3.1/thumb/v7-m/crtn.o
                0x0000000020002800                _estack = (ORIGIN (RAM) + LENGTH (RAM))
                0x0000000000000200                _Min_Heap_Size = 0x200
                0x0000000000000400                _Min_Stack_Size = 0x400

.isr_vector     0x0000000008000000      0x10c
                0x0000000008000000                . = ALIGN (0x4)
 *(.isr_vector)
 .isr_vector    0x0000000008000000      0x10c Core/Startup/startup_stm32f103c6tx.o
                0x0000000008000000                g_pfnVectors
                0x000000000800010c                . = ALIGN (0x4)

.text           0x000000000800010c      0xd94
                0x000000000800010c                . = ALIGN (0x4)
 *(.text)
 .text          0x000000000800010c       0x40 c:/st/stm32cubeide_1.4.0/stm32cubeide/plugins/com.st.stm32cube.ide.mcu.externaltools.gnu-tools-for-stm32.7-2018-q2-update.win32_1.4.0.202007081208/tools/bin/../lib/gcc/arm-none-eabi/7.3.1/thumb/v7-m/crtbegin.o
 .text          0x000000000800014c       0x14 c:/st/stm32cubeide_1.4.0/stm32cubeide/plugins/com.st.stm32cube.ide.mcu.externaltools.gnu-tools-for-stm32.7-2018-q2-update.win32_1.4.0.202007081208/tools/bin/../lib/gcc/arm-none-eabi/7.3.1/../../../../arm-none-eabi/lib/thumb/v7-m\libc_nano.a(lib_a-strcmp.o)
                0x000000000800014c                strcmp
 *(.text*)
 .text.task1    0x0000000008000160       0x68 Core/Src/main.o
                0x0000000008000160                task1
 .text.task2    0x00000000080001c8       0x50 Core/Src/main.o
                0x00000000080001c8                task2
 .text.task3    0x0000000008000218       0x50 Core/Src/main.o
                0x0000000008000218                task3
 .text.task4    0x0000000008000268       0x64 Core/Src/main.o
                0x0000000008000268                task4
 .text.main     0x00000000080002cc      0x18c Core/Src/main.o
                0x00000000080002cc                main
 .text.Reset_Handler
                0x0000000008000458       0x44 Core/Startup/startup_stm32f103c6tx.o
                0x0000000008000458                Reset_Handler
 .text.Default_Handler
                0x000000000800049c        0x2 Core/Startup/startup_stm32f103c6tx.o
                0x000000000800049c                RTC_Alarm_IRQHandler
                0x000000000800049c                EXTI2_IRQHandler
                0x000000000800049c                DebugMon_Handler
                0x000000000800049c                TIM1_CC_IRQHandler
                0x000000000800049c                PVD_IRQHandler
                0x000000000800049c                NMI_Handler
                0x000000000800049c                EXTI3_IRQHandler
                0x000000000800049c                EXTI0_IRQHandler
                0x000000000800049c                ADC1_2_IRQHandler
                0x000000000800049c                SPI1_IRQHandler
                0x000000000800049c                TAMPER_IRQHandler
                0x000000000800049c                DMA1_Channel4_IRQHandler
                0x000000000800049c                RTC_IRQHandler
                0x000000000800049c                DMA1_Channel7_IRQHandler
                0x000000000800049c                CAN1_RX1_IRQHandler
                0x000000000800049c                I2C1_EV_IRQHandler
                0x000000000800049c                DMA1_Channel6_IRQHandler
                0x000000000800049c                TIM3_IRQHandler
                0x000000000800049c                RCC_IRQHandler
                0x000000000800049c                TIM1_TRG_COM_IRQHandler
                0x000000000800049c                DMA1_Channel1_IRQHandler
                0x000000000800049c                Default_Handler
                0x000000000800049c                EXTI15_10_IRQHandler
                0x000000000800049c                EXTI9_5_IRQHandler
                0x000000000800049c                DMA1_Channel5_IRQHandler
                0x000000000800049c                EXTI4_IRQHandler
                0x000000000800049c                USB_LP_CAN1_RX0_IRQHandler
                0x000000000800049c                USB_HP_CAN1_TX_IRQHandler
                0x000000000800049c                DMA1_Channel3_IRQHandler
                0x000000000800049c                TIM1_UP_IRQHandler
                0x000000000800049c                WWDG_IRQHandler
                0x000000000800049c                TIM2_IRQHandler
                0x000000000800049c                TIM1_BRK_IRQHandler
                0x000000000800049c                EXTI1_IRQHandler
                0x000000000800049c                USART2_IRQHandler
                0x000000000800049c                DMA1_Channel2_IRQHandler
                0x000000000800049c                CAN1_SCE_IRQHandler
                0x000000000800049c                FLASH_IRQHandler
                0x000000000800049c                USART1_IRQHandler
                0x000000000800049c                I2C1_ER_IRQHandler
                0x000000000800049c                USBWakeUp_IRQHandler
 *fill*         0x000000000800049e        0x2 
 .text.__NVIC_SetPriority
                0x00000000080004a0       0x54 MYRTOS/CortexMX_OS_porting.o
 .text.HardFault_Handler
                0x00000000080004f4        0x6 MYRTOS/CortexMX_OS_porting.o
                0x00000000080004f4                HardFault_Handler
 .text.BusFault_Handler
                0x00000000080004fa        0x6 MYRTOS/CortexMX_OS_porting.o
                0x00000000080004fa                BusFault_Handler
 .text.UsageFault_Handler
                0x0000000008000500        0x6 MYRTOS/CortexMX_OS_porting.o
                0x0000000008000500                UsageFault_Handler
 .text.MemManage_Handler
                0x0000000008000506        0x6 MYRTOS/CortexMX_OS_porting.o
                0x0000000008000506                MemManage_Handler
 .text.SVC_Handler
                0x000000000800050c       0x14 MYRTOS/CortexMX_OS_porting.o
                0x000000000800050c                SVC_Handler
 .text.trigger_OS_PendSV
                0x0000000008000520       0x1c MYRTOS/CortexMX_OS_porting.o
                0x0000000008000520                trigger_OS_PendSV
 .text.HW_Init  0x000000000800053c       0x12 MYRTOS/CortexMX_OS_porting.o
                0x000000000800053c                HW_Init
 *fill*         0x000000000800054e        0x2 
 .text.SysTick_Handler
                0x0000000008000550       0x28 MYRTOS/CortexMX_OS_porting.o
                0x0000000008000550                SysTick_Handler
 .text.FIFO_init
                0x0000000008000578       0x40 MYRTOS/MYRTOS_FIFO.o
                0x0000000008000578                FIFO_init
 .text.FIFO_enqueue
                0x00000000080005b8       0x7a MYRTOS/MYRTOS_FIFO.o
                0x00000000080005b8                FIFO_enqueue
 .text.FIFO_dequeue
                0x0000000008000632       0x7a MYRTOS/MYRTOS_FIFO.o
                0x0000000008000632                FIFO_dequeue
 .text.FIFO_IS_FULL
                0x00000000080006ac       0x40 MYRTOS/MYRTOS_FIFO.o
                0x00000000080006ac                FIFO_IS_FULL
 .text.PendSV_Handler
                0x00000000080006ec      0x1c4 MYRTOS/Scheduler.o
                0x00000000080006ec                PendSV_Handler
 .text.bubbleSort
                0x00000000080008b0       0x90 MYRTOS/Scheduler.o
                0x00000000080008b0                bubbleSort
 .text.MyRTOS_Update_Schedule_table
                0x0000000008000940       0xc8 MYRTOS/Scheduler.o
                0x0000000008000940                MyRTOS_Update_Schedule_table
 .text.Decide_WhatNext
                0x0000000008000a08       0x98 MYRTOS/Scheduler.o
                0x0000000008000a08                Decide_WhatNext
 .text.OS_SVC   0x0000000008000aa0       0x6c MYRTOS/Scheduler.o
                0x0000000008000aa0                OS_SVC
 .text.MYRTOS_OS_SVC_Set
                0x0000000008000b0c       0x30 MYRTOS/Scheduler.o
                0x0000000008000b0c                MYRTOS_OS_SVC_Set
 .text.MYRTOS_IdleTask
                0x0000000008000b3c       0x1c MYRTOS/Scheduler.o
                0x0000000008000b3c                MYRTOS_IdleTask
 .text.MYRTOS_Create_MainStack
                0x0000000008000b58       0x3c MYRTOS/Scheduler.o
                0x0000000008000b58                MYRTOS_Create_MainStack
 .text.MYRTOS_init
                0x0000000008000b94       0x84 MYRTOS/Scheduler.o
                0x0000000008000b94                MYRTOS_init
 .text.MyRtos_Create_TaskStack
                0x0000000008000c18       0x7a MYRTOS/Scheduler.o
                0x0000000008000c18                MyRtos_Create_TaskStack
 *fill*         0x0000000008000c92        0x2 
 .text.MYRTOS_CreateTask
                0x0000000008000c94       0x78 MYRTOS/Scheduler.o
                0x0000000008000c94                MYRTOS_CreateTask
 .text.MYRTOS_ActivateTask
                0x0000000008000d0c       0x1c MYRTOS/Scheduler.o
                0x0000000008000d0c                MYRTOS_ActivateTask
 .text.MYRTOS_TerminateTask
                0x0000000008000d28       0x1c MYRTOS/Scheduler.o
                0x0000000008000d28                MYRTOS_TerminateTask
 .text.MYRTOS_Update_TaskWaitingTime
                0x0000000008000d44       0x84 MYRTOS/Scheduler.o
                0x0000000008000d44                MYRTOS_Update_TaskWaitingTime
 .text.MYRTOS_AcquireMutex
                0x0000000008000dc8       0x44 MYRTOS/Scheduler.o
                0x0000000008000dc8                MYRTOS_AcquireMutex
 .text.MYRTOS_ReleaseMutex
                0x0000000008000e0c       0x34 MYRTOS/Scheduler.o
                0x0000000008000e0c                MYRTOS_ReleaseMutex
 .text.__libc_init_array
                0x0000000008000e40       0x48 c:/st/stm32cubeide_1.4.0/stm32cubeide/plugins/com.st.stm32cube.ide.mcu.externaltools.gnu-tools-for-stm32.7-2018-q2-update.win32_1.4.0.202007081208/tools/bin/../lib/gcc/arm-none-eabi/7.3.1/../../../../arm-none-eabi/lib/thumb/v7-m\libc_nano.a(lib_a-init.o)
                0x0000000008000e40                __libc_init_array
 *(.glue_7)
 .glue_7        0x0000000008000e88        0x0 linker stubs
 *(.glue_7t)
 .glue_7t       0x0000000008000e88        0x0 linker stubs
 *(.eh_frame)
 .eh_frame      0x0000000008000e88        0x0 c:/st/stm32cubeide_1.4.0/stm32cubeide/plugins/com.st.stm32cube.ide.mcu.externaltools.gnu-tools-for-stm32.7-2018-q2-update.win32_1.4.0.202007081208/tools/bin/../lib/gcc/arm-none-eabi/7.3.1/thumb/v7-m/crtbegin.o
 *(.init)
 .init          0x0000000008000e88        0x4 c:/st/stm32cubeide_1.4.0/stm32cubeide/plugins/com.st.stm32cube.ide.mcu.externaltools.gnu-tools-for-stm32.7-2018-q2-update.win32_1.4.0.202007081208/tools/bin/../lib/gcc/arm-none-eabi/7.3.1/thumb/v7-m/crti.o
                0x0000000008000e88                _init
 .init          0x0000000008000e8c        0x8 c:/st/stm32cubeide_1.4.0/stm32cubeide/plugins/com.st.stm32cube.ide.mcu.externaltools.gnu-tools-for-stm32.7-2018-q2-update.win32_1.4.0.202007081208/tools/bin/../lib/gcc/arm-none-eabi/7.3.1/thumb/v7-m/crtn.o
 *(.fini)
 .fini          0x0000000008000e94        0x4 c:/st/stm32cubeide_1.4.0/stm32cubeide/plugins/com.st.stm32cube.ide.mcu.externaltools.gnu-tools-for-stm32.7-2018-q2-update.win32_1.4.0.202007081208/tools/bin/../lib/gcc/arm-none-eabi/7.3.1/thumb/v7-m/crti.o
                0x0000000008000e94                _fini
 .fini          0x0000000008000e98        0x8 c:/st/stm32cubeide_1.4.0/stm32cubeide/plugins/com.st.stm32cube.ide.mcu.externaltools.gnu-tools-for-stm32.7-2018-q2-update.win32_1.4.0.202007081208/tools/bin/../lib/gcc/arm-none-eabi/7.3.1/thumb/v7-m/crtn.o
                0x0000000008000ea0                . = ALIGN (0x4)
                0x0000000008000ea0                _etext = .

.vfp11_veneer   0x0000000008000ea0        0x0
 .vfp11_veneer  0x0000000008000ea0        0x0 linker stubs

.v4_bx          0x0000000008000ea0        0x0
 .v4_bx         0x0000000008000ea0        0x0 linker stubs

.iplt           0x0000000008000ea0        0x0
 .iplt          0x0000000008000ea0        0x0 c:/st/stm32cubeide_1.4.0/stm32cubeide/plugins/com.st.stm32cube.ide.mcu.externaltools.gnu-tools-for-stm32.7-2018-q2-update.win32_1.4.0.202007081208/tools/bin/../lib/gcc/arm-none-eabi/7.3.1/thumb/v7-m/crtbegin.o

.rodata         0x0000000008000ea0       0x58
                0x0000000008000ea0                . = ALIGN (0x4)
 *(.rodata)
 .rodata        0x0000000008000ea0       0x4b Core/Src/main.o
 *fill*         0x0000000008000eeb        0x1 
 .rodata        0x0000000008000eec        0x9 MYRTOS/Scheduler.o
 *(.rodata*)
                0x0000000008000ef8                . = ALIGN (0x4)
 *fill*         0x0000000008000ef5        0x3 

.rel.dyn        0x0000000008000ef8        0x0
 .rel.iplt      0x0000000008000ef8        0x0 c:/st/stm32cubeide_1.4.0/stm32cubeide/plugins/com.st.stm32cube.ide.mcu.externaltools.gnu-tools-for-stm32.7-2018-q2-update.win32_1.4.0.202007081208/tools/bin/../lib/gcc/arm-none-eabi/7.3.1/thumb/v7-m/crtbegin.o

.ARM.extab      0x0000000008000ef8        0x0
                0x0000000008000ef8                . = ALIGN (0x4)
 *(.ARM.extab* .gnu.linkonce.armextab.*)
                0x0000000008000ef8                . = ALIGN (0x4)

.ARM            0x0000000008000ef8        0x0
                0x0000000008000ef8                . = ALIGN (0x4)
                0x0000000008000ef8                __exidx_start = .
 *(.ARM.exidx*)
                0x0000000008000ef8                __exidx_end = .
                0x0000000008000ef8                . = ALIGN (0x4)

.preinit_array  0x0000000008000ef8        0x0
                0x0000000008000ef8                . = ALIGN (0x4)
                0x0000000008000ef8                PROVIDE (__preinit_array_start = .)
 *(.preinit_array*)
                0x0000000008000ef8                PROVIDE (__preinit_array_end = .)
                0x0000000008000ef8                . = ALIGN (0x4)

.init_array     0x0000000008000ef8        0x4
                0x0000000008000ef8                . = ALIGN (0x4)
                0x0000000008000ef8                PROVIDE (__init_array_start = .)
 *(SORT_BY_NAME(.init_array.*))
 *(.init_array*)
 .init_array    0x0000000008000ef8        0x4 c:/st/stm32cubeide_1.4.0/stm32cubeide/plugins/com.st.stm32cube.ide.mcu.externaltools.gnu-tools-for-stm32.7-2018-q2-update.win32_1.4.0.202007081208/tools/bin/../lib/gcc/arm-none-eabi/7.3.1/thumb/v7-m/crtbegin.o
                0x0000000008000efc                PROVIDE (__init_array_end = .)
                0x0000000008000efc                . = ALIGN (0x4)

.fini_array     0x0000000008000efc        0x4
                0x0000000008000efc                . = ALIGN (0x4)
                [!provide]                        PROVIDE (__fini_array_start = .)
 *(SORT_BY_NAME(.fini_array.*))
 *(.fini_array*)
 .fini_array    0x0000000008000efc        0x4 c:/st/stm32cubeide_1.4.0/stm32cubeide/plugins/com.st.stm32cube.ide.mcu.externaltools.gnu-tools-for-stm32.7-2018-q2-update.win32_1.4.0.202007081208/tools/bin/../lib/gcc/arm-none-eabi/7.3.1/thumb/v7-m/crtbegin.o
                [!provide]                        PROVIDE (__fini_array_end = .)
                0x0000000008000f00                . = ALIGN (0x4)
                0x0000000008000f00                _sidata = LOADADDR (.data)

.data           0x0000000020000000        0x8 load address 0x0000000008000f00
                0x0000000020000000                . = ALIGN (0x4)
                0x0000000020000000                _sdata = .
 *(.data)
 *(.data*)
 .data.payload  0x0000000020000000        0x3 Core/Src/main.o
                0x0000000020000000                payload
 *fill*         0x0000000020000003        0x1 
 .data.payload2
                0x0000000020000004        0x3 Core/Src/main.o
                0x0000000020000004                payload2
                0x0000000020000008                . = ALIGN (0x4)
 *fill*         0x0000000020000007        0x1 
                0x0000000020000008                _edata = .

.igot.plt       0x0000000020000008        0x0 load address 0x0000000008000f08
 .igot.plt      0x0000000020000008        0x0 c:/st/stm32cubeide_1.4.0/stm32cubeide/plugins/com.st.stm32cube.ide.mcu.externaltools.gnu-tools-for-stm32.7-2018-q2-update.win32_1.4.0.202007081208/tools/bin/../lib/gcc/arm-none-eabi/7.3.1/thumb/v7-m/crtbegin.o
                0x0000000020000008                . = ALIGN (0x4)

.bss            0x0000000020000008      0x544 load address 0x0000000008000f08
                0x0000000020000008                _sbss = .
                0x0000000020000008                __bss_start__ = _sbss
 *(.bss)
 .bss           0x0000000020000008       0x1c c:/st/stm32cubeide_1.4.0/stm32cubeide/plugins/com.st.stm32cube.ide.mcu.externaltools.gnu-tools-for-stm32.7-2018-q2-update.win32_1.4.0.202007081208/tools/bin/../lib/gcc/arm-none-eabi/7.3.1/thumb/v7-m/crtbegin.o
 *(.bss*)
 .bss.Count.5427
                0x0000000020000024        0x4 Core/Src/main.o
 .bss.Count.5431
                0x0000000020000028        0x4 Core/Src/main.o
 .bss.Count.5435
                0x000000002000002c        0x4 Core/Src/main.o
 .bss.Count.5439
                0x0000000020000030        0x4 Core/Src/main.o
 *(COMMON)
 COMMON         0x0000000020000034      0x17d Core/Src/main.o
                0x0000000020000034                Task4
                0x0000000020000078                Task3_LED
                0x000000002000007c                MUTEX1
                0x00000000200000ac                Task1
                0x00000000200000f0                Task1_LED
                0x00000000200000f4                MUTEX2
                0x0000000020000124                Task3
                0x0000000020000168                Task4_LED
                0x000000002000016c                Task2
                0x00000000200001b0                Task2_LED
 COMMON         0x00000000200001b1        0x1 MYRTOS/CortexMX_OS_porting.o
                0x00000000200001b1                Systick_LED
 *fill*         0x00000000200001b2        0x2 
 COMMON         0x00000000200001b4      0x398 MYRTOS/Scheduler.o
                0x00000000200001b4                OS_Control
                0x0000000020000360                IdleTask_LED
                0x0000000020000364                Ready_QUEUE
                0x0000000020000378                MYRTOS_idleTask
                0x00000000200003bc                Ready_QUEUE_FIFO
                0x000000002000054c                . = ALIGN (0x4)
                0x000000002000054c                _ebss = .
                0x000000002000054c                __bss_end__ = _ebss

._user_heap_stack
                0x000000002000054c      0x604 load address 0x0000000008000f08
                0x0000000020000550                . = ALIGN (0x8)
 *fill*         0x000000002000054c        0x4 
                [!provide]                        PROVIDE (end = .)
                0x0000000020000550                PROVIDE (_end = .)
                0x0000000020000750                . = (. + _Min_Heap_Size)
 *fill*         0x0000000020000550      0x200 
                0x0000000020000b50                . = (. + _Min_Stack_Size)
 *fill*         0x0000000020000750      0x400 
                0x0000000020000b50                . = ALIGN (0x8)
                0x0000000020000b50                _eheap = .

/DISCARD/
 libc.a(*)
 libm.a(*)
 libgcc.a(*)

.ARM.attributes
                0x0000000000000000       0x29
 *(.ARM.attributes)
 .ARM.attributes
                0x0000000000000000       0x1d c:/st/stm32cubeide_1.4.0/stm32cubeide/plugins/com.st.stm32cube.ide.mcu.externaltools.gnu-tools-for-stm32.7-2018-q2-update.win32_1.4.0.202007081208/tools/bin/../lib/gcc/arm-none-eabi/7.3.1/thumb/v7-m/crti.o
 .ARM.attributes
                0x000000000000001d       0x2d c:/st/stm32cubeide_1.4.0/stm32cubeide/plugins/com.st.stm32cube.ide.mcu.externaltools.gnu-tools-for-stm32.7-2018-q2-update.win32_1.4.0.202007081208/tools/bin/../lib/gcc/arm-none-eabi/7.3.1/thumb/v7-m/crtbegin.o
 .ARM.attributes
                0x000000000000004a       0x33 Core/Src/main.o
 .ARM.attributes
                0x000000000000007d       0x21 Core/Startup/startup_stm32f103c6tx.o
 .ARM.attributes
                0x000000000000009e       0x33 MYRTOS/CortexMX_OS_porting.o
 .ARM.attributes
                0x00000000000000d1       0x33 MYRTOS/MYRTOS_FIFO.o
 .ARM.attributes
                0x0000000000000104       0x33 MYRTOS/Scheduler.o
 .ARM.attributes
                0x0000000000000137       0x2d c:/st/stm32cubeide_1.4.0/stm32cubeide/plugins/com.st.stm32cube.ide.mcu.externaltools.gnu-tools-for-stm32.7-2018-q2-update.win32_1.4.0.202007081208/tools/bin/../lib/gcc/arm-none-eabi/7.3.1/../../../../arm-none-eabi/lib/thumb/v7-m\libc_nano.a(lib_a-init.o)
 .ARM.attributes
                0x0000000000000164       0x1b c:/st/stm32cubeide_1.4.0/stm32cubeide/plugins/com.st.stm32cube.ide.mcu.externaltools.gnu-tools-for-stm32.7-2018-q2-update.win32_1.4.0.202007081208/tools/bin/../lib/gcc/arm-none-eabi/7.3.1/../../../../arm-none-eabi/lib/thumb/v7-m\libc_nano.a(lib_a-strcmp.o)
 .ARM.attributes
                0x000000000000017f       0x1d c:/st/stm32cubeide_1.4.0/stm32cubeide/plugins/com.st.stm32cube.ide.mcu.externaltools.gnu-tools-for-stm32.7-2018-q2-update.win32_1.4.0.202007081208/tools/bin/../lib/gcc/arm-none-eabi/7.3.1/thumb/v7-m/crtn.o
OUTPUT(MYRTOS_Project.axf elf32-littlearm)

.debug_info     0x0000000000000000     0x2c93
 .debug_info    0x0000000000000000      0xc2f Core/Src/main.o
 .debug_info    0x0000000000000c2f       0x22 Core/Startup/startup_stm32f103c6tx.o
 .debug_info    0x0000000000000c51      0x5b1 MYRTOS/CortexMX_OS_porting.o
 .debug_info    0x0000000000001202      0xb8f MYRTOS/MYRTOS_FIFO.o
 .debug_info    0x0000000000001d91      0xf02 MYRTOS/Scheduler.o

.debug_abbrev   0x0000000000000000      0x960
 .debug_abbrev  0x0000000000000000      0x212 Core/Src/main.o
 .debug_abbrev  0x0000000000000212       0x12 Core/Startup/startup_stm32f103c6tx.o
 .debug_abbrev  0x0000000000000224      0x1cc MYRTOS/CortexMX_OS_porting.o
 .debug_abbrev  0x00000000000003f0      0x225 MYRTOS/MYRTOS_FIFO.o
 .debug_abbrev  0x0000000000000615      0x34b MYRTOS/Scheduler.o

.debug_aranges  0x0000000000000000      0x1c0
 .debug_aranges
                0x0000000000000000       0x40 Core/Src/main.o
 .debug_aranges
                0x0000000000000040       0x28 Core/Startup/startup_stm32f103c6tx.o
 .debug_aranges
                0x0000000000000068       0x70 MYRTOS/CortexMX_OS_porting.o
 .debug_aranges
                0x00000000000000d8       0x40 MYRTOS/MYRTOS_FIFO.o
 .debug_aranges
                0x0000000000000118       0xa8 MYRTOS/Scheduler.o

.debug_ranges   0x0000000000000000      0x178
 .debug_ranges  0x0000000000000000       0x30 Core/Src/main.o
 .debug_ranges  0x0000000000000030       0x20 Core/Startup/startup_stm32f103c6tx.o
 .debug_ranges  0x0000000000000050       0x60 MYRTOS/CortexMX_OS_porting.o
 .debug_ranges  0x00000000000000b0       0x30 MYRTOS/MYRTOS_FIFO.o
 .debug_ranges  0x00000000000000e0       0x98 MYRTOS/Scheduler.o

.debug_macro    0x0000000000000000     0x39a8
 .debug_macro   0x0000000000000000      0x1b6 Core/Src/main.o
 .debug_macro   0x00000000000001b6      0xa5a Core/Src/main.o
 .debug_macro   0x0000000000000c10       0x18 Core/Src/main.o
 .debug_macro   0x0000000000000c28       0x22 Core/Src/main.o
 .debug_macro   0x0000000000000c4a       0x40 Core/Src/main.o
 .debug_macro   0x0000000000000c8a       0x94 Core/Src/main.o
 .debug_macro   0x0000000000000d1e       0x3c Core/Src/main.o
 .debug_macro   0x0000000000000d5a       0x34 Core/Src/main.o
 .debug_macro   0x0000000000000d8e       0x16 Core/Src/main.o
 .debug_macro   0x0000000000000da4      0x10e Core/Src/main.o
 .debug_macro   0x0000000000000eb2       0x8d Core/Src/main.o
 .debug_macro   0x0000000000000f3f       0x57 Core/Src/main.o
 .debug_macro   0x0000000000000f96       0x52 Core/Src/main.o
 .debug_macro   0x0000000000000fe8       0x1f Core/Src/main.o
 .debug_macro   0x0000000000001007       0x43 Core/Src/main.o
 .debug_macro   0x000000000000104a       0x20 Core/Src/main.o
 .debug_macro   0x000000000000106a      0x1a3 Core/Src/main.o
 .debug_macro   0x000000000000120d      0x330 Core/Src/main.o
 .debug_macro   0x000000000000153d       0x16 Core/Src/main.o
 .debug_macro   0x0000000000001553       0x29 Core/Src/main.o
 .debug_macro   0x000000000000157c       0xef Core/Src/main.o
 .debug_macro   0x000000000000166b       0x6a Core/Src/main.o
 .debug_macro   0x00000000000016d5      0x1df Core/Src/main.o
 .debug_macro   0x00000000000018b4      0x1b0 Core/Src/main.o
 .debug_macro   0x0000000000001a64       0xd0 Core/Src/main.o
 .debug_macro   0x0000000000001b34      0x224 Core/Src/main.o
 .debug_macro   0x0000000000001d58       0x28 Core/Src/main.o
 .debug_macro   0x0000000000001d80       0x1c Core/Src/main.o
 .debug_macro   0x0000000000001d9c       0x22 Core/Src/main.o
 .debug_macro   0x0000000000001dbe       0xdf Core/Src/main.o
 .debug_macro   0x0000000000001e9d      0xe3c Core/Src/main.o
 .debug_macro   0x0000000000002cd9       0x2e Core/Src/main.o
 .debug_macro   0x0000000000002d07       0xbd MYRTOS/CortexMX_OS_porting.o
 .debug_macro   0x0000000000002dc4       0x8e MYRTOS/CortexMX_OS_porting.o
 .debug_macro   0x0000000000002e52       0x51 MYRTOS/CortexMX_OS_porting.o
 .debug_macro   0x0000000000002ea3       0xe5 MYRTOS/CortexMX_OS_porting.o
 .debug_macro   0x0000000000002f88      0x25b MYRTOS/MYRTOS_FIFO.o
 .debug_macro   0x00000000000031e3       0x16 MYRTOS/MYRTOS_FIFO.o
 .debug_macro   0x00000000000031f9       0x97 MYRTOS/MYRTOS_FIFO.o
 .debug_macro   0x0000000000003290       0xfd MYRTOS/MYRTOS_FIFO.o
 .debug_macro   0x000000000000338d       0x16 MYRTOS/MYRTOS_FIFO.o
 .debug_macro   0x00000000000033a3       0x20 MYRTOS/MYRTOS_FIFO.o
 .debug_macro   0x00000000000033c3       0x10 MYRTOS/MYRTOS_FIFO.o
 .debug_macro   0x00000000000033d3      0x265 MYRTOS/Scheduler.o
 .debug_macro   0x0000000000003638       0x46 MYRTOS/Scheduler.o
 .debug_macro   0x000000000000367e      0x32a MYRTOS/Scheduler.o

.debug_line     0x0000000000000000     0x1d8c
 .debug_line    0x0000000000000000      0x72a Core/Src/main.o
 .debug_line    0x000000000000072a       0x86 Core/Startup/startup_stm32f103c6tx.o
 .debug_line    0x00000000000007b0      0x56d MYRTOS/CortexMX_OS_porting.o
 .debug_line    0x0000000000000d1d      0x767 MYRTOS/MYRTOS_FIFO.o
 .debug_line    0x0000000000001484      0x908 MYRTOS/Scheduler.o

.debug_str      0x0000000000000000    0x10169
 .debug_str     0x0000000000000000     0xe890 Core/Src/main.o
                                       0xeb0e (size before relaxing)
 .debug_str     0x000000000000e890       0x36 Core/Startup/startup_stm32f103c6tx.o
                                         0x78 (size before relaxing)
 .debug_str     0x000000000000e8c6      0x31e MYRTOS/CortexMX_OS_porting.o
                                       0x99dd (size before relaxing)
 .debug_str     0x000000000000ebe4     0x1325 MYRTOS/MYRTOS_FIFO.o
                                       0xdcdc (size before relaxing)
 .debug_str     0x000000000000ff09      0x260 MYRTOS/Scheduler.o
                                       0xdfb8 (size before relaxing)

.comment        0x0000000000000000       0x7b
 .comment       0x0000000000000000       0x7b Core/Src/main.o
                                         0x7c (size before relaxing)
 .comment       0x000000000000007b       0x7c MYRTOS/CortexMX_OS_porting.o
 .comment       0x000000000000007b       0x7c MYRTOS/MYRTOS_FIFO.o
 .comment       0x000000000000007b       0x7c MYRTOS/Scheduler.o

.debug_frame    0x0000000000000000      0x570
 .debug_frame   0x0000000000000000       0xa4 Core/Src/main.o
 .debug_frame   0x00000000000000a4      0x140 MYRTOS/CortexMX_OS_porting.o
 .debug_frame   0x00000000000001e4       0xd0 MYRTOS/MYRTOS_FIFO.o
 .debug_frame   0x00000000000002b4      0x270 MYRTOS/Scheduler.o
 .debug_frame   0x0000000000000524       0x2c c:/st/stm32cubeide_1.4.0/stm32cubeide/plugins/com.st.stm32cube.ide.mcu.externaltools.gnu-tools-for-stm32.7-2018-q2-update.win32_1.4.0.202007081208/tools/bin/../lib/gcc/arm-none-eabi/7.3.1/../../../../arm-none-eabi/lib/thumb/v7-m\libc_nano.a(lib_a-init.o)
 .debug_frame   0x0000000000000550       0x20 c:/st/stm32cubeide_1.4.0/stm32cubeide/plugins/com.st.stm32cube.ide.mcu.externaltools.gnu-tools-for-stm32.7-2018-q2-update.win32_1.4.0.202007081208/tools/bin/../lib/gcc/arm-none-eabi/7.3.1/../../../../arm-none-eabi/lib/thumb/v7-m\libc_nano.a(lib_a-strcmp.o)
