
Memory Configuration

Name             Origin             Length             Attributes
flash            0x00000000         0x20000000         xr
sram             0x20000000         0x20000000         xrw
*default*        0x00000000         0xffffffff

Linker script and memory map


.text           0x00000000      0x144
 *(.vectors*)
 .vectors       0x00000000       0x1c startup.o
                0x00000000                g_p_fn_Vectors
 *(.text*)
 .text          0x0000001c       0x98 main.o
                0x0000001c                main
 .text          0x000000b4       0x90 startup.o
                0x000000b4                H_Fault_Handler
                0x000000b4                MM_Fault_Handler
                0x000000b4                Usage_Fault_Handler
                0x000000b4                Bus_Fault
                0x000000b4                Default_Handler
                0x000000b4                NMI_Handler
                0x000000c0                Reset_Handler
 *(.rodata)
                0x00000144                _E_text = .

.glue_7         0x00000144        0x0
 .glue_7        0x00000144        0x0 linker stubs

.glue_7t        0x00000144        0x0
 .glue_7t       0x00000144        0x0 linker stubs

.vfp11_veneer   0x00000144        0x0
 .vfp11_veneer  0x00000144        0x0 linker stubs

.v4_bx          0x00000144        0x0
 .v4_bx         0x00000144        0x0 linker stubs

.iplt           0x00000144        0x0
 .iplt          0x00000144        0x0 main.o

.rel.dyn        0x00000144        0x0
 .rel.iplt      0x00000144        0x0 main.o

.data           0x20000000        0x0 load address 0x00000144
                0x20000000                _S_DATA = .
 *(.data)
 .data          0x20000000        0x0 main.o
 .data          0x20000000        0x0 startup.o
                0x20000000                . = ALIGN (0x4)
                0x20000000                _E_DATA = .

.igot.plt       0x20000000        0x0 load address 0x00000144
 .igot.plt      0x20000000        0x0 main.o

.bss            0x20000000      0x400 load address 0x00000144
                0x20000000                _S_bss = .
 *(.bss)
 .bss           0x20000000        0x0 main.o
 .bss           0x20000000      0x400 startup.o
                0x20000400                . = ALIGN (0x4)
                0x20000400                _E_bss = .
LOAD main.o
LOAD startup.o
OUTPUT(uint3_lab4_cortexM4.elf elf32-littlearm)

.debug_info     0x00000000      0x23f
 .debug_info    0x00000000       0x9a main.o
 .debug_info    0x0000009a      0x1a5 startup.o

.debug_abbrev   0x00000000      0x136
 .debug_abbrev  0x00000000       0x5a main.o
 .debug_abbrev  0x0000005a       0xdc startup.o

.debug_loc      0x00000000       0xb4
 .debug_loc     0x00000000       0x38 main.o
 .debug_loc     0x00000038       0x7c startup.o

.debug_aranges  0x00000000       0x40
 .debug_aranges
                0x00000000       0x20 main.o
 .debug_aranges
                0x00000020       0x20 startup.o

.debug_line     0x00000000       0xcd
 .debug_line    0x00000000       0x64 main.o
 .debug_line    0x00000064       0x69 startup.o

.debug_str      0x00000000      0x18a
 .debug_str     0x00000000      0x104 main.o
                                0x138 (size before relaxing)
 .debug_str     0x00000104       0x86 startup.o
                                0x1a6 (size before relaxing)

.comment        0x00000000       0x7e
 .comment       0x00000000       0x7e main.o
                                 0x7f (size before relaxing)
 .comment       0x0000007e       0x7f startup.o

.ARM.attributes
                0x00000000       0x33
 .ARM.attributes
                0x00000000       0x33 main.o
 .ARM.attributes
                0x00000033       0x33 startup.o

.debug_frame    0x00000000       0x7c
 .debug_frame   0x00000000       0x2c main.o
 .debug_frame   0x0000002c       0x50 startup.o
