14:21:22 **** Build of configuration Debug for project MYRTOS_Project ****
make -j8 all 
arm-none-eabi-gcc "../MYRTOS/CortexMX_OS_porting.c" -mcpu=cortex-m3 -std=gnu11 -g3 -DUSE_HAL_DRIVER -DSTM32F103x6 -DDEBUG -c -I../Core/Inc -I"D:/Mastering Embedded Systems/MYRTOS_Project/MYRTOS_Project/MYRTOS/inc" -I"D:/Mastering Embedded Systems/MYRTOS_Project/MYRTOS_Project/Stm32_F103C6_Drivers/inc" -I../Drivers/STM32F1xx_HAL_Driver/Inc -I../Drivers/STM32F1xx_HAL_Driver/Inc/Legacy -I../Drivers/CMSIS/Device/ST/STM32F1xx/Include -I../Drivers/CMSIS/Include -O0 -ffunction-sections -fdata-sections -Wall -fstack-usage -MMD -MP -MF"MYRTOS/CortexMX_OS_porting.d" -MT"MYRTOS/CortexMX_OS_porting.o" --specs=nano.specs -mfloat-abi=soft -mthumb -o "MYRTOS/CortexMX_OS_porting.o"
arm-none-eabi-gcc "../MYRTOS/MYRTOS_FIFO.c" -mcpu=cortex-m3 -std=gnu11 -g3 -DUSE_HAL_DRIVER -DSTM32F103x6 -DDEBUG -c -I../Core/Inc -I"D:/Mastering Embedded Systems/MYRTOS_Project/MYRTOS_Project/MYRTOS/inc" -I"D:/Mastering Embedded Systems/MYRTOS_Project/MYRTOS_Project/Stm32_F103C6_Drivers/inc" -I../Drivers/STM32F1xx_HAL_Driver/Inc -I../Drivers/STM32F1xx_HAL_Driver/Inc/Legacy -I../Drivers/CMSIS/Device/ST/STM32F1xx/Include -I../Drivers/CMSIS/Include -O0 -ffunction-sections -fdata-sections -Wall -fstack-usage -MMD -MP -MF"MYRTOS/MYRTOS_FIFO.d" -MT"MYRTOS/MYRTOS_FIFO.o" --specs=nano.specs -mfloat-abi=soft -mthumb -o "MYRTOS/MYRTOS_FIFO.o"
arm-none-eabi-gcc "../MYRTOS/Scheduler.c" -mcpu=cortex-m3 -std=gnu11 -g3 -DUSE_HAL_DRIVER -DSTM32F103x6 -DDEBUG -c -I../Core/Inc -I"D:/Mastering Embedded Systems/MYRTOS_Project/MYRTOS_Project/MYRTOS/inc" -I"D:/Mastering Embedded Systems/MYRTOS_Project/MYRTOS_Project/Stm32_F103C6_Drivers/inc" -I../Drivers/STM32F1xx_HAL_Driver/Inc -I../Drivers/STM32F1xx_HAL_Driver/Inc/Legacy -I../Drivers/CMSIS/Device/ST/STM32F1xx/Include -I../Drivers/CMSIS/Include -O0 -ffunction-sections -fdata-sections -Wall -fstack-usage -MMD -MP -MF"MYRTOS/Scheduler.d" -MT"MYRTOS/Scheduler.o" --specs=nano.specs -mfloat-abi=soft -mthumb -o "MYRTOS/Scheduler.o"
arm-none-eabi-gcc "../Drivers/STM32F1xx_HAL_Driver/Src/stm32f1xx_hal.c" -mcpu=cortex-m3 -std=gnu11 -g3 -DUSE_HAL_DRIVER -DSTM32F103x6 -DDEBUG -c -I../Core/Inc -I"D:/Mastering Embedded Systems/MYRTOS_Project/MYRTOS_Project/MYRTOS/inc" -I"D:/Mastering Embedded Systems/MYRTOS_Project/MYRTOS_Project/Stm32_F103C6_Drivers/inc" -I../Drivers/STM32F1xx_HAL_Driver/Inc -I../Drivers/STM32F1xx_HAL_Driver/Inc/Legacy -I../Drivers/CMSIS/Device/ST/STM32F1xx/Include -I../Drivers/CMSIS/Include -O0 -ffunction-sections -fdata-sections -Wall -fstack-usage -MMD -MP -MF"Drivers/STM32F1xx_HAL_Driver/Src/stm32f1xx_hal.d" -MT"Drivers/STM32F1xx_HAL_Driver/Src/stm32f1xx_hal.o" --specs=nano.specs -mfloat-abi=soft -mthumb -o "Drivers/STM32F1xx_HAL_Driver/Src/stm32f1xx_hal.o"
arm-none-eabi-gcc "../Drivers/STM32F1xx_HAL_Driver/Src/stm32f1xx_hal_cortex.c" -mcpu=cortex-m3 -std=gnu11 -g3 -DUSE_HAL_DRIVER -DSTM32F103x6 -DDEBUG -c -I../Core/Inc -I"D:/Mastering Embedded Systems/MYRTOS_Project/MYRTOS_Project/MYRTOS/inc" -I"D:/Mastering Embedded Systems/MYRTOS_Project/MYRTOS_Project/Stm32_F103C6_Drivers/inc" -I../Drivers/STM32F1xx_HAL_Driver/Inc -I../Drivers/STM32F1xx_HAL_Driver/Inc/Legacy -I../Drivers/CMSIS/Device/ST/STM32F1xx/Include -I../Drivers/CMSIS/Include -O0 -ffunction-sections -fdata-sections -Wall -fstack-usage -MMD -MP -MF"Drivers/STM32F1xx_HAL_Driver/Src/stm32f1xx_hal_cortex.d" -MT"Drivers/STM32F1xx_HAL_Driver/Src/stm32f1xx_hal_cortex.o" --specs=nano.specs -mfloat-abi=soft -mthumb -o "Drivers/STM32F1xx_HAL_Driver/Src/stm32f1xx_hal_cortex.o"
arm-none-eabi-gcc "../Drivers/STM32F1xx_HAL_Driver/Src/stm32f1xx_hal_dma.c" -mcpu=cortex-m3 -std=gnu11 -g3 -DUSE_HAL_DRIVER -DSTM32F103x6 -DDEBUG -c -I../Core/Inc -I"D:/Mastering Embedded Systems/MYRTOS_Project/MYRTOS_Project/MYRTOS/inc" -I"D:/Mastering Embedded Systems/MYRTOS_Project/MYRTOS_Project/Stm32_F103C6_Drivers/inc" -I../Drivers/STM32F1xx_HAL_Driver/Inc -I../Drivers/STM32F1xx_HAL_Driver/Inc/Legacy -I../Drivers/CMSIS/Device/ST/STM32F1xx/Include -I../Drivers/CMSIS/Include -O0 -ffunction-sections -fdata-sections -Wall -fstack-usage -MMD -MP -MF"Drivers/STM32F1xx_HAL_Driver/Src/stm32f1xx_hal_dma.d" -MT"Drivers/STM32F1xx_HAL_Driver/Src/stm32f1xx_hal_dma.o" --specs=nano.specs -mfloat-abi=soft -mthumb -o "Drivers/STM32F1xx_HAL_Driver/Src/stm32f1xx_hal_dma.o"
arm-none-eabi-gcc "../Drivers/STM32F1xx_HAL_Driver/Src/stm32f1xx_hal_exti.c" -mcpu=cortex-m3 -std=gnu11 -g3 -DUSE_HAL_DRIVER -DSTM32F103x6 -DDEBUG -c -I../Core/Inc -I"D:/Mastering Embedded Systems/MYRTOS_Project/MYRTOS_Project/MYRTOS/inc" -I"D:/Mastering Embedded Systems/MYRTOS_Project/MYRTOS_Project/Stm32_F103C6_Drivers/inc" -I../Drivers/STM32F1xx_HAL_Driver/Inc -I../Drivers/STM32F1xx_HAL_Driver/Inc/Legacy -I../Drivers/CMSIS/Device/ST/STM32F1xx/Include -I../Drivers/CMSIS/Include -O0 -ffunction-sections -fdata-sections -Wall -fstack-usage -MMD -MP -MF"Drivers/STM32F1xx_HAL_Driver/Src/stm32f1xx_hal_exti.d" -MT"Drivers/STM32F1xx_HAL_Driver/Src/stm32f1xx_hal_exti.o" --specs=nano.specs -mfloat-abi=soft -mthumb -o "Drivers/STM32F1xx_HAL_Driver/Src/stm32f1xx_hal_exti.o"
arm-none-eabi-gcc "../Drivers/STM32F1xx_HAL_Driver/Src/stm32f1xx_hal_flash.c" -mcpu=cortex-m3 -std=gnu11 -g3 -DUSE_HAL_DRIVER -DSTM32F103x6 -DDEBUG -c -I../Core/Inc -I"D:/Mastering Embedded Systems/MYRTOS_Project/MYRTOS_Project/MYRTOS/inc" -I"D:/Mastering Embedded Systems/MYRTOS_Project/MYRTOS_Project/Stm32_F103C6_Drivers/inc" -I../Drivers/STM32F1xx_HAL_Driver/Inc -I../Drivers/STM32F1xx_HAL_Driver/Inc/Legacy -I../Drivers/CMSIS/Device/ST/STM32F1xx/Include -I../Drivers/CMSIS/Include -O0 -ffunction-sections -fdata-sections -Wall -fstack-usage -MMD -MP -MF"Drivers/STM32F1xx_HAL_Driver/Src/stm32f1xx_hal_flash.d" -MT"Drivers/STM32F1xx_HAL_Driver/Src/stm32f1xx_hal_flash.o" --specs=nano.specs -mfloat-abi=soft -mthumb -o "Drivers/STM32F1xx_HAL_Driver/Src/stm32f1xx_hal_flash.o"
arm-none-eabi-gcc "../Drivers/STM32F1xx_HAL_Driver/Src/stm32f1xx_hal_flash_ex.c" -mcpu=cortex-m3 -std=gnu11 -g3 -DUSE_HAL_DRIVER -DSTM32F103x6 -DDEBUG -c -I../Core/Inc -I"D:/Mastering Embedded Systems/MYRTOS_Project/MYRTOS_Project/MYRTOS/inc" -I"D:/Mastering Embedded Systems/MYRTOS_Project/MYRTOS_Project/Stm32_F103C6_Drivers/inc" -I../Drivers/STM32F1xx_HAL_Driver/Inc -I../Drivers/STM32F1xx_HAL_Driver/Inc/Legacy -I../Drivers/CMSIS/Device/ST/STM32F1xx/Include -I../Drivers/CMSIS/Include -O0 -ffunction-sections -fdata-sections -Wall -fstack-usage -MMD -MP -MF"Drivers/STM32F1xx_HAL_Driver/Src/stm32f1xx_hal_flash_ex.d" -MT"Drivers/STM32F1xx_HAL_Driver/Src/stm32f1xx_hal_flash_ex.o" --specs=nano.specs -mfloat-abi=soft -mthumb -o "Drivers/STM32F1xx_HAL_Driver/Src/stm32f1xx_hal_flash_ex.o"
arm-none-eabi-gcc "../Drivers/STM32F1xx_HAL_Driver/Src/stm32f1xx_hal_gpio.c" -mcpu=cortex-m3 -std=gnu11 -g3 -DUSE_HAL_DRIVER -DSTM32F103x6 -DDEBUG -c -I../Core/Inc -I"D:/Mastering Embedded Systems/MYRTOS_Project/MYRTOS_Project/MYRTOS/inc" -I"D:/Mastering Embedded Systems/MYRTOS_Project/MYRTOS_Project/Stm32_F103C6_Drivers/inc" -I../Drivers/STM32F1xx_HAL_Driver/Inc -I../Drivers/STM32F1xx_HAL_Driver/Inc/Legacy -I../Drivers/CMSIS/Device/ST/STM32F1xx/Include -I../Drivers/CMSIS/Include -O0 -ffunction-sections -fdata-sections -Wall -fstack-usage -MMD -MP -MF"Drivers/STM32F1xx_HAL_Driver/Src/stm32f1xx_hal_gpio.d" -MT"Drivers/STM32F1xx_HAL_Driver/Src/stm32f1xx_hal_gpio.o" --specs=nano.specs -mfloat-abi=soft -mthumb -o "Drivers/STM32F1xx_HAL_Driver/Src/stm32f1xx_hal_gpio.o"
arm-none-eabi-gcc "../Drivers/STM32F1xx_HAL_Driver/Src/stm32f1xx_hal_gpio_ex.c" -mcpu=cortex-m3 -std=gnu11 -g3 -DUSE_HAL_DRIVER -DSTM32F103x6 -DDEBUG -c -I../Core/Inc -I"D:/Mastering Embedded Systems/MYRTOS_Project/MYRTOS_Project/MYRTOS/inc" -I"D:/Mastering Embedded Systems/MYRTOS_Project/MYRTOS_Project/Stm32_F103C6_Drivers/inc" -I../Drivers/STM32F1xx_HAL_Driver/Inc -I../Drivers/STM32F1xx_HAL_Driver/Inc/Legacy -I../Drivers/CMSIS/Device/ST/STM32F1xx/Include -I../Drivers/CMSIS/Include -O0 -ffunction-sections -fdata-sections -Wall -fstack-usage -MMD -MP -MF"Drivers/STM32F1xx_HAL_Driver/Src/stm32f1xx_hal_gpio_ex.d" -MT"Drivers/STM32F1xx_HAL_Driver/Src/stm32f1xx_hal_gpio_ex.o" --specs=nano.specs -mfloat-abi=soft -mthumb -o "Drivers/STM32F1xx_HAL_Driver/Src/stm32f1xx_hal_gpio_ex.o"
arm-none-eabi-gcc "../Drivers/STM32F1xx_HAL_Driver/Src/stm32f1xx_hal_pwr.c" -mcpu=cortex-m3 -std=gnu11 -g3 -DUSE_HAL_DRIVER -DSTM32F103x6 -DDEBUG -c -I../Core/Inc -I"D:/Mastering Embedded Systems/MYRTOS_Project/MYRTOS_Project/MYRTOS/inc" -I"D:/Mastering Embedded Systems/MYRTOS_Project/MYRTOS_Project/Stm32_F103C6_Drivers/inc" -I../Drivers/STM32F1xx_HAL_Driver/Inc -I../Drivers/STM32F1xx_HAL_Driver/Inc/Legacy -I../Drivers/CMSIS/Device/ST/STM32F1xx/Include -I../Drivers/CMSIS/Include -O0 -ffunction-sections -fdata-sections -Wall -fstack-usage -MMD -MP -MF"Drivers/STM32F1xx_HAL_Driver/Src/stm32f1xx_hal_pwr.d" -MT"Drivers/STM32F1xx_HAL_Driver/Src/stm32f1xx_hal_pwr.o" --specs=nano.specs -mfloat-abi=soft -mthumb -o "Drivers/STM32F1xx_HAL_Driver/Src/stm32f1xx_hal_pwr.o"
arm-none-eabi-gcc "../Drivers/STM32F1xx_HAL_Driver/Src/stm32f1xx_hal_rcc.c" -mcpu=cortex-m3 -std=gnu11 -g3 -DUSE_HAL_DRIVER -DSTM32F103x6 -DDEBUG -c -I../Core/Inc -I"D:/Mastering Embedded Systems/MYRTOS_Project/MYRTOS_Project/MYRTOS/inc" -I"D:/Mastering Embedded Systems/MYRTOS_Project/MYRTOS_Project/Stm32_F103C6_Drivers/inc" -I../Drivers/STM32F1xx_HAL_Driver/Inc -I../Drivers/STM32F1xx_HAL_Driver/Inc/Legacy -I../Drivers/CMSIS/Device/ST/STM32F1xx/Include -I../Drivers/CMSIS/Include -O0 -ffunction-sections -fdata-sections -Wall -fstack-usage -MMD -MP -MF"Drivers/STM32F1xx_HAL_Driver/Src/stm32f1xx_hal_rcc.d" -MT"Drivers/STM32F1xx_HAL_Driver/Src/stm32f1xx_hal_rcc.o" --specs=nano.specs -mfloat-abi=soft -mthumb -o "Drivers/STM32F1xx_HAL_Driver/Src/stm32f1xx_hal_rcc.o"
arm-none-eabi-gcc "../Drivers/STM32F1xx_HAL_Driver/Src/stm32f1xx_hal_rcc_ex.c" -mcpu=cortex-m3 -std=gnu11 -g3 -DUSE_HAL_DRIVER -DSTM32F103x6 -DDEBUG -c -I../Core/Inc -I"D:/Mastering Embedded Systems/MYRTOS_Project/MYRTOS_Project/MYRTOS/inc" -I"D:/Mastering Embedded Systems/MYRTOS_Project/MYRTOS_Project/Stm32_F103C6_Drivers/inc" -I../Drivers/STM32F1xx_HAL_Driver/Inc -I../Drivers/STM32F1xx_HAL_Driver/Inc/Legacy -I../Drivers/CMSIS/Device/ST/STM32F1xx/Include -I../Drivers/CMSIS/Include -O0 -ffunction-sections -fdata-sections -Wall -fstack-usage -MMD -MP -MF"Drivers/STM32F1xx_HAL_Driver/Src/stm32f1xx_hal_rcc_ex.d" -MT"Drivers/STM32F1xx_HAL_Driver/Src/stm32f1xx_hal_rcc_ex.o" --specs=nano.specs -mfloat-abi=soft -mthumb -o "Drivers/STM32F1xx_HAL_Driver/Src/stm32f1xx_hal_rcc_ex.o"
arm-none-eabi-gcc "../Drivers/STM32F1xx_HAL_Driver/Src/stm32f1xx_hal_tim.c" -mcpu=cortex-m3 -std=gnu11 -g3 -DUSE_HAL_DRIVER -DSTM32F103x6 -DDEBUG -c -I../Core/Inc -I"D:/Mastering Embedded Systems/MYRTOS_Project/MYRTOS_Project/MYRTOS/inc" -I"D:/Mastering Embedded Systems/MYRTOS_Project/MYRTOS_Project/Stm32_F103C6_Drivers/inc" -I../Drivers/STM32F1xx_HAL_Driver/Inc -I../Drivers/STM32F1xx_HAL_Driver/Inc/Legacy -I../Drivers/CMSIS/Device/ST/STM32F1xx/Include -I../Drivers/CMSIS/Include -O0 -ffunction-sections -fdata-sections -Wall -fstack-usage -MMD -MP -MF"Drivers/STM32F1xx_HAL_Driver/Src/stm32f1xx_hal_tim.d" -MT"Drivers/STM32F1xx_HAL_Driver/Src/stm32f1xx_hal_tim.o" --specs=nano.specs -mfloat-abi=soft -mthumb -o "Drivers/STM32F1xx_HAL_Driver/Src/stm32f1xx_hal_tim.o"
arm-none-eabi-gcc "../Drivers/STM32F1xx_HAL_Driver/Src/stm32f1xx_hal_tim_ex.c" -mcpu=cortex-m3 -std=gnu11 -g3 -DUSE_HAL_DRIVER -DSTM32F103x6 -DDEBUG -c -I../Core/Inc -I"D:/Mastering Embedded Systems/MYRTOS_Project/MYRTOS_Project/MYRTOS/inc" -I"D:/Mastering Embedded Systems/MYRTOS_Project/MYRTOS_Project/Stm32_F103C6_Drivers/inc" -I../Drivers/STM32F1xx_HAL_Driver/Inc -I../Drivers/STM32F1xx_HAL_Driver/Inc/Legacy -I../Drivers/CMSIS/Device/ST/STM32F1xx/Include -I../Drivers/CMSIS/Include -O0 -ffunction-sections -fdata-sections -Wall -fstack-usage -MMD -MP -MF"Drivers/STM32F1xx_HAL_Driver/Src/stm32f1xx_hal_tim_ex.d" -MT"Drivers/STM32F1xx_HAL_Driver/Src/stm32f1xx_hal_tim_ex.o" --specs=nano.specs -mfloat-abi=soft -mthumb -o "Drivers/STM32F1xx_HAL_Driver/Src/stm32f1xx_hal_tim_ex.o"
arm-none-eabi-gcc -mcpu=cortex-m3 -g3 -c -x assembler-with-cpp -MMD -MP -MF"Core/Startup/startup_stm32f103c6tx.d" -MT"Core/Startup/startup_stm32f103c6tx.o" --specs=nano.specs -mfloat-abi=soft -mthumb -o "Core/Startup/startup_stm32f103c6tx.o" "../Core/Startup/startup_stm32f103c6tx.s"
arm-none-eabi-gcc "../Core/Src/main.c" -mcpu=cortex-m3 -std=gnu11 -g3 -DUSE_HAL_DRIVER -DSTM32F103x6 -DDEBUG -c -I../Core/Inc -I"D:/Mastering Embedded Systems/MYRTOS_Project/MYRTOS_Project/MYRTOS/inc" -I"D:/Mastering Embedded Systems/MYRTOS_Project/MYRTOS_Project/Stm32_F103C6_Drivers/inc" -I../Drivers/STM32F1xx_HAL_Driver/Inc -I../Drivers/STM32F1xx_HAL_Driver/Inc/Legacy -I../Drivers/CMSIS/Device/ST/STM32F1xx/Include -I../Drivers/CMSIS/Include -O0 -ffunction-sections -fdata-sections -Wall -fstack-usage -MMD -MP -MF"Core/Src/main.d" -MT"Core/Src/main.o" --specs=nano.specs -mfloat-abi=soft -mthumb -o "Core/Src/main.o"
arm-none-eabi-gcc "../Core/Src/stm32f1xx_hal_msp.c" -mcpu=cortex-m3 -std=gnu11 -g3 -DUSE_HAL_DRIVER -DSTM32F103x6 -DDEBUG -c -I../Core/Inc -I"D:/Mastering Embedded Systems/MYRTOS_Project/MYRTOS_Project/MYRTOS/inc" -I"D:/Mastering Embedded Systems/MYRTOS_Project/MYRTOS_Project/Stm32_F103C6_Drivers/inc" -I../Drivers/STM32F1xx_HAL_Driver/Inc -I../Drivers/STM32F1xx_HAL_Driver/Inc/Legacy -I../Drivers/CMSIS/Device/ST/STM32F1xx/Include -I../Drivers/CMSIS/Include -O0 -ffunction-sections -fdata-sections -Wall -fstack-usage -MMD -MP -MF"Core/Src/stm32f1xx_hal_msp.d" -MT"Core/Src/stm32f1xx_hal_msp.o" --specs=nano.specs -mfloat-abi=soft -mthumb -o "Core/Src/stm32f1xx_hal_msp.o"
arm-none-eabi-gcc "../Core/Src/stm32f1xx_it.c" -mcpu=cortex-m3 -std=gnu11 -g3 -DUSE_HAL_DRIVER -DSTM32F103x6 -DDEBUG -c -I../Core/Inc -I"D:/Mastering Embedded Systems/MYRTOS_Project/MYRTOS_Project/MYRTOS/inc" -I"D:/Mastering Embedded Systems/MYRTOS_Project/MYRTOS_Project/Stm32_F103C6_Drivers/inc" -I../Drivers/STM32F1xx_HAL_Driver/Inc -I../Drivers/STM32F1xx_HAL_Driver/Inc/Legacy -I../Drivers/CMSIS/Device/ST/STM32F1xx/Include -I../Drivers/CMSIS/Include -O0 -ffunction-sections -fdata-sections -Wall -fstack-usage -MMD -MP -MF"Core/Src/stm32f1xx_it.d" -MT"Core/Src/stm32f1xx_it.o" --specs=nano.specs -mfloat-abi=soft -mthumb -o "Core/Src/stm32f1xx_it.o"
../Core/Src/main.c:41:23: warning: initialization makes integer from pointer without a cast [-Wint-conversion]
 unsigned int _S_MSP = &_estack;
                       ^
../Core/Src/main.c: In function 'SVC_Handler':
../Core/Src/main.c:76:2: warning: implicit declaration of function 'SWITCH_CPU_AccessLevel' [-Wimplicit-function-declaration]
  SWITCH_CPU_AccessLevel(privileged);
  ^~~~~~~~~~~~~~~~~~~~~~
../Core/Src/main.c: At top level:
../Core/Src/main.c:83:6: warning: conflicting types for 'SWITCH_CPU_AccessLevel'
 void SWITCH_CPU_AccessLevel(enum CPUAccessLevel level)
      ^~~~~~~~~~~~~~~~~~~~~~
../Core/Src/main.c:76:2: note: previous implicit declaration of 'SWITCH_CPU_AccessLevel' was here
  SWITCH_CPU_AccessLevel(privileged);
  ^~~~~~~~~~~~~~~~~~~~~~
arm-none-eabi-gcc "../Core/Src/syscalls.c" -mcpu=cortex-m3 -std=gnu11 -g3 -DUSE_HAL_DRIVER -DSTM32F103x6 -DDEBUG -c -I../Core/Inc -I"D:/Mastering Embedded Systems/MYRTOS_Project/MYRTOS_Project/MYRTOS/inc" -I"D:/Mastering Embedded Systems/MYRTOS_Project/MYRTOS_Project/Stm32_F103C6_Drivers/inc" -I../Drivers/STM32F1xx_HAL_Driver/Inc -I../Drivers/STM32F1xx_HAL_Driver/Inc/Legacy -I../Drivers/CMSIS/Device/ST/STM32F1xx/Include -I../Drivers/CMSIS/Include -O0 -ffunction-sections -fdata-sections -Wall -fstack-usage -MMD -MP -MF"Core/Src/syscalls.d" -MT"Core/Src/syscalls.o" --specs=nano.specs -mfloat-abi=soft -mthumb -o "Core/Src/syscalls.o"
arm-none-eabi-gcc "../Core/Src/sysmem.c" -mcpu=cortex-m3 -std=gnu11 -g3 -DUSE_HAL_DRIVER -DSTM32F103x6 -DDEBUG -c -I../Core/Inc -I"D:/Mastering Embedded Systems/MYRTOS_Project/MYRTOS_Project/MYRTOS/inc" -I"D:/Mastering Embedded Systems/MYRTOS_Project/MYRTOS_Project/Stm32_F103C6_Drivers/inc" -I../Drivers/STM32F1xx_HAL_Driver/Inc -I../Drivers/STM32F1xx_HAL_Driver/Inc/Legacy -I../Drivers/CMSIS/Device/ST/STM32F1xx/Include -I../Drivers/CMSIS/Include -O0 -ffunction-sections -fdata-sections -Wall -fstack-usage -MMD -MP -MF"Core/Src/sysmem.d" -MT"Core/Src/sysmem.o" --specs=nano.specs -mfloat-abi=soft -mthumb -o "Core/Src/sysmem.o"
arm-none-eabi-gcc "../Core/Src/system_stm32f1xx.c" -mcpu=cortex-m3 -std=gnu11 -g3 -DUSE_HAL_DRIVER -DSTM32F103x6 -DDEBUG -c -I../Core/Inc -I"D:/Mastering Embedded Systems/MYRTOS_Project/MYRTOS_Project/MYRTOS/inc" -I"D:/Mastering Embedded Systems/MYRTOS_Project/MYRTOS_Project/Stm32_F103C6_Drivers/inc" -I../Drivers/STM32F1xx_HAL_Driver/Inc -I../Drivers/STM32F1xx_HAL_Driver/Inc/Legacy -I../Drivers/CMSIS/Device/ST/STM32F1xx/Include -I../Drivers/CMSIS/Include -O0 -ffunction-sections -fdata-sections -Wall -fstack-usage -MMD -MP -MF"Core/Src/system_stm32f1xx.d" -MT"Core/Src/system_stm32f1xx.o" --specs=nano.specs -mfloat-abi=soft -mthumb -o "Core/Src/system_stm32f1xx.o"
arm-none-eabi-gcc -o "MYRTOS_Project.axf" @"objects.list"   -mcpu=cortex-m3 -T"D:\Mastering Embedded Systems\MYRTOS_Project\MYRTOS_Project\STM32F103C6TX_FLASH.ld" --specs=nosys.specs -Wl,-Map="MYRTOS_Project.map" -Wl,--gc-sections -static --specs=nano.specs -mfloat-abi=soft -mthumb -Wl,--start-group -lc -lm -Wl,--end-group
Core/Src/stm32f1xx_it.o: In function `HardFault_Handler':
D:/Mastering Embedded Systems/MYRTOS_Project/MYRTOS_Project/Debug/../Core/Src/stm32f1xx_it.c:84: multiple definition of `HardFault_Handler'
Core/Src/main.o:D:/Mastering Embedded Systems/MYRTOS_Project/MYRTOS_Project/Debug/../Core/Src/main.c:60: first defined here
Core/Src/stm32f1xx_it.o: In function `BusFault_Handler':
D:/Mastering Embedded Systems/MYRTOS_Project/MYRTOS_Project/Debug/../Core/Src/stm32f1xx_it.c:114: multiple definition of `BusFault_Handler'
Core/Src/main.o:D:/Mastering Embedded Systems/MYRTOS_Project/MYRTOS_Project/Debug/../Core/Src/main.c:65: first defined here
Core/Src/stm32f1xx_it.o: In function `UsageFault_Handler':
D:/Mastering Embedded Systems/MYRTOS_Project/MYRTOS_Project/Debug/../Core/Src/stm32f1xx_it.c:129: multiple definition of `UsageFault_Handler'
Core/Src/main.o:D:/Mastering Embedded Systems/MYRTOS_Project/MYRTOS_Project/Debug/../Core/Src/main.c:70: first defined here
Core/Src/stm32f1xx_it.o: In function `SVC_Handler':
D:/Mastering Embedded Systems/MYRTOS_Project/MYRTOS_Project/Debug/../Core/Src/stm32f1xx_it.c:144: multiple definition of `SVC_Handler'
Core/Src/main.o:D:/Mastering Embedded Systems/MYRTOS_Project/MYRTOS_Project/Debug/../Core/Src/main.c:75: first defined here
collect2.exe: error: ld returned 1 exit status
make: *** [makefile:51: MYRTOS_Project.axf] Error 1
"make -j8 all" terminated with exit code 2. Build might be incomplete.
14:22:39 **** Incremental Build of configuration Debug for project MYRTOS_Project ****
make -j8 all 
arm-none-eabi-gcc -o "MYRTOS_Project.axf" @"objects.list"   -mcpu=cortex-m3 -T"D:\Mastering Embedded Systems\MYRTOS_Project\MYRTOS_Project\STM32F103C6TX_FLASH.ld" --specs=nosys.specs -Wl,-Map="MYRTOS_Project.map" -Wl,--gc-sections -static --specs=nano.specs -mfloat-abi=soft -mthumb -Wl,--start-group -lc -lm -Wl,--end-group
Core/Startup/startup_stm32f103c6tx.o: In function `LoopFillZerobss':
D:/Mastering Embedded Systems/MYRTOS_Project/MYRTOS_Project/Debug/../Core/Startup/startup_stm32f103c6tx.s:96: undefined reference to `SystemInit'
collect2.exe: error: ld returned 1 exit status
make: *** [makefile:51: MYRTOS_Project.axf] Error 1
"make -j8 all" terminated with exit code 2. Build might be incomplete.
14:23:20 **** Incremental Build of configuration Debug for project MYRTOS_Project ****
make -j8 all 
arm-none-eabi-gcc -mcpu=cortex-m3 -g3 -c -x assembler-with-cpp -MMD -MP -MF"Core/Startup/startup_stm32f103c6tx.d" -MT"Core/Startup/startup_stm32f103c6tx.o" --specs=nano.specs -mfloat-abi=soft -mthumb -o "Core/Startup/startup_stm32f103c6tx.o" "../Core/Startup/startup_stm32f103c6tx.s"
arm-none-eabi-gcc -o "MYRTOS_Project.axf" @"objects.list"   -mcpu=cortex-m3 -T"D:\Mastering Embedded Systems\MYRTOS_Project\MYRTOS_Project\STM32F103C6TX_FLASH.ld" --specs=nosys.specs -Wl,-Map="MYRTOS_Project.map" -Wl,--gc-sections -static --specs=nano.specs -mfloat-abi=soft -mthumb -Wl,--start-group -lc -lm -Wl,--end-group
Finished building target: MYRTOS_Project.axf
 
arm-none-eabi-size   MYRTOS_Project.axf 
arm-none-eabi-objdump -h -S  MYRTOS_Project.axf  > "MYRTOS_Project.list"
arm-none-eabi-objcopy  -O binary  MYRTOS_Project.axf  "MYRTOS_Project.bin"
   text	   data	    bss	    dec	    hex	filename
    640	      8	   1592	   2240	    8c0	MYRTOS_Project.axf
Finished building: default.size.stdout
 
Finished building: MYRTOS_Project.bin
Finished building: MYRTOS_Project.list
 
 
14:24:31 **** Incremental Build of configuration Debug for project MYRTOS_Project ****
make -j8 all 
arm-none-eabi-gcc -mcpu=cortex-m3 -g3 -c -I"D:/Mastering Embedded Systems/MYRTOS_Project/MYRTOS_Project/MYRTOS/inc" -I"D:/Mastering Embedded Systems/MYRTOS_Project/MYRTOS_Project/Stm32_F103C6_Drivers/inc" -x assembler-with-cpp -MMD -MP -MF"Core/Startup/startup_stm32f103c6tx.d" -MT"Core/Startup/startup_stm32f103c6tx.o" --specs=nano.specs -mfloat-abi=soft -mthumb -o "Core/Startup/startup_stm32f103c6tx.o" "../Core/Startup/startup_stm32f103c6tx.s"
arm-none-eabi-gcc "../Core/Src/main.c" -mcpu=cortex-m3 -std=gnu11 -g3 -DUSE_HAL_DRIVER -DSTM32F103x6 -DDEBUG -c -I../Core/Inc -I"D:/Mastering Embedded Systems/MYRTOS_Project/MYRTOS_Project/MYRTOS/inc" -I"D:/Mastering Embedded Systems/MYRTOS_Project/MYRTOS_Project/Stm32_F103C6_Drivers/inc" -I../Drivers/STM32F1xx_HAL_Driver/Inc -I../Drivers/STM32F1xx_HAL_Driver/Inc/Legacy -I../Drivers/CMSIS/Device/ST/STM32F1xx/Include -I../Drivers/CMSIS/Include -O0 -ffunction-sections -fdata-sections -Wall -fstack-usage -MMD -MP -MF"Core/Src/main.d" -MT"Core/Src/main.o" --specs=nano.specs -mfloat-abi=soft -mthumb -o "Core/Src/main.o"
../Core/Src/main.c:41:23: warning: initialization makes integer from pointer without a cast [-Wint-conversion]
 unsigned int _S_MSP = &_estack;
                       ^
../Core/Src/main.c: In function 'SVC_Handler':
../Core/Src/main.c:76:2: warning: implicit declaration of function 'SWITCH_CPU_AccessLevel' [-Wimplicit-function-declaration]
  SWITCH_CPU_AccessLevel(privileged);
  ^~~~~~~~~~~~~~~~~~~~~~
../Core/Src/main.c: At top level:
../Core/Src/main.c:83:6: warning: conflicting types for 'SWITCH_CPU_AccessLevel'
 void SWITCH_CPU_AccessLevel(enum CPUAccessLevel level)
      ^~~~~~~~~~~~~~~~~~~~~~
../Core/Src/main.c:76:2: note: previous implicit declaration of 'SWITCH_CPU_AccessLevel' was here
  SWITCH_CPU_AccessLevel(privileged);
  ^~~~~~~~~~~~~~~~~~~~~~
arm-none-eabi-gcc -o "MYRTOS_Project.axf" @"objects.list"   -mcpu=cortex-m3 -T"D:\Mastering Embedded Systems\MYRTOS_Project\MYRTOS_Project\STM32F103C6TX_FLASH.ld" --specs=nosys.specs -Wl,-Map="MYRTOS_Project.map" -Wl,--gc-sections -static --specs=nano.specs -mfloat-abi=soft -mthumb -Wl,--start-group -lc -lm -Wl,--end-group
Finished building target: MYRTOS_Project.axf
 
arm-none-eabi-objdump -h -S  MYRTOS_Project.axf  > "MYRTOS_Project.list"
arm-none-eabi-objcopy  -O binary  MYRTOS_Project.axf  "MYRTOS_Project.bin"
arm-none-eabi-size   MYRTOS_Project.axf 
   text	   data	    bss	    dec	    hex	filename
    640	      8	   1592	   2240	    8c0	MYRTOS_Project.axf
Finished building: default.size.stdout
 
Finished building: MYRTOS_Project.bin
Finished building: MYRTOS_Project.list
 
 
14:35:43 **** Incremental Build of configuration Debug for project MYRTOS_Project ****
make -j8 all 
arm-none-eabi-gcc "../MYRTOS/CortexMX_OS_porting.c" -mcpu=cortex-m3 -std=gnu11 -g3 -DUSE_HAL_DRIVER -DSTM32F103x6 -DDEBUG -c -I../Core/Inc -I"D:/Mastering Embedded Systems/MYRTOS_Project/MYRTOS_Project/CMSIS" -I"D:/Mastering Embedded Systems/MYRTOS_Project/MYRTOS_Project/MYRTOS/inc" -I"D:/Mastering Embedded Systems/MYRTOS_Project/MYRTOS_Project/Stm32_F103C6_Drivers/inc" -I../Drivers/STM32F1xx_HAL_Driver/Inc -I../Drivers/STM32F1xx_HAL_Driver/Inc/Legacy -I../Drivers/CMSIS/Device/ST/STM32F1xx/Include -I../Drivers/CMSIS/Include -O0 -ffunction-sections -fdata-sections -Wall -fstack-usage -MMD -MP -MF"MYRTOS/CortexMX_OS_porting.d" -MT"MYRTOS/CortexMX_OS_porting.o" --specs=nano.specs -mfloat-abi=soft -mthumb -o "MYRTOS/CortexMX_OS_porting.o"
arm-none-eabi-gcc "../MYRTOS/MYRTOS_FIFO.c" -mcpu=cortex-m3 -std=gnu11 -g3 -DUSE_HAL_DRIVER -DSTM32F103x6 -DDEBUG -c -I../Core/Inc -I"D:/Mastering Embedded Systems/MYRTOS_Project/MYRTOS_Project/CMSIS" -I"D:/Mastering Embedded Systems/MYRTOS_Project/MYRTOS_Project/MYRTOS/inc" -I"D:/Mastering Embedded Systems/MYRTOS_Project/MYRTOS_Project/Stm32_F103C6_Drivers/inc" -I../Drivers/STM32F1xx_HAL_Driver/Inc -I../Drivers/STM32F1xx_HAL_Driver/Inc/Legacy -I../Drivers/CMSIS/Device/ST/STM32F1xx/Include -I../Drivers/CMSIS/Include -O0 -ffunction-sections -fdata-sections -Wall -fstack-usage -MMD -MP -MF"MYRTOS/MYRTOS_FIFO.d" -MT"MYRTOS/MYRTOS_FIFO.o" --specs=nano.specs -mfloat-abi=soft -mthumb -o "MYRTOS/MYRTOS_FIFO.o"
arm-none-eabi-gcc "../MYRTOS/Scheduler.c" -mcpu=cortex-m3 -std=gnu11 -g3 -DUSE_HAL_DRIVER -DSTM32F103x6 -DDEBUG -c -I../Core/Inc -I"D:/Mastering Embedded Systems/MYRTOS_Project/MYRTOS_Project/CMSIS" -I"D:/Mastering Embedded Systems/MYRTOS_Project/MYRTOS_Project/MYRTOS/inc" -I"D:/Mastering Embedded Systems/MYRTOS_Project/MYRTOS_Project/Stm32_F103C6_Drivers/inc" -I../Drivers/STM32F1xx_HAL_Driver/Inc -I../Drivers/STM32F1xx_HAL_Driver/Inc/Legacy -I../Drivers/CMSIS/Device/ST/STM32F1xx/Include -I../Drivers/CMSIS/Include -O0 -ffunction-sections -fdata-sections -Wall -fstack-usage -MMD -MP -MF"MYRTOS/Scheduler.d" -MT"MYRTOS/Scheduler.o" --specs=nano.specs -mfloat-abi=soft -mthumb -o "MYRTOS/Scheduler.o"
arm-none-eabi-gcc "../Drivers/STM32F1xx_HAL_Driver/Src/stm32f1xx_hal.c" -mcpu=cortex-m3 -std=gnu11 -g3 -DUSE_HAL_DRIVER -DSTM32F103x6 -DDEBUG -c -I../Core/Inc -I"D:/Mastering Embedded Systems/MYRTOS_Project/MYRTOS_Project/CMSIS" -I"D:/Mastering Embedded Systems/MYRTOS_Project/MYRTOS_Project/MYRTOS/inc" -I"D:/Mastering Embedded Systems/MYRTOS_Project/MYRTOS_Project/Stm32_F103C6_Drivers/inc" -I../Drivers/STM32F1xx_HAL_Driver/Inc -I../Drivers/STM32F1xx_HAL_Driver/Inc/Legacy -I../Drivers/CMSIS/Device/ST/STM32F1xx/Include -I../Drivers/CMSIS/Include -O0 -ffunction-sections -fdata-sections -Wall -fstack-usage -MMD -MP -MF"Drivers/STM32F1xx_HAL_Driver/Src/stm32f1xx_hal.d" -MT"Drivers/STM32F1xx_HAL_Driver/Src/stm32f1xx_hal.o" --specs=nano.specs -mfloat-abi=soft -mthumb -o "Drivers/STM32F1xx_HAL_Driver/Src/stm32f1xx_hal.o"
arm-none-eabi-gcc "../Drivers/STM32F1xx_HAL_Driver/Src/stm32f1xx_hal_cortex.c" -mcpu=cortex-m3 -std=gnu11 -g3 -DUSE_HAL_DRIVER -DSTM32F103x6 -DDEBUG -c -I../Core/Inc -I"D:/Mastering Embedded Systems/MYRTOS_Project/MYRTOS_Project/CMSIS" -I"D:/Mastering Embedded Systems/MYRTOS_Project/MYRTOS_Project/MYRTOS/inc" -I"D:/Mastering Embedded Systems/MYRTOS_Project/MYRTOS_Project/Stm32_F103C6_Drivers/inc" -I../Drivers/STM32F1xx_HAL_Driver/Inc -I../Drivers/STM32F1xx_HAL_Driver/Inc/Legacy -I../Drivers/CMSIS/Device/ST/STM32F1xx/Include -I../Drivers/CMSIS/Include -O0 -ffunction-sections -fdata-sections -Wall -fstack-usage -MMD -MP -MF"Drivers/STM32F1xx_HAL_Driver/Src/stm32f1xx_hal_cortex.d" -MT"Drivers/STM32F1xx_HAL_Driver/Src/stm32f1xx_hal_cortex.o" --specs=nano.specs -mfloat-abi=soft -mthumb -o "Drivers/STM32F1xx_HAL_Driver/Src/stm32f1xx_hal_cortex.o"
arm-none-eabi-gcc "../Drivers/STM32F1xx_HAL_Driver/Src/stm32f1xx_hal_dma.c" -mcpu=cortex-m3 -std=gnu11 -g3 -DUSE_HAL_DRIVER -DSTM32F103x6 -DDEBUG -c -I../Core/Inc -I"D:/Mastering Embedded Systems/MYRTOS_Project/MYRTOS_Project/CMSIS" -I"D:/Mastering Embedded Systems/MYRTOS_Project/MYRTOS_Project/MYRTOS/inc" -I"D:/Mastering Embedded Systems/MYRTOS_Project/MYRTOS_Project/Stm32_F103C6_Drivers/inc" -I../Drivers/STM32F1xx_HAL_Driver/Inc -I../Drivers/STM32F1xx_HAL_Driver/Inc/Legacy -I../Drivers/CMSIS/Device/ST/STM32F1xx/Include -I../Drivers/CMSIS/Include -O0 -ffunction-sections -fdata-sections -Wall -fstack-usage -MMD -MP -MF"Drivers/STM32F1xx_HAL_Driver/Src/stm32f1xx_hal_dma.d" -MT"Drivers/STM32F1xx_HAL_Driver/Src/stm32f1xx_hal_dma.o" --specs=nano.specs -mfloat-abi=soft -mthumb -o "Drivers/STM32F1xx_HAL_Driver/Src/stm32f1xx_hal_dma.o"
arm-none-eabi-gcc "../Drivers/STM32F1xx_HAL_Driver/Src/stm32f1xx_hal_exti.c" -mcpu=cortex-m3 -std=gnu11 -g3 -DUSE_HAL_DRIVER -DSTM32F103x6 -DDEBUG -c -I../Core/Inc -I"D:/Mastering Embedded Systems/MYRTOS_Project/MYRTOS_Project/CMSIS" -I"D:/Mastering Embedded Systems/MYRTOS_Project/MYRTOS_Project/MYRTOS/inc" -I"D:/Mastering Embedded Systems/MYRTOS_Project/MYRTOS_Project/Stm32_F103C6_Drivers/inc" -I../Drivers/STM32F1xx_HAL_Driver/Inc -I../Drivers/STM32F1xx_HAL_Driver/Inc/Legacy -I../Drivers/CMSIS/Device/ST/STM32F1xx/Include -I../Drivers/CMSIS/Include -O0 -ffunction-sections -fdata-sections -Wall -fstack-usage -MMD -MP -MF"Drivers/STM32F1xx_HAL_Driver/Src/stm32f1xx_hal_exti.d" -MT"Drivers/STM32F1xx_HAL_Driver/Src/stm32f1xx_hal_exti.o" --specs=nano.specs -mfloat-abi=soft -mthumb -o "Drivers/STM32F1xx_HAL_Driver/Src/stm32f1xx_hal_exti.o"
arm-none-eabi-gcc "../Drivers/STM32F1xx_HAL_Driver/Src/stm32f1xx_hal_flash.c" -mcpu=cortex-m3 -std=gnu11 -g3 -DUSE_HAL_DRIVER -DSTM32F103x6 -DDEBUG -c -I../Core/Inc -I"D:/Mastering Embedded Systems/MYRTOS_Project/MYRTOS_Project/CMSIS" -I"D:/Mastering Embedded Systems/MYRTOS_Project/MYRTOS_Project/MYRTOS/inc" -I"D:/Mastering Embedded Systems/MYRTOS_Project/MYRTOS_Project/Stm32_F103C6_Drivers/inc" -I../Drivers/STM32F1xx_HAL_Driver/Inc -I../Drivers/STM32F1xx_HAL_Driver/Inc/Legacy -I../Drivers/CMSIS/Device/ST/STM32F1xx/Include -I../Drivers/CMSIS/Include -O0 -ffunction-sections -fdata-sections -Wall -fstack-usage -MMD -MP -MF"Drivers/STM32F1xx_HAL_Driver/Src/stm32f1xx_hal_flash.d" -MT"Drivers/STM32F1xx_HAL_Driver/Src/stm32f1xx_hal_flash.o" --specs=nano.specs -mfloat-abi=soft -mthumb -o "Drivers/STM32F1xx_HAL_Driver/Src/stm32f1xx_hal_flash.o"
In file included from D:/Mastering Embedded Systems/MYRTOS_Project/MYRTOS_Project/CMSIS/core_cm3.h:24:0,
                 from ../Drivers/CMSIS/Device/ST/STM32F1xx/Include/stm32f103x6.h:127,
                 from ../Drivers/CMSIS/Device/ST/STM32F1xx/Include/stm32f1xx.h:129,
                 from ../Drivers/STM32F1xx_HAL_Driver/Inc/stm32f1xx_hal_def.h:30,
                 from ../Drivers/STM32F1xx_HAL_Driver/Inc/stm32f1xx_hal_rcc.h:29,
                 from ../Core/Inc/stm32f1xx_hal_conf.h:237,
                 from ../Drivers/STM32F1xx_HAL_Driver/Inc/stm32f1xx_hal.h:30,
                 from ../Drivers/STM32F1xx_HAL_Driver/Src/stm32f1xx_hal.c:36:
D:/Mastering Embedded Systems/MYRTOS_Project/MYRTOS_Project/CMSIS/ARMCM3.h:39:3: error: redeclaration of enumerator 'NonMaskableInt_IRQn'
   NonMaskableInt_IRQn           = -14,     /*  2 Non Maskable Interrupt */
   ^~~~~~~~~~~~~~~~~~~
In file included from ../Drivers/CMSIS/Device/ST/STM32F1xx/Include/stm32f1xx.h:129:0,
                 from ../Drivers/STM32F1xx_HAL_Driver/Inc/stm32f1xx_hal_def.h:30,
                 from ../Drivers/STM32F1xx_HAL_Driver/Inc/stm32f1xx_hal_rcc.h:29,
                 from ../Core/Inc/stm32f1xx_hal_conf.h:237,
                 from ../Drivers/STM32F1xx_HAL_Driver/Inc/stm32f1xx_hal.h:30,
                 from ../Drivers/STM32F1xx_HAL_Driver/Src/stm32f1xx_hal.c:36:
../Drivers/CMSIS/Device/ST/STM32F1xx/Include/stm32f103x6.h:72:3: note: previous definition of 'NonMaskableInt_IRQn' was here
   NonMaskableInt_IRQn         = -14,    /*!< 2 Non Maskable Interrupt                             */
   ^~~~~~~~~~~~~~~~~~~
In file included from D:/Mastering Embedded Systems/MYRTOS_Project/MYRTOS_Project/CMSIS/core_cm3.h:24:0,
                 from ../Drivers/CMSIS/Device/ST/STM32F1xx/Include/stm32f103x6.h:127,
                 from ../Drivers/CMSIS/Device/ST/STM32F1xx/Include/stm32f1xx.h:129,
                 from ../Drivers/STM32F1xx_HAL_Driver/Inc/stm32f1xx_hal_def.h:30,
                 from ../Drivers/STM32F1xx_HAL_Driver/Inc/stm32f1xx_hal_rcc.h:29,
                 from ../Core/Inc/stm32f1xx_hal_conf.h:237,
                 from ../Drivers/STM32F1xx_HAL_Driver/Inc/stm32f1xx_hal.h:30,
                 from ../Drivers/STM32F1xx_HAL_Driver/Src/stm32f1xx_hal.c:36:
D:/Mastering Embedded Systems/MYRTOS_Project/MYRTOS_Project/CMSIS/ARMCM3.h:40:3: error: redeclaration of enumerator 'HardFault_IRQn'
   HardFault_IRQn                = -13,     /*  3 HardFault Interrupt */
   ^~~~~~~~~~~~~~
In file included from ../Drivers/CMSIS/Device/ST/STM32F1xx/Include/stm32f1xx.h:129:0,
                 from ../Drivers/STM32F1xx_HAL_Driver/Inc/stm32f1xx_hal_def.h:30,
                 from ../Drivers/STM32F1xx_HAL_Driver/Inc/stm32f1xx_hal_rcc.h:29,
                 from ../Core/Inc/stm32f1xx_hal_conf.h:237,
                 from ../Drivers/STM32F1xx_HAL_Driver/Inc/stm32f1xx_hal.h:30,
                 from ../Drivers/STM32F1xx_HAL_Driver/Src/stm32f1xx_hal.c:36:
../Drivers/CMSIS/Device/ST/STM32F1xx/Include/stm32f103x6.h:73:3: note: previous definition of 'HardFault_IRQn' was here
   HardFault_IRQn              = -13,    /*!< 3 Cortex-M3 Hard Fault Interrupt                     */
   ^~~~~~~~~~~~~~
In file included from D:/Mastering Embedded Systems/MYRTOS_Project/MYRTOS_Project/CMSIS/core_cm3.h:24:0,
                 from ../Drivers/CMSIS/Device/ST/STM32F1xx/Include/stm32f103x6.h:127,
                 from ../Drivers/CMSIS/Device/ST/STM32F1xx/Include/stm32f1xx.h:129,
                 from ../Drivers/STM32F1xx_HAL_Driver/Inc/stm32f1xx_hal_def.h:30,
                 from ../Drivers/STM32F1xx_HAL_Driver/Inc/stm32f1xx_hal_rcc.h:29,
                 from ../Core/Inc/stm32f1xx_hal_conf.h:237,
                 from ../Drivers/STM32F1xx_HAL_Driver/Inc/stm32f1xx_hal.h:30,
                 from ../Drivers/STM32F1xx_HAL_Driver/Src/stm32f1xx_hal.c:36:
D:/Mastering Embedded Systems/MYRTOS_Project/MYRTOS_Project/CMSIS/ARMCM3.h:41:3: error: redeclaration of enumerator 'MemoryManagement_IRQn'
   MemoryManagement_IRQn         = -12,     /*  4 Memory Management Interrupt */
   ^~~~~~~~~~~~~~~~~~~~~
In file included from D:/Mastering Embedded Systems/MYRTOS_Project/MYRTOS_Project/CMSIS/core_cm3.h:24:0,
                 from ../Drivers/CMSIS/Device/ST/STM32F1xx/Include/stm32f103x6.h:127,
                 from ../Drivers/CMSIS/Device/ST/STM32F1xx/Include/stm32f1xx.h:129,
                 from ../Drivers/STM32F1xx_HAL_Driver/Inc/stm32f1xx_hal_def.h:30,
                 from ../Drivers/STM32F1xx_HAL_Driver/Inc/stm32f1xx_hal_rcc.h:29,
                 from ../Core/Inc/stm32f1xx_hal_conf.h:237,
                 from ../Drivers/STM32F1xx_HAL_Driver/Inc/stm32f1xx_hal.h:30,
                 from ../Drivers/STM32F1xx_HAL_Driver/Src/stm32f1xx_hal_exti.c:87:
D:/Mastering Embedded Systems/MYRTOS_Project/MYRTOS_Project/CMSIS/ARMCM3.h:39:3: error: redeclaration of enumerator 'NonMaskableInt_IRQn'
   NonMaskableInt_IRQn           = -14,     /*  2 Non Maskable Interrupt */
   ^~~~~~~~~~~~~~~~~~~
In file included from ../Drivers/CMSIS/Device/ST/STM32F1xx/Include/stm32f1xx.h:129:0,
                 from ../Drivers/STM32F1xx_HAL_Driver/Inc/stm32f1xx_hal_def.h:30,
                 from ../Drivers/STM32F1xx_HAL_Driver/Inc/stm32f1xx_hal_rcc.h:29,
                 from ../Core/Inc/stm32f1xx_hal_conf.h:237,
                 from ../Drivers/STM32F1xx_HAL_Driver/Inc/stm32f1xx_hal.h:30,
                 from ../Drivers/STM32F1xx_HAL_Driver/Src/stm32f1xx_hal_exti.c:87:
../Drivers/CMSIS/Device/ST/STM32F1xx/Include/stm32f103x6.h:72:3: note: previous definition of 'NonMaskableInt_IRQn' was here
   NonMaskableInt_IRQn         = -14,    /*!< 2 Non Maskable Interrupt                             */
   ^~~~~~~~~~~~~~~~~~~
In file included from D:/Mastering Embedded Systems/MYRTOS_Project/MYRTOS_Project/CMSIS/core_cm3.h:24:0,
                 from ../Drivers/CMSIS/Device/ST/STM32F1xx/Include/stm32f103x6.h:127,
                 from ../Drivers/CMSIS/Device/ST/STM32F1xx/Include/stm32f1xx.h:129,
                 from ../Drivers/STM32F1xx_HAL_Driver/Inc/stm32f1xx_hal_def.h:30,
                 from ../Drivers/STM32F1xx_HAL_Driver/Inc/stm32f1xx_hal_rcc.h:29,
                 from ../Core/Inc/stm32f1xx_hal_conf.h:237,
                 from ../Drivers/STM32F1xx_HAL_Driver/Inc/stm32f1xx_hal.h:30,
                 from ../Drivers/STM32F1xx_HAL_Driver/Src/stm32f1xx_hal_cortex.c:83:
D:/Mastering Embedded Systems/MYRTOS_Project/MYRTOS_Project/CMSIS/ARMCM3.h:39:3: error: redeclaration of enumerator 'NonMaskableInt_IRQn'
   NonMaskableInt_IRQn           = -14,     /*  2 Non Maskable Interrupt */
   ^~~~~~~~~~~~~~~~~~~
In file included from D:/Mastering Embedded Systems/MYRTOS_Project/MYRTOS_Project/CMSIS/core_cm3.h:24:0,
                 from ../Drivers/CMSIS/Device/ST/STM32F1xx/Include/stm32f103x6.h:127,
                 from ../Drivers/CMSIS/Device/ST/STM32F1xx/Include/stm32f1xx.h:129,
                 from ../Drivers/STM32F1xx_HAL_Driver/Inc/stm32f1xx_hal_def.h:30,
                 from ../Drivers/STM32F1xx_HAL_Driver/Inc/stm32f1xx_hal_rcc.h:29,
                 from ../Core/Inc/stm32f1xx_hal_conf.h:237,
                 from ../Drivers/STM32F1xx_HAL_Driver/Inc/stm32f1xx_hal.h:30,
                 from ../Drivers/STM32F1xx_HAL_Driver/Src/stm32f1xx_hal_flash.c:85:
D:/Mastering Embedded Systems/MYRTOS_Project/MYRTOS_Project/CMSIS/ARMCM3.h:39:3: error: redeclaration of enumerator 'NonMaskableInt_IRQn'
   NonMaskableInt_IRQn           = -14,     /*  2 Non Maskable Interrupt */
   ^~~~~~~~~~~~~~~~~~~
In file included from D:/Mastering Embedded Systems/MYRTOS_Project/MYRTOS_Project/CMSIS/core_cm3.h:24:0,
                 from ../Drivers/CMSIS/Device/ST/STM32F1xx/Include/stm32f103x6.h:127,
                 from ../Drivers/CMSIS/Device/ST/STM32F1xx/Include/stm32f1xx.h:129,
                 from ../Drivers/STM32F1xx_HAL_Driver/Inc/stm32f1xx_hal_def.h:30,
                 from ../Drivers/STM32F1xx_HAL_Driver/Inc/stm32f1xx_hal_rcc.h:29,
                 from ../Core/Inc/stm32f1xx_hal_conf.h:237,
                 from ../Drivers/STM32F1xx_HAL_Driver/Inc/stm32f1xx_hal.h:30,
                 from ../Drivers/STM32F1xx_HAL_Driver/Src/stm32f1xx_hal_exti.c:87:
D:/Mastering Embedded Systems/MYRTOS_Project/MYRTOS_Project/CMSIS/ARMCM3.h:40:3: error: redeclaration of enumerator 'HardFault_IRQn'
   HardFault_IRQn                = -13,     /*  3 HardFault Interrupt */
   ^~~~~~~~~~~~~~
In file included from ../Drivers/CMSIS/Device/ST/STM32F1xx/Include/stm32f1xx.h:129:0,
                 from ../Drivers/STM32F1xx_HAL_Driver/Inc/stm32f1xx_hal_def.h:30,
                 from ../Drivers/STM32F1xx_HAL_Driver/Inc/stm32f1xx_hal_rcc.h:29,
                 from ../Core/Inc/stm32f1xx_hal_conf.h:237,
                 from ../Drivers/STM32F1xx_HAL_Driver/Inc/stm32f1xx_hal.h:30,
                 from ../Drivers/STM32F1xx_HAL_Driver/Src/stm32f1xx_hal.c:36:
../Drivers/CMSIS/Device/ST/STM32F1xx/Include/stm32f103x6.h:74:3: note: previous definition of 'MemoryManagement_IRQn' was here
   MemoryManagement_IRQn       = -12,    /*!< 4 Cortex-M3 Memory Management Interrupt              */
   ^~~~~~~~~~~~~~~~~~~~~
In file included from ../Drivers/CMSIS/Device/ST/STM32F1xx/Include/stm32f1xx.h:129:0,
                 from ../Drivers/STM32F1xx_HAL_Driver/Inc/stm32f1xx_hal_def.h:30,
                 from ../Drivers/STM32F1xx_HAL_Driver/Inc/stm32f1xx_hal_rcc.h:29,
                 from ../Core/Inc/stm32f1xx_hal_conf.h:237,
                 from ../Drivers/STM32F1xx_HAL_Driver/Inc/stm32f1xx_hal.h:30,
                 from ../Drivers/STM32F1xx_HAL_Driver/Src/stm32f1xx_hal_cortex.c:83:
../Drivers/CMSIS/Device/ST/STM32F1xx/Include/stm32f103x6.h:72:3: note: previous definition of 'NonMaskableInt_IRQn' was here
   NonMaskableInt_IRQn         = -14,    /*!< 2 Non Maskable Interrupt                             */
   ^~~~~~~~~~~~~~~~~~~
In file included from ../Drivers/CMSIS/Device/ST/STM32F1xx/Include/stm32f1xx.h:129:0,
                 from ../Drivers/STM32F1xx_HAL_Driver/Inc/stm32f1xx_hal_def.h:30,
                 from ../Drivers/STM32F1xx_HAL_Driver/Inc/stm32f1xx_hal_rcc.h:29,
                 from ../Core/Inc/stm32f1xx_hal_conf.h:237,
                 from ../Drivers/STM32F1xx_HAL_Driver/Inc/stm32f1xx_hal.h:30,
                 from ../Drivers/STM32F1xx_HAL_Driver/Src/stm32f1xx_hal_exti.c:87:
../Drivers/CMSIS/Device/ST/STM32F1xx/Include/stm32f103x6.h:73:3: note: previous definition of 'HardFault_IRQn' was here
   HardFault_IRQn              = -13,    /*!< 3 Cortex-M3 Hard Fault Interrupt                     */
   ^~~~~~~~~~~~~~
In file included from D:/Mastering Embedded Systems/MYRTOS_Project/MYRTOS_Project/CMSIS/core_cm3.h:24:0,
                 from ../Drivers/CMSIS/Device/ST/STM32F1xx/Include/stm32f103x6.h:127,
                 from ../Drivers/CMSIS/Device/ST/STM32F1xx/Include/stm32f1xx.h:129,
                 from ../Drivers/STM32F1xx_HAL_Driver/Inc/stm32f1xx_hal_def.h:30,
                 from ../Drivers/STM32F1xx_HAL_Driver/Inc/stm32f1xx_hal_rcc.h:29,
                 from ../Core/Inc/stm32f1xx_hal_conf.h:237,
                 from ../Drivers/STM32F1xx_HAL_Driver/Inc/stm32f1xx_hal.h:30,
                 from ../Drivers/STM32F1xx_HAL_Driver/Src/stm32f1xx_hal_dma.c:85:
D:/Mastering Embedded Systems/MYRTOS_Project/MYRTOS_Project/CMSIS/ARMCM3.h:39:3: error: redeclaration of enumerator 'NonMaskableInt_IRQn'
   NonMaskableInt_IRQn           = -14,     /*  2 Non Maskable Interrupt */
   ^~~~~~~~~~~~~~~~~~~
In file included from ../Drivers/CMSIS/Device/ST/STM32F1xx/Include/stm32f1xx.h:129:0,
                 from ../Drivers/STM32F1xx_HAL_Driver/Inc/stm32f1xx_hal_def.h:30,
                 from ../Drivers/STM32F1xx_HAL_Driver/Inc/stm32f1xx_hal_rcc.h:29,
                 from ../Core/Inc/stm32f1xx_hal_conf.h:237,
                 from ../Drivers/STM32F1xx_HAL_Driver/Inc/stm32f1xx_hal.h:30,
                 from ../Drivers/STM32F1xx_HAL_Driver/Src/stm32f1xx_hal_flash.c:85:
../Drivers/CMSIS/Device/ST/STM32F1xx/Include/stm32f103x6.h:72:3: note: previous definition of 'NonMaskableInt_IRQn' was here
   NonMaskableInt_IRQn         = -14,    /*!< 2 Non Maskable Interrupt                             */
   ^~~~~~~~~~~~~~~~~~~
In file included from D:/Mastering Embedded Systems/MYRTOS_Project/MYRTOS_Project/CMSIS/core_cm3.h:24:0,
                 from ../Drivers/CMSIS/Device/ST/STM32F1xx/Include/stm32f103x6.h:127,
                 from ../Drivers/CMSIS/Device/ST/STM32F1xx/Include/stm32f1xx.h:129,
                 from ../Drivers/STM32F1xx_HAL_Driver/Inc/stm32f1xx_hal_def.h:30,
                 from ../Drivers/STM32F1xx_HAL_Driver/Inc/stm32f1xx_hal_rcc.h:29,
                 from ../Core/Inc/stm32f1xx_hal_conf.h:237,
                 from ../Drivers/STM32F1xx_HAL_Driver/Inc/stm32f1xx_hal.h:30,
                 from ../Drivers/STM32F1xx_HAL_Driver/Src/stm32f1xx_hal_flash.c:85:
D:/Mastering Embedded Systems/MYRTOS_Project/MYRTOS_Project/CMSIS/ARMCM3.h:40:3: error: redeclaration of enumerator 'HardFault_IRQn'
   HardFault_IRQn                = -13,     /*  3 HardFault Interrupt */
   ^~~~~~~~~~~~~~
In file included from D:/Mastering Embedded Systems/MYRTOS_Project/MYRTOS_Project/CMSIS/core_cm3.h:24:0,
                 from ../Drivers/CMSIS/Device/ST/STM32F1xx/Include/stm32f103x6.h:127,
                 from ../Drivers/CMSIS/Device/ST/STM32F1xx/Include/stm32f1xx.h:129,
                 from ../Drivers/STM32F1xx_HAL_Driver/Inc/stm32f1xx_hal_def.h:30,
                 from ../Drivers/STM32F1xx_HAL_Driver/Inc/stm32f1xx_hal_rcc.h:29,
                 from ../Core/Inc/stm32f1xx_hal_conf.h:237,
                 from ../Drivers/STM32F1xx_HAL_Driver/Inc/stm32f1xx_hal.h:30,
                 from ../Drivers/STM32F1xx_HAL_Driver/Src/stm32f1xx_hal_exti.c:87:
D:/Mastering Embedded Systems/MYRTOS_Project/MYRTOS_Project/CMSIS/ARMCM3.h:41:3: error: redeclaration of enumerator 'MemoryManagement_IRQn'
   MemoryManagement_IRQn         = -12,     /*  4 Memory Management Interrupt */
   ^~~~~~~~~~~~~~~~~~~~~
In file included from ../Drivers/CMSIS/Device/ST/STM32F1xx/Include/stm32f1xx.h:129:0,
                 from ../Drivers/STM32F1xx_HAL_Driver/Inc/stm32f1xx_hal_def.h:30,
                 from ../Drivers/STM32F1xx_HAL_Driver/Inc/stm32f1xx_hal_rcc.h:29,
                 from ../Core/Inc/stm32f1xx_hal_conf.h:237,
                 from ../Drivers/STM32F1xx_HAL_Driver/Inc/stm32f1xx_hal.h:30,
                 from ../Drivers/STM32F1xx_HAL_Driver/Src/stm32f1xx_hal_exti.c:87:
../Drivers/CMSIS/Device/ST/STM32F1xx/Include/stm32f103x6.h:74:3: note: previous definition of 'MemoryManagement_IRQn' was here
   MemoryManagement_IRQn       = -12,    /*!< 4 Cortex-M3 Memory Management Interrupt              */
   ^~~~~~~~~~~~~~~~~~~~~
In file included from D:/Mastering Embedded Systems/MYRTOS_Project/MYRTOS_Project/CMSIS/core_cm3.h:24:0,
                 from ../Drivers/CMSIS/Device/ST/STM32F1xx/Include/stm32f103x6.h:127,
                 from ../Drivers/CMSIS/Device/ST/STM32F1xx/Include/stm32f1xx.h:129,
                 from ../Drivers/STM32F1xx_HAL_Driver/Inc/stm32f1xx_hal_def.h:30,
                 from ../Drivers/STM32F1xx_HAL_Driver/Inc/stm32f1xx_hal_rcc.h:29,
                 from ../Core/Inc/stm32f1xx_hal_conf.h:237,
                 from ../Drivers/STM32F1xx_HAL_Driver/Inc/stm32f1xx_hal.h:30,
                 from ../Drivers/STM32F1xx_HAL_Driver/Src/stm32f1xx_hal.c:36:
D:/Mastering Embedded Systems/MYRTOS_Project/MYRTOS_Project/CMSIS/ARMCM3.h:42:3: error: redeclaration of enumerator 'BusFault_IRQn'
   BusFault_IRQn                 = -11,     /*  5 Bus Fault Interrupt */
   ^~~~~~~~~~~~~
In file included from ../Drivers/CMSIS/Device/ST/STM32F1xx/Include/stm32f1xx.h:129:0,
                 from ../Drivers/STM32F1xx_HAL_Driver/Inc/stm32f1xx_hal_def.h:30,
                 from ../Drivers/STM32F1xx_HAL_Driver/Inc/stm32f1xx_hal_rcc.h:29,
                 from ../Core/Inc/stm32f1xx_hal_conf.h:237,
                 from ../Drivers/STM32F1xx_HAL_Driver/Inc/stm32f1xx_hal.h:30,
                 from ../Drivers/STM32F1xx_HAL_Driver/Src/stm32f1xx_hal_dma.c:85:
../Drivers/CMSIS/Device/ST/STM32F1xx/Include/stm32f103x6.h:72:3: note: previous definition of 'NonMaskableInt_IRQn' was here
   NonMaskableInt_IRQn         = -14,    /*!< 2 Non Maskable Interrupt                             */
   ^~~~~~~~~~~~~~~~~~~
In file included from ../Drivers/CMSIS/Device/ST/STM32F1xx/Include/stm32f1xx.h:129:0,
                 from ../Drivers/STM32F1xx_HAL_Driver/Inc/stm32f1xx_hal_def.h:30,
                 from ../Drivers/STM32F1xx_HAL_Driver/Inc/stm32f1xx_hal_rcc.h:29,
                 from ../Core/Inc/stm32f1xx_hal_conf.h:237,
                 from ../Drivers/STM32F1xx_HAL_Driver/Inc/stm32f1xx_hal.h:30,
                 from ../Drivers/STM32F1xx_HAL_Driver/Src/stm32f1xx_hal_flash.c:85:
../Drivers/CMSIS/Device/ST/STM32F1xx/Include/stm32f103x6.h:73:3: note: previous definition of 'HardFault_IRQn' was here
   HardFault_IRQn              = -13,    /*!< 3 Cortex-M3 Hard Fault Interrupt                     */
   ^~~~~~~~~~~~~~
In file included from D:/Mastering Embedded Systems/MYRTOS_Project/MYRTOS_Project/CMSIS/core_cm3.h:24:0,
                 from ../Drivers/CMSIS/Device/ST/STM32F1xx/Include/stm32f103x6.h:127,
                 from ../Drivers/CMSIS/Device/ST/STM32F1xx/Include/stm32f1xx.h:129,
                 from ../Drivers/STM32F1xx_HAL_Driver/Inc/stm32f1xx_hal_def.h:30,
                 from ../Drivers/STM32F1xx_HAL_Driver/Inc/stm32f1xx_hal_rcc.h:29,
                 from ../Core/Inc/stm32f1xx_hal_conf.h:237,
                 from ../Drivers/STM32F1xx_HAL_Driver/Inc/stm32f1xx_hal.h:30,
                 from ../Drivers/STM32F1xx_HAL_Driver/Src/stm32f1xx_hal_cortex.c:83:
D:/Mastering Embedded Systems/MYRTOS_Project/MYRTOS_Project/CMSIS/ARMCM3.h:40:3: error: redeclaration of enumerator 'HardFault_IRQn'
   HardFault_IRQn                = -13,     /*  3 HardFault Interrupt */
   ^~~~~~~~~~~~~~
In file included from D:/Mastering Embedded Systems/MYRTOS_Project/MYRTOS_Project/CMSIS/core_cm3.h:24:0,
                 from ../Drivers/CMSIS/Device/ST/STM32F1xx/Include/stm32f103x6.h:127,
                 from ../Drivers/CMSIS/Device/ST/STM32F1xx/Include/stm32f1xx.h:129,
                 from ../Drivers/STM32F1xx_HAL_Driver/Inc/stm32f1xx_hal_def.h:30,
                 from ../Drivers/STM32F1xx_HAL_Driver/Inc/stm32f1xx_hal_rcc.h:29,
                 from ../Core/Inc/stm32f1xx_hal_conf.h:237,
                 from ../Drivers/STM32F1xx_HAL_Driver/Inc/stm32f1xx_hal.h:30,
                 from ../Drivers/STM32F1xx_HAL_Driver/Src/stm32f1xx_hal_exti.c:87:
D:/Mastering Embedded Systems/MYRTOS_Project/MYRTOS_Project/CMSIS/ARMCM3.h:42:3: error: redeclaration of enumerator 'BusFault_IRQn'
   BusFault_IRQn                 = -11,     /*  5 Bus Fault Interrupt */
   ^~~~~~~~~~~~~
In file included from ../Drivers/CMSIS/Device/ST/STM32F1xx/Include/stm32f1xx.h:129:0,
                 from ../Drivers/STM32F1xx_HAL_Driver/Inc/stm32f1xx_hal_def.h:30,
                 from ../Drivers/STM32F1xx_HAL_Driver/Inc/stm32f1xx_hal_rcc.h:29,
                 from ../Core/Inc/stm32f1xx_hal_conf.h:237,
                 from ../Drivers/STM32F1xx_HAL_Driver/Inc/stm32f1xx_hal.h:30,
                 from ../Drivers/STM32F1xx_HAL_Driver/Src/stm32f1xx_hal.c:36:
../Drivers/CMSIS/Device/ST/STM32F1xx/Include/stm32f103x6.h:75:3: note: previous definition of 'BusFault_IRQn' was here
   BusFault_IRQn               = -11,    /*!< 5 Cortex-M3 Bus Fault Interrupt                      */
   ^~~~~~~~~~~~~
In file included from D:/Mastering Embedded Systems/MYRTOS_Project/MYRTOS_Project/CMSIS/core_cm3.h:24:0,
                 from ../Drivers/CMSIS/Device/ST/STM32F1xx/Include/stm32f103x6.h:127,
                 from ../Drivers/CMSIS/Device/ST/STM32F1xx/Include/stm32f1xx.h:129,
                 from ../Drivers/STM32F1xx_HAL_Driver/Inc/stm32f1xx_hal_def.h:30,
                 from ../Drivers/STM32F1xx_HAL_Driver/Inc/stm32f1xx_hal_rcc.h:29,
                 from ../Core/Inc/stm32f1xx_hal_conf.h:237,
                 from ../Drivers/STM32F1xx_HAL_Driver/Inc/stm32f1xx_hal.h:30,
                 from ../Drivers/STM32F1xx_HAL_Driver/Src/stm32f1xx_hal_flash.c:85:
D:/Mastering Embedded Systems/MYRTOS_Project/MYRTOS_Project/CMSIS/ARMCM3.h:41:3: error: redeclaration of enumerator 'MemoryManagement_IRQn'
   MemoryManagement_IRQn         = -12,     /*  4 Memory Management Interrupt */
   ^~~~~~~~~~~~~~~~~~~~~
In file included from ../Drivers/CMSIS/Device/ST/STM32F1xx/Include/stm32f1xx.h:129:0,
                 from ../Drivers/STM32F1xx_HAL_Driver/Inc/stm32f1xx_hal_def.h:30,
                 from ../Drivers/STM32F1xx_HAL_Driver/Inc/stm32f1xx_hal_rcc.h:29,
                 from ../Core/Inc/stm32f1xx_hal_conf.h:237,
                 from ../Drivers/STM32F1xx_HAL_Driver/Inc/stm32f1xx_hal.h:30,
                 from ../Drivers/STM32F1xx_HAL_Driver/Src/stm32f1xx_hal_cortex.c:83:
../Drivers/CMSIS/Device/ST/STM32F1xx/Include/stm32f103x6.h:73:3: note: previous definition of 'HardFault_IRQn' was here
   HardFault_IRQn              = -13,    /*!< 3 Cortex-M3 Hard Fault Interrupt                     */
   ^~~~~~~~~~~~~~
In file included from ../Drivers/CMSIS/Device/ST/STM32F1xx/Include/stm32f1xx.h:129:0,
                 from ../Drivers/STM32F1xx_HAL_Driver/Inc/stm32f1xx_hal_def.h:30,
                 from ../Drivers/STM32F1xx_HAL_Driver/Inc/stm32f1xx_hal_rcc.h:29,
                 from ../Core/Inc/stm32f1xx_hal_conf.h:237,
                 from ../Drivers/STM32F1xx_HAL_Driver/Inc/stm32f1xx_hal.h:30,
                 from ../Drivers/STM32F1xx_HAL_Driver/Src/stm32f1xx_hal_flash.c:85:
../Drivers/CMSIS/Device/ST/STM32F1xx/Include/stm32f103x6.h:74:3: note: previous definition of 'MemoryManagement_IRQn' was here
   MemoryManagement_IRQn       = -12,    /*!< 4 Cortex-M3 Memory Management Interrupt              */
   ^~~~~~~~~~~~~~~~~~~~~
In file included from ../Drivers/CMSIS/Device/ST/STM32F1xx/Include/stm32f1xx.h:129:0,
                 from ../Drivers/STM32F1xx_HAL_Driver/Inc/stm32f1xx_hal_def.h:30,
                 from ../Drivers/STM32F1xx_HAL_Driver/Inc/stm32f1xx_hal_rcc.h:29,
                 from ../Core/Inc/stm32f1xx_hal_conf.h:237,
                 from ../Drivers/STM32F1xx_HAL_Driver/Inc/stm32f1xx_hal.h:30,
                 from ../Drivers/STM32F1xx_HAL_Driver/Src/stm32f1xx_hal_exti.c:87:
../Drivers/CMSIS/Device/ST/STM32F1xx/Include/stm32f103x6.h:75:3: note: previous definition of 'BusFault_IRQn' was here
   BusFault_IRQn               = -11,    /*!< 5 Cortex-M3 Bus Fault Interrupt                      */
   ^~~~~~~~~~~~~
In file included from D:/Mastering Embedded Systems/MYRTOS_Project/MYRTOS_Project/CMSIS/core_cm3.h:24:0,
                 from ../Drivers/CMSIS/Device/ST/STM32F1xx/Include/stm32f103x6.h:127,
                 from ../Drivers/CMSIS/Device/ST/STM32F1xx/Include/stm32f1xx.h:129,
                 from ../Drivers/STM32F1xx_HAL_Driver/Inc/stm32f1xx_hal_def.h:30,
                 from ../Drivers/STM32F1xx_HAL_Driver/Inc/stm32f1xx_hal_rcc.h:29,
                 from ../Core/Inc/stm32f1xx_hal_conf.h:237,
                 from ../Drivers/STM32F1xx_HAL_Driver/Inc/stm32f1xx_hal.h:30,
                 from ../Drivers/STM32F1xx_HAL_Driver/Src/stm32f1xx_hal.c:36:
D:/Mastering Embedded Systems/MYRTOS_Project/MYRTOS_Project/CMSIS/ARMCM3.h:43:3: error: redeclaration of enumerator 'UsageFault_IRQn'
   UsageFault_IRQn               = -10,     /*  6 Usage Fault Interrupt */
   ^~~~~~~~~~~~~~~
In file included from D:/Mastering Embedded Systems/MYRTOS_Project/MYRTOS_Project/CMSIS/core_cm3.h:24:0,
                 from ../Drivers/CMSIS/Device/ST/STM32F1xx/Include/stm32f103x6.h:127,
                 from ../Drivers/CMSIS/Device/ST/STM32F1xx/Include/stm32f1xx.h:129,
                 from ../Drivers/STM32F1xx_HAL_Driver/Inc/stm32f1xx_hal_def.h:30,
                 from ../Drivers/STM32F1xx_HAL_Driver/Inc/stm32f1xx_hal_rcc.h:29,
                 from ../Core/Inc/stm32f1xx_hal_conf.h:237,
                 from ../Drivers/STM32F1xx_HAL_Driver/Inc/stm32f1xx_hal.h:30,
                 from ../Drivers/STM32F1xx_HAL_Driver/Src/stm32f1xx_hal_dma.c:85:
D:/Mastering Embedded Systems/MYRTOS_Project/MYRTOS_Project/CMSIS/ARMCM3.h:40:3: error: redeclaration of enumerator 'HardFault_IRQn'
   HardFault_IRQn                = -13,     /*  3 HardFault Interrupt */
   ^~~~~~~~~~~~~~
In file included from ../Drivers/CMSIS/Device/ST/STM32F1xx/Include/stm32f1xx.h:129:0,
                 from ../Drivers/STM32F1xx_HAL_Driver/Inc/stm32f1xx_hal_def.h:30,
                 from ../Drivers/STM32F1xx_HAL_Driver/Inc/stm32f1xx_hal_rcc.h:29,
                 from ../Core/Inc/stm32f1xx_hal_conf.h:237,
                 from ../Drivers/STM32F1xx_HAL_Driver/Inc/stm32f1xx_hal.h:30,
                 from ../Drivers/STM32F1xx_HAL_Driver/Src/stm32f1xx_hal_dma.c:85:
../Drivers/CMSIS/Device/ST/STM32F1xx/Include/stm32f103x6.h:73:3: note: previous definition of 'HardFault_IRQn' was here
   HardFault_IRQn              = -13,    /*!< 3 Cortex-M3 Hard Fault Interrupt                     */
   ^~~~~~~~~~~~~~
In file included from D:/Mastering Embedded Systems/MYRTOS_Project/MYRTOS_Project/CMSIS/core_cm3.h:24:0,
                 from ../Drivers/CMSIS/Device/ST/STM32F1xx/Include/stm32f103x6.h:127,
                 from ../Drivers/CMSIS/Device/ST/STM32F1xx/Include/stm32f1xx.h:129,
                 from ../Drivers/STM32F1xx_HAL_Driver/Inc/stm32f1xx_hal_def.h:30,
                 from ../Drivers/STM32F1xx_HAL_Driver/Inc/stm32f1xx_hal_rcc.h:29,
                 from ../Core/Inc/stm32f1xx_hal_conf.h:237,
                 from ../Drivers/STM32F1xx_HAL_Driver/Inc/stm32f1xx_hal.h:30,
arm-none-eabi-gcc "../Drivers/STM32F1xx_HAL_Driver/Src/stm32f1xx_hal_flash_ex.c" -mcpu=cortex-m3 -std=gnu11 -g3 -DUSE_HAL_DRIVER -DSTM32F103x6 -DDEBUG -c -I../Core/Inc -I"D:/Mastering Embedded Systems/MYRTOS_Project/MYRTOS_Project/CMSIS" -I"D:/Mastering Embedded Systems/MYRTOS_Project/MYRTOS_Project/MYRTOS/inc" -I"D:/Mastering Embedded Systems/MYRTOS_Project/MYRTOS_Project/Stm32_F103C6_Drivers/inc" -I../Drivers/STM32F1xx_HAL_Driver/Inc -I../Drivers/STM32F1xx_HAL_Driver/Inc/Legacy -I../Drivers/CMSIS/Device/ST/STM32F1xx/Include -I../Drivers/CMSIS/Include -O0 -ffunction-sections -fdata-sections -Wall -fstack-usage -MMD -MP -MF"Drivers/STM32F1xx_HAL_Driver/Src/stm32f1xx_hal_flash_ex.d" -MT"Drivers/STM32F1xx_HAL_Driver/Src/stm32f1xx_hal_flash_ex.o" --specs=nano.specs -mfloat-abi=soft -mthumb -o "Drivers/STM32F1xx_HAL_Driver/Src/stm32f1xx_hal_flash_ex.o"
                 from ../Drivers/STM32F1xx_HAL_Driver/Src/stm32f1xx_hal_cortex.c:83:
D:/Mastering Embedded Systems/MYRTOS_Project/MYRTOS_Project/CMSIS/ARMCM3.h:41:3: error: redeclaration of enumerator 'MemoryManagement_IRQn'
   MemoryManagement_IRQn         = -12,     /*  4 Memory Management Interrupt */
   ^~~~~~~~~~~~~~~~~~~~~
In file included from D:/Mastering Embedded Systems/MYRTOS_Project/MYRTOS_Project/CMSIS/core_cm3.h:24:0,
                 from ../Drivers/CMSIS/Device/ST/STM32F1xx/Include/stm32f103x6.h:127,
                 from ../Drivers/CMSIS/Device/ST/STM32F1xx/Include/stm32f1xx.h:129,
                 from ../Drivers/STM32F1xx_HAL_Driver/Inc/stm32f1xx_hal_def.h:30,
                 from ../Drivers/STM32F1xx_HAL_Driver/Inc/stm32f1xx_hal_rcc.h:29,
                 from ../Core/Inc/stm32f1xx_hal_conf.h:237,
                 from ../Drivers/STM32F1xx_HAL_Driver/Inc/stm32f1xx_hal.h:30,
                 from ../Drivers/STM32F1xx_HAL_Driver/Src/stm32f1xx_hal_exti.c:87:
D:/Mastering Embedded Systems/MYRTOS_Project/MYRTOS_Project/CMSIS/ARMCM3.h:43:3: error: redeclaration of enumerator 'UsageFault_IRQn'
   UsageFault_IRQn               = -10,     /*  6 Usage Fault Interrupt */
   ^~~~~~~~~~~~~~~
In file included from ../Drivers/CMSIS/Device/ST/STM32F1xx/Include/stm32f1xx.h:129:0,
                 from ../Drivers/STM32F1xx_HAL_Driver/Inc/stm32f1xx_hal_def.h:30,
                 from ../Drivers/STM32F1xx_HAL_Driver/Inc/stm32f1xx_hal_rcc.h:29,
                 from ../Core/Inc/stm32f1xx_hal_conf.h:237,
                 from ../Drivers/STM32F1xx_HAL_Driver/Inc/stm32f1xx_hal.h:30,
                 from ../Drivers/STM32F1xx_HAL_Driver/Src/stm32f1xx_hal_exti.c:87:
../Drivers/CMSIS/Device/ST/STM32F1xx/Include/stm32f103x6.h:76:3: note: previous definition of 'UsageFault_IRQn' was here
   UsageFault_IRQn             = -10,    /*!< 6 Cortex-M3 Usage Fault Interrupt                    */
   ^~~~~~~~~~~~~~~
In file included from ../Drivers/CMSIS/Device/ST/STM32F1xx/Include/stm32f1xx.h:129:0,
                 from ../Drivers/STM32F1xx_HAL_Driver/Inc/stm32f1xx_hal_def.h:30,
                 from ../Drivers/STM32F1xx_HAL_Driver/Inc/stm32f1xx_hal_rcc.h:29,
                 from ../Core/Inc/stm32f1xx_hal_conf.h:237,
                 from ../Drivers/STM32F1xx_HAL_Driver/Inc/stm32f1xx_hal.h:30,
                 from ../Drivers/STM32F1xx_HAL_Driver/Src/stm32f1xx_hal_cortex.c:83:
../Drivers/CMSIS/Device/ST/STM32F1xx/Include/stm32f103x6.h:74:3: note: previous definition of 'MemoryManagement_IRQn' was here
   MemoryManagement_IRQn       = -12,    /*!< 4 Cortex-M3 Memory Management Interrupt              */
   ^~~~~~~~~~~~~~~~~~~~~
In file included from D:/Mastering Embedded Systems/MYRTOS_Project/MYRTOS_Project/CMSIS/core_cm3.h:24:0,
                 from ../Drivers/CMSIS/Device/ST/STM32F1xx/Include/stm32f103x6.h:127,
                 from ../Drivers/CMSIS/Device/ST/STM32F1xx/Include/stm32f1xx.h:129,
                 from ../Drivers/STM32F1xx_HAL_Driver/Inc/stm32f1xx_hal_def.h:30,
                 from ../Drivers/STM32F1xx_HAL_Driver/Inc/stm32f1xx_hal_rcc.h:29,
                 from ../Core/Inc/stm32f1xx_hal_conf.h:237,
                 from ../Drivers/STM32F1xx_HAL_Driver/Inc/stm32f1xx_hal.h:30,
                 from ../Drivers/STM32F1xx_HAL_Driver/Src/stm32f1xx_hal_cortex.c:83:
arm-none-eabi-gcc "../Drivers/STM32F1xx_HAL_Driver/Src/stm32f1xx_hal_gpio.c" -mcpu=cortex-m3 -std=gnu11 -g3 -DUSE_HAL_DRIVER -DSTM32F103x6 -DDEBUG -c -I../Core/Inc -I"D:/Mastering Embedded Systems/MYRTOS_Project/MYRTOS_Project/CMSIS" -I"D:/Mastering Embedded Systems/MYRTOS_Project/MYRTOS_Project/MYRTOS/inc" -I"D:/Mastering Embedded Systems/MYRTOS_Project/MYRTOS_Project/Stm32_F103C6_Drivers/inc" -I../Drivers/STM32F1xx_HAL_Driver/Inc -I../Drivers/STM32F1xx_HAL_Driver/Inc/Legacy -I../Drivers/CMSIS/Device/ST/STM32F1xx/Include -I../Drivers/CMSIS/Include -O0 -ffunction-sections -fdata-sections -Wall -fstack-usage -MMD -MP -MF"Drivers/STM32F1xx_HAL_Driver/Src/stm32f1xx_hal_gpio.d" -MT"Drivers/STM32F1xx_HAL_Driver/Src/stm32f1xx_hal_gpio.o" --specs=nano.specs -mfloat-abi=soft -mthumb -o "Drivers/STM32F1xx_HAL_Driver/Src/stm32f1xx_hal_gpio.o"
D:/Mastering Embedded Systems/MYRTOS_Project/MYRTOS_Project/CMSIS/ARMCM3.h:42:3: error: redeclaration of enumerator 'BusFault_IRQn'
   BusFault_IRQn                 = -11,     /*  5 Bus Fault Interrupt */
   ^~~~~~~~~~~~~
In file included from ../Drivers/CMSIS/Device/ST/STM32F1xx/Include/stm32f1xx.h:129:0,
                 from ../Drivers/STM32F1xx_HAL_Driver/Inc/stm32f1xx_hal_def.h:30,
                 from ../Drivers/STM32F1xx_HAL_Driver/Inc/stm32f1xx_hal_rcc.h:29,
                 from ../Core/Inc/stm32f1xx_hal_conf.h:237,
                 from ../Drivers/STM32F1xx_HAL_Driver/Inc/stm32f1xx_hal.h:30,
                 from ../Drivers/STM32F1xx_HAL_Driver/Src/stm32f1xx_hal_cortex.c:83:
../Drivers/CMSIS/Device/ST/STM32F1xx/Include/stm32f103x6.h:75:3: note: previous definition of 'BusFault_IRQn' was here
   BusFault_IRQn               = -11,    /*!< 5 Cortex-M3 Bus Fault Interrupt                      */
   ^~~~~~~~~~~~~
In file included from D:/Mastering Embedded Systems/MYRTOS_Project/MYRTOS_Project/CMSIS/core_cm3.h:24:0,
                 from ../Drivers/CMSIS/Device/ST/STM32F1xx/Include/stm32f103x6.h:127,
                 from ../Drivers/CMSIS/Device/ST/STM32F1xx/Include/stm32f1xx.h:129,
                 from ../Drivers/STM32F1xx_HAL_Driver/Inc/stm32f1xx_hal_def.h:30,
                 from ../Drivers/STM32F1xx_HAL_Driver/Inc/stm32f1xx_hal_rcc.h:29,
                 from ../Core/Inc/stm32f1xx_hal_conf.h:237,
                 from ../Drivers/STM32F1xx_HAL_Driver/Inc/stm32f1xx_hal.h:30,
                 from ../Drivers/STM32F1xx_HAL_Driver/Src/stm32f1xx_hal_flash.c:85:
D:/Mastering Embedded Systems/MYRTOS_Project/MYRTOS_Project/CMSIS/ARMCM3.h:42:3: error: redeclaration of enumerator 'BusFault_IRQn'
arm-none-eabi-gcc "../Drivers/STM32F1xx_HAL_Driver/Src/stm32f1xx_hal_gpio_ex.c" -mcpu=cortex-m3 -std=gnu11 -g3 -DUSE_HAL_DRIVER -DSTM32F103x6 -DDEBUG -c -I../Core/Inc -I"D:/Mastering Embedded Systems/MYRTOS_Project/MYRTOS_Project/CMSIS" -I"D:/Mastering Embedded Systems/MYRTOS_Project/MYRTOS_Project/MYRTOS/inc" -I"D:/Mastering Embedded Systems/MYRTOS_Project/MYRTOS_Project/Stm32_F103C6_Drivers/inc" -I../Drivers/STM32F1xx_HAL_Driver/Inc -I../Drivers/STM32F1xx_HAL_Driver/Inc/Legacy -I../Drivers/CMSIS/Device/ST/STM32F1xx/Include -I../Drivers/CMSIS/Include -O0 -ffunction-sections -fdata-sections -Wall -fstack-usage -MMD -MP -MF"Drivers/STM32F1xx_HAL_Driver/Src/stm32f1xx_hal_gpio_ex.d" -MT"Drivers/STM32F1xx_HAL_Driver/Src/stm32f1xx_hal_gpio_ex.o" --specs=nano.specs -mfloat-abi=soft -mthumb -o "Drivers/STM32F1xx_HAL_Driver/Src/stm32f1xx_hal_gpio_ex.o"
   BusFault_IRQn                 = -11,     /*  5 Bus Fault Interrupt */
   ^~~~~~~~~~~~~
In file included from D:/Mastering Embedded Systems/MYRTOS_Project/MYRTOS_Project/CMSIS/core_cm3.h:24:0,
                 from ../Drivers/CMSIS/Device/ST/STM32F1xx/Include/stm32f103x6.h:127,
                 from ../Drivers/CMSIS/Device/ST/STM32F1xx/Include/stm32f1xx.h:129,
                 from ../Drivers/STM32F1xx_HAL_Driver/Inc/stm32f1xx_hal_def.h:30,
                 from ../Drivers/STM32F1xx_HAL_Driver/Inc/stm32f1xx_hal_rcc.h:29,
                 from ../Core/Inc/stm32f1xx_hal_conf.h:237,
                 from ../Drivers/STM32F1xx_HAL_Driver/Inc/stm32f1xx_hal.h:30,
                 from ../Drivers/STM32F1xx_HAL_Driver/Src/stm32f1xx_hal_exti.c:87:
D:/Mastering Embedded Systems/MYRTOS_Project/MYRTOS_Project/CMSIS/ARMCM3.h:44:3: error: redeclaration of enumerator 'SVCall_IRQn'
   SVCall_IRQn                   =  -5,     /* 11 SV Call Interrupt */
   ^~~~~~~~~~~
In file included from ../Drivers/CMSIS/Device/ST/STM32F1xx/Include/stm32f1xx.h:129:0,
                 from ../Drivers/STM32F1xx_HAL_Driver/Inc/stm32f1xx_hal_def.h:30,
                 from ../Drivers/STM32F1xx_HAL_Driver/Inc/stm32f1xx_hal_rcc.h:29,
                 from ../Core/Inc/stm32f1xx_hal_conf.h:237,
                 from ../Drivers/STM32F1xx_HAL_Driver/Inc/stm32f1xx_hal.h:30,
                 from ../Drivers/STM32F1xx_HAL_Driver/Src/stm32f1xx_hal_exti.c:87:
../Drivers/CMSIS/Device/ST/STM32F1xx/Include/stm32f103x6.h:77:3: note: previous definition of 'SVCall_IRQn' was here
   SVCall_IRQn                 = -5,     /*!< 11 Cortex-M3 SV Call Interrupt                       */
   ^~~~~~~~~~~
In file included from D:/Mastering Embedded Systems/MYRTOS_Project/MYRTOS_Project/CMSIS/core_cm3.h:24:0,
                 from ../Drivers/CMSIS/Device/ST/STM32F1xx/Include/stm32f103x6.h:127,
                 from ../Drivers/CMSIS/Device/ST/STM32F1xx/Include/stm32f1xx.h:129,
                 from ../Drivers/STM32F1xx_HAL_Driver/Inc/stm32f1xx_hal_def.h:30,
                 from ../Drivers/STM32F1xx_HAL_Driver/Inc/stm32f1xx_hal_rcc.h:29,
                 from ../Core/Inc/stm32f1xx_hal_conf.h:237,
                 from ../Drivers/STM32F1xx_HAL_Driver/Inc/stm32f1xx_hal.h:30,
                 from ../Drivers/STM32F1xx_HAL_Driver/Src/stm32f1xx_hal_exti.c:87:
D:/Mastering Embedded Systems/MYRTOS_Project/MYRTOS_Project/CMSIS/ARMCM3.h:45:3: error: redeclaration of enumerator 'DebugMonitor_IRQn'
   DebugMonitor_IRQn             =  -4,     /* 12 Debug Monitor Interrupt */
   ^~~~~~~~~~~~~~~~~
In file included from D:/Mastering Embedded Systems/MYRTOS_Project/MYRTOS_Project/CMSIS/core_cm3.h:24:0,
                 from ../Drivers/CMSIS/Device/ST/STM32F1xx/Include/stm32f103x6.h:127,
                 from ../Drivers/CMSIS/Device/ST/STM32F1xx/Include/stm32f1xx.h:129,
                 from ../Drivers/STM32F1xx_HAL_Driver/Inc/stm32f1xx_hal_def.h:30,
                 from ../Drivers/STM32F1xx_HAL_Driver/Inc/stm32f1xx_hal_rcc.h:29,
                 from ../Core/Inc/stm32f1xx_hal_conf.h:237,
                 from ../Drivers/STM32F1xx_HAL_Driver/Inc/stm32f1xx_hal.h:30,
                 from ../Drivers/STM32F1xx_HAL_Driver/Src/stm32f1xx_hal_cortex.c:83:
D:/Mastering Embedded Systems/MYRTOS_Project/MYRTOS_Project/CMSIS/ARMCM3.h:43:3: error: redeclaration of enumerator 'UsageFault_IRQn'
   UsageFault_IRQn               = -10,     /*  6 Usage Fault Interrupt */
   ^~~~~~~~~~~~~~~
In file included from ../Drivers/CMSIS/Device/ST/STM32F1xx/Include/stm32f1xx.h:129:0,
                 from ../Drivers/STM32F1xx_HAL_Driver/Inc/stm32f1xx_hal_def.h:30,
                 from ../Drivers/STM32F1xx_HAL_Driver/Inc/stm32f1xx_hal_rcc.h:29,
                 from ../Core/Inc/stm32f1xx_hal_conf.h:237,
                 from ../Drivers/STM32F1xx_HAL_Driver/Inc/stm32f1xx_hal.h:30,
                 from ../Drivers/STM32F1xx_HAL_Driver/Src/stm32f1xx_hal_exti.c:87:
../Drivers/CMSIS/Device/ST/STM32F1xx/Include/stm32f103x6.h:78:3: note: previous definition of 'DebugMonitor_IRQn' was here
   DebugMonitor_IRQn           = -4,     /*!< 12 Cortex-M3 Debug Monitor Interrupt                 */
   ^~~~~~~~~~~~~~~~~
In file included from D:/Mastering Embedded Systems/MYRTOS_Project/MYRTOS_Project/CMSIS/core_cm3.h:24:0,
                 from ../Drivers/CMSIS/Device/ST/STM32F1xx/Include/stm32f103x6.h:127,
                 from ../Drivers/CMSIS/Device/ST/STM32F1xx/Include/stm32f1xx.h:129,
                 from ../Drivers/STM32F1xx_HAL_Driver/Inc/stm32f1xx_hal_def.h:30,
                 from ../Drivers/STM32F1xx_HAL_Driver/Inc/stm32f1xx_hal_rcc.h:29,
                 from ../Core/Inc/stm32f1xx_hal_conf.h:237,
                 from ../Drivers/STM32F1xx_HAL_Driver/Inc/stm32f1xx_hal.h:30,
                 from ../Drivers/STM32F1xx_HAL_Driver/Src/stm32f1xx_hal_exti.c:87:
D:/Mastering Embedded Systems/MYRTOS_Project/MYRTOS_Project/CMSIS/ARMCM3.h:46:3: error: redeclaration of enumerator 'PendSV_IRQn'
   PendSV_IRQn                   =  -2,     /* 14 Pend SV Interrupt */
   ^~~~~~~~~~~
In file included from ../Drivers/CMSIS/Device/ST/STM32F1xx/Include/stm32f1xx.h:129:0,
                 from ../Drivers/STM32F1xx_HAL_Driver/Inc/stm32f1xx_hal_def.h:30,
                 from ../Drivers/STM32F1xx_HAL_Driver/Inc/stm32f1xx_hal_rcc.h:29,
                 from ../Core/Inc/stm32f1xx_hal_conf.h:237,
                 from ../Drivers/STM32F1xx_HAL_Driver/Inc/stm32f1xx_hal.h:30,
                 from ../Drivers/STM32F1xx_HAL_Driver/Src/stm32f1xx_hal_exti.c:87:
../Drivers/CMSIS/Device/ST/STM32F1xx/Include/stm32f103x6.h:79:3: note: previous definition of 'PendSV_IRQn' was here
   PendSV_IRQn                 = -2,     /*!< 14 Cortex-M3 Pend SV Interrupt                       */
   ^~~~~~~~~~~
In file included from ../Drivers/CMSIS/Device/ST/STM32F1xx/Include/stm32f1xx.h:129:0,
                 from ../Drivers/STM32F1xx_HAL_Driver/Inc/stm32f1xx_hal_def.h:30,
                 from ../Drivers/STM32F1xx_HAL_Driver/Inc/stm32f1xx_hal_rcc.h:29,
                 from ../Core/Inc/stm32f1xx_hal_conf.h:237,
                 from ../Drivers/STM32F1xx_HAL_Driver/Inc/stm32f1xx_hal.h:30,
                 from ../Drivers/STM32F1xx_HAL_Driver/Src/stm32f1xx_hal_cortex.c:83:
../Drivers/CMSIS/Device/ST/STM32F1xx/Include/stm32f103x6.h:76:3: note: previous definition of 'UsageFault_IRQn' was here
   UsageFault_IRQn             = -10,    /*!< 6 Cortex-M3 Usage Fault Interrupt                    */
   ^~~~~~~~~~~~~~~
In file included from ../Drivers/CMSIS/Device/ST/STM32F1xx/Include/stm32f1xx.h:129:0,
                 from ../Drivers/STM32F1xx_HAL_Driver/Inc/stm32f1xx_hal_def.h:30,
                 from ../Drivers/STM32F1xx_HAL_Driver/Inc/stm32f1xx_hal_rcc.h:29,
                 from ../Core/Inc/stm32f1xx_hal_conf.h:237,
                 from ../Drivers/STM32F1xx_HAL_Driver/Inc/stm32f1xx_hal.h:30,
                 from ../Drivers/STM32F1xx_HAL_Driver/Src/stm32f1xx_hal_flash.c:85:
../Drivers/CMSIS/Device/ST/STM32F1xx/Include/stm32f103x6.h:75:3: note: previous definition of 'BusFault_IRQn' was here
   BusFault_IRQn               = -11,    /*!< 5 Cortex-M3 Bus Fault Interrupt                      */
   ^~~~~~~~~~~~~
In file included from D:/Mastering Embedded Systems/MYRTOS_Project/MYRTOS_Project/CMSIS/core_cm3.h:24:0,
                 from ../Drivers/CMSIS/Device/ST/STM32F1xx/Include/stm32f103x6.h:127,
                 from ../Drivers/CMSIS/Device/ST/STM32F1xx/Include/stm32f1xx.h:129,
                 from ../Drivers/STM32F1xx_HAL_Driver/Inc/stm32f1xx_hal_def.h:30,
                 from ../Drivers/STM32F1xx_HAL_Driver/Inc/stm32f1xx_hal_rcc.h:29,
                 from ../Core/Inc/stm32f1xx_hal_conf.h:237,
                 from ../Drivers/STM32F1xx_HAL_Driver/Inc/stm32f1xx_hal.h:30,
                 from ../Drivers/STM32F1xx_HAL_Driver/Src/stm32f1xx_hal_dma.c:85:
D:/Mastering Embedded Systems/MYRTOS_Project/MYRTOS_Project/CMSIS/ARMCM3.h:41:3: error: redeclaration of enumerator 'MemoryManagement_IRQn'
   MemoryManagement_IRQn         = -12,     /*  4 Memory Management Interrupt */
   ^~~~~~~~~~~~~~~~~~~~~
In file included from ../Drivers/CMSIS/Device/ST/STM32F1xx/Include/stm32f1xx.h:129:0,
                 from ../Drivers/STM32F1xx_HAL_Driver/Inc/stm32f1xx_hal_def.h:30,
                 from ../Drivers/STM32F1xx_HAL_Driver/Inc/stm32f1xx_hal_rcc.h:29,
                 from ../Core/Inc/stm32f1xx_hal_conf.h:237,
                 from ../Drivers/STM32F1xx_HAL_Driver/Inc/stm32f1xx_hal.h:30,
                 from ../Drivers/STM32F1xx_HAL_Driver/Src/stm32f1xx_hal.c:36:
../Drivers/CMSIS/Device/ST/STM32F1xx/Include/stm32f103x6.h:76:3: note: previous definition of 'UsageFault_IRQn' was here
   UsageFault_IRQn             = -10,    /*!< 6 Cortex-M3 Usage Fault Interrupt                    */
   ^~~~~~~~~~~~~~~
In file included from D:/Mastering Embedded Systems/MYRTOS_Project/MYRTOS_Project/CMSIS/core_cm3.h:24:0,
                 from ../Drivers/CMSIS/Device/ST/STM32F1xx/Include/stm32f103x6.h:127,
                 from ../Drivers/CMSIS/Device/ST/STM32F1xx/Include/stm32f1xx.h:129,
                 from ../Drivers/STM32F1xx_HAL_Driver/Inc/stm32f1xx_hal_def.h:30,
                 from ../Drivers/STM32F1xx_HAL_Driver/Inc/stm32f1xx_hal_rcc.h:29,
                 from ../Core/Inc/stm32f1xx_hal_conf.h:237,
                 from ../Drivers/STM32F1xx_HAL_Driver/Inc/stm32f1xx_hal.h:30,
                 from ../Drivers/STM32F1xx_HAL_Driver/Src/stm32f1xx_hal.c:36:
D:/Mastering Embedded Systems/MYRTOS_Project/MYRTOS_Project/CMSIS/ARMCM3.h:44:3: error: redeclaration of enumerator 'SVCall_IRQn'
   SVCall_IRQn                   =  -5,     /* 11 SV Call Interrupt */
   ^~~~~~~~~~~
In file included from ../Drivers/CMSIS/Device/ST/STM32F1xx/Include/stm32f1xx.h:129:0,
                 from ../Drivers/STM32F1xx_HAL_Driver/Inc/stm32f1xx_hal_def.h:30,
                 from ../Drivers/STM32F1xx_HAL_Driver/Inc/stm32f1xx_hal_rcc.h:29,
                 from ../Core/Inc/stm32f1xx_hal_conf.h:237,
                 from ../Drivers/STM32F1xx_HAL_Driver/Inc/stm32f1xx_hal.h:30,
                 from ../Drivers/STM32F1xx_HAL_Driver/Src/stm32f1xx_hal.c:36:
../Drivers/CMSIS/Device/ST/STM32F1xx/Include/stm32f103x6.h:77:3: note: previous definition of 'SVCall_IRQn' was here
   SVCall_IRQn                 = -5,     /*!< 11 Cortex-M3 SV Call Interrupt                       */
   ^~~~~~~~~~~
In file included from D:/Mastering Embedded Systems/MYRTOS_Project/MYRTOS_Project/CMSIS/core_cm3.h:24:0,
                 from ../Drivers/CMSIS/Device/ST/STM32F1xx/Include/stm32f103x6.h:127,
                 from ../Drivers/CMSIS/Device/ST/STM32F1xx/Include/stm32f1xx.h:129,
                 from ../Drivers/STM32F1xx_HAL_Driver/Inc/stm32f1xx_hal_def.h:30,
                 from ../Drivers/STM32F1xx_HAL_Driver/Inc/stm32f1xx_hal_rcc.h:29,
                 from ../Core/Inc/stm32f1xx_hal_conf.h:237,
                 from ../Drivers/STM32F1xx_HAL_Driver/Inc/stm32f1xx_hal.h:30,
                 from ../Drivers/STM32F1xx_HAL_Driver/Src/stm32f1xx_hal.c:36:
D:/Mastering Embedded Systems/MYRTOS_Project/MYRTOS_Project/CMSIS/ARMCM3.h:45:3: error: redeclaration of enumerator 'DebugMonitor_IRQn'
   DebugMonitor_IRQn             =  -4,     /* 12 Debug Monitor Interrupt */
   ^~~~~~~~~~~~~~~~~
In file included from ../Drivers/CMSIS/Device/ST/STM32F1xx/Include/stm32f1xx.h:129:0,
                 from ../Drivers/STM32F1xx_HAL_Driver/Inc/stm32f1xx_hal_def.h:30,
                 from ../Drivers/STM32F1xx_HAL_Driver/Inc/stm32f1xx_hal_rcc.h:29,
                 from ../Core/Inc/stm32f1xx_hal_conf.h:237,
                 from ../Drivers/STM32F1xx_HAL_Driver/Inc/stm32f1xx_hal.h:30,
                 from ../Drivers/STM32F1xx_HAL_Driver/Src/stm32f1xx_hal_dma.c:85:
../Drivers/CMSIS/Device/ST/STM32F1xx/Include/stm32f103x6.h:74:3: note: previous definition of 'MemoryManagement_IRQn' was here
   MemoryManagement_IRQn       = -12,    /*!< 4 Cortex-M3 Memory Management Interrupt              */
   ^~~~~~~~~~~~~~~~~~~~~
In file included from D:/Mastering Embedded Systems/MYRTOS_Project/MYRTOS_Project/CMSIS/core_cm3.h:24:0,
                 from ../Drivers/CMSIS/Device/ST/STM32F1xx/Include/stm32f103x6.h:127,
                 from ../Drivers/CMSIS/Device/ST/STM32F1xx/Include/stm32f1xx.h:129,
                 from ../Drivers/STM32F1xx_HAL_Driver/Inc/stm32f1xx_hal_def.h:30,
                 from ../Drivers/STM32F1xx_HAL_Driver/Inc/stm32f1xx_hal_rcc.h:29,
                 from ../Core/Inc/stm32f1xx_hal_conf.h:237,
                 from ../Drivers/STM32F1xx_HAL_Driver/Inc/stm32f1xx_hal.h:30,
                 from ../Drivers/STM32F1xx_HAL_Driver/Src/stm32f1xx_hal_cortex.c:83:
D:/Mastering Embedded Systems/MYRTOS_Project/MYRTOS_Project/CMSIS/ARMCM3.h:44:3: error: redeclaration of enumerator 'SVCall_IRQn'
   SVCall_IRQn                   =  -5,     /* 11 SV Call Interrupt */
   ^~~~~~~~~~~
In file included from D:/Mastering Embedded Systems/MYRTOS_Project/MYRTOS_Project/CMSIS/core_cm3.h:24:0,
                 from ../Drivers/CMSIS/Device/ST/STM32F1xx/Include/stm32f103x6.h:127,
                 from ../Drivers/CMSIS/Device/ST/STM32F1xx/Include/stm32f1xx.h:129,
                 from ../Drivers/STM32F1xx_HAL_Driver/Inc/stm32f1xx_hal_def.h:30,
                 from ../Drivers/STM32F1xx_HAL_Driver/Inc/stm32f1xx_hal_rcc.h:29,
                 from ../Core/Inc/stm32f1xx_hal_conf.h:237,
                 from ../Drivers/STM32F1xx_HAL_Driver/Inc/stm32f1xx_hal.h:30,
                 from ../Drivers/STM32F1xx_HAL_Driver/Src/stm32f1xx_hal_exti.c:87:
D:/Mastering Embedded Systems/MYRTOS_Project/MYRTOS_Project/CMSIS/ARMCM3.h:47:3: error: redeclaration of enumerator 'SysTick_IRQn'
   SysTick_IRQn                  =  -1,     /* 15 System Tick Interrupt */
   ^~~~~~~~~~~~
In file included from D:/Mastering Embedded Systems/MYRTOS_Project/MYRTOS_Project/CMSIS/core_cm3.h:24:0,
                 from ../Drivers/CMSIS/Device/ST/STM32F1xx/Include/stm32f103x6.h:127,
                 from ../Drivers/CMSIS/Device/ST/STM32F1xx/Include/stm32f1xx.h:129,
                 from ../Drivers/STM32F1xx_HAL_Driver/Inc/stm32f1xx_hal_def.h:30,
                 from ../Drivers/STM32F1xx_HAL_Driver/Inc/stm32f1xx_hal_rcc.h:29,
                 from ../Core/Inc/stm32f1xx_hal_conf.h:237,
                 from ../Drivers/STM32F1xx_HAL_Driver/Inc/stm32f1xx_hal.h:30,
                 from ../Drivers/STM32F1xx_HAL_Driver/Src/stm32f1xx_hal_flash.c:85:
D:/Mastering Embedded Systems/MYRTOS_Project/MYRTOS_Project/CMSIS/ARMCM3.h:43:3: error: redeclaration of enumerator 'UsageFault_IRQn'
   UsageFault_IRQn               = -10,     /*  6 Usage Fault Interrupt */
   ^~~~~~~~~~~~~~~
In file included from ../Drivers/CMSIS/Device/ST/STM32F1xx/Include/stm32f1xx.h:129:0,
                 from ../Drivers/STM32F1xx_HAL_Driver/Inc/stm32f1xx_hal_def.h:30,
                 from ../Drivers/STM32F1xx_HAL_Driver/Inc/stm32f1xx_hal_rcc.h:29,
                 from ../Core/Inc/stm32f1xx_hal_conf.h:237,
                 from ../Drivers/STM32F1xx_HAL_Driver/Inc/stm32f1xx_hal.h:30,
                 from ../Drivers/STM32F1xx_HAL_Driver/Src/stm32f1xx_hal.c:36:
../Drivers/CMSIS/Device/ST/STM32F1xx/Include/stm32f103x6.h:78:3: note: previous definition of 'DebugMonitor_IRQn' was here
   DebugMonitor_IRQn           = -4,     /*!< 12 Cortex-M3 Debug Monitor Interrupt                 */
   ^~~~~~~~~~~~~~~~~
In file included from D:/Mastering Embedded Systems/MYRTOS_Project/MYRTOS_Project/CMSIS/core_cm3.h:24:0,
                 from ../Drivers/CMSIS/Device/ST/STM32F1xx/Include/stm32f103x6.h:127,
                 from ../Drivers/CMSIS/Device/ST/STM32F1xx/Include/stm32f1xx.h:129,
                 from ../Drivers/STM32F1xx_HAL_Driver/Inc/stm32f1xx_hal_def.h:30,
                 from ../Drivers/STM32F1xx_HAL_Driver/Inc/stm32f1xx_hal_rcc.h:29,
                 from ../Core/Inc/stm32f1xx_hal_conf.h:237,
                 from ../Drivers/STM32F1xx_HAL_Driver/Inc/stm32f1xx_hal.h:30,
                 from ../Drivers/STM32F1xx_HAL_Driver/Src/stm32f1xx_hal.c:36:
D:/Mastering Embedded Systems/MYRTOS_Project/MYRTOS_Project/CMSIS/ARMCM3.h:46:3: error: redeclaration of enumerator 'PendSV_IRQn'
   PendSV_IRQn                   =  -2,     /* 14 Pend SV Interrupt */
   ^~~~~~~~~~~
In file included from ../Drivers/CMSIS/Device/ST/STM32F1xx/Include/stm32f1xx.h:129:0,
                 from ../Drivers/STM32F1xx_HAL_Driver/Inc/stm32f1xx_hal_def.h:30,
                 from ../Drivers/STM32F1xx_HAL_Driver/Inc/stm32f1xx_hal_rcc.h:29,
                 from ../Core/Inc/stm32f1xx_hal_conf.h:237,
                 from ../Drivers/STM32F1xx_HAL_Driver/Inc/stm32f1xx_hal.h:30,
                 from ../Drivers/STM32F1xx_HAL_Driver/Src/stm32f1xx_hal.c:36:
[...]
  error += MYRTOS_CreateTask(&Task1);
        ^~
arm-none-eabi-gcc -o "MYRTOS_Project.axf" @"objects.list"   -mcpu=cortex-m3 -T"D:\Mastering Embedded Systems\MYRTOS_Project\MYRTOS_Project\STM32F103C6TX_FLASH.ld" --specs=nosys.specs -Wl,-Map="MYRTOS_Project.map" -Wl,--gc-sections -static --specs=nano.specs -mfloat-abi=soft -mthumb -Wl,--start-group -lc -lm -Wl,--end-group
Finished building target: MYRTOS_Project.axf
 
arm-none-eabi-objdump -h -S  MYRTOS_Project.axf  > "MYRTOS_Project.list"
arm-none-eabi-objcopy  -O binary  MYRTOS_Project.axf  "MYRTOS_Project.bin"
arm-none-eabi-size   MYRTOS_Project.axf 
   text	   data	    bss	    dec	    hex	filename
   3496	      8	   2792	   6296	   1898	MYRTOS_Project.axf
Finished building: default.size.stdout
 
Finished building: MYRTOS_Project.bin
Finished building: MYRTOS_Project.list
 
 
22:45:28 **** Incremental Build of configuration Debug for project MYRTOS_Project ****
make -j8 all 
arm-none-eabi-size   MYRTOS_Project.axf 
   text	   data	    bss	    dec	    hex	filename
   3496	      8	   2792	   6296	   1898	MYRTOS_Project.axf
Finished building: default.size.stdout
 
22:54:19 **** Incremental Build of configuration Debug for project MYRTOS_Project ****
make -j8 all 
arm-none-eabi-gcc "../Core/Src/main.c" -mcpu=cortex-m3 -std=gnu11 -g3 -DUSE_HAL_DRIVER -DSTM32F103x6 -DDEBUG -c -I../Core/Inc -I"D:/Mastering Embedded Systems/MYRTOS_Project/MYRTOS_Project/CMSIS" -I"D:/Mastering Embedded Systems/MYRTOS_Project/MYRTOS_Project/MYRTOS/inc" -I"D:/Mastering Embedded Systems/MYRTOS_Project/MYRTOS_Project/Stm32_F103C6_Drivers/inc" -I../Drivers/STM32F1xx_HAL_Driver/Inc -I../Drivers/STM32F1xx_HAL_Driver/Inc/Legacy -I../Drivers/CMSIS/Device/ST/STM32F1xx/Include -I../Drivers/CMSIS/Include -O0 -ffunction-sections -fdata-sections -Wall -fstack-usage -MMD -MP -MF"Core/Src/main.d" -MT"Core/Src/main.o" --specs=nano.specs -mfloat-abi=soft -mthumb -o "Core/Src/main.o"
arm-none-eabi-gcc "../MYRTOS/Scheduler.c" -mcpu=cortex-m3 -std=gnu11 -g3 -DUSE_HAL_DRIVER -DSTM32F103x6 -DDEBUG -c -I../Core/Inc -I"D:/Mastering Embedded Systems/MYRTOS_Project/MYRTOS_Project/CMSIS" -I"D:/Mastering Embedded Systems/MYRTOS_Project/MYRTOS_Project/MYRTOS/inc" -I"D:/Mastering Embedded Systems/MYRTOS_Project/MYRTOS_Project/Stm32_F103C6_Drivers/inc" -I../Drivers/STM32F1xx_HAL_Driver/Inc -I../Drivers/STM32F1xx_HAL_Driver/Inc/Legacy -I../Drivers/CMSIS/Device/ST/STM32F1xx/Include -I../Drivers/CMSIS/Include -O0 -ffunction-sections -fdata-sections -Wall -fstack-usage -MMD -MP -MF"MYRTOS/Scheduler.d" -MT"MYRTOS/Scheduler.o" --specs=nano.specs -mfloat-abi=soft -mthumb -o "MYRTOS/Scheduler.o"
In file included from D:/Mastering Embedded Systems/MYRTOS_Project/MYRTOS_Project/CMSIS/ARMCM3.h:98:0,
                 from D:/Mastering Embedded Systems/MYRTOS_Project/MYRTOS_Project/CMSIS/core_cm3.h:24,
                 from D:/Mastering Embedded Systems/MYRTOS_Project/MYRTOS_Project/MYRTOS/inc/CortexMX_OS_porting.h:11,
                 from D:/Mastering Embedded Systems/MYRTOS_Project/MYRTOS_Project/MYRTOS/inc/Scheduler.h:11,
                 from ../Core/Src/main.c:25:
D:/Mastering Embedded Systems/MYRTOS_Project/MYRTOS_Project/CMSIS/core_cm3.h:1388:0: warning: "NVIC_BASE" redefined
 #define NVIC_BASE           (SCS_BASE +  0x0100UL)                    /*!< NVIC Base Address */
 
In file included from D:/Mastering Embedded Systems/MYRTOS_Project/MYRTOS_Project/Stm32_F103C6_Drivers/inc/Stm32_F103C6_gpio_driver.h:14:0,
                 from ../Core/Src/main.c:23:
D:/Mastering Embedded Systems/MYRTOS_Project/MYRTOS_Project/Stm32_F103C6_Drivers/inc/stm32f103x8.h:28:0: note: this is the location of the previous definition
 #define NVIC_BASE        0xE000E100UL
 
../Core/Src/main.c: In function 'main':
../Core/Src/main.c:124:2: warning: implicit declaration of function 'HW_Init' [-Wimplicit-function-declaration]
  HW_Init();
  ^~~~~~~
../Core/Src/main.c:132:2: warning: implicit declaration of function 'strcpy' [-Wimplicit-function-declaration]
  strcpy(Task1.TaskName,"Task_1");
  ^~~~~~
../Core/Src/main.c:132:2: warning: incompatible implicit declaration of built-in function 'strcpy'
../Core/Src/main.c:132:2: note: include '<string.h>' or provide a declaration of 'strcpy'
../Core/Src/main.c:149:8: warning: 'error' may be used uninitialized in this function [-Wmaybe-uninitialized]
  error += MYRTOS_CreateTask(&Task1);
        ^~
../MYRTOS/Scheduler.c: In function 'MyRtos_Create_TaskStack':
../MYRTOS/Scheduler.c:321:20: warning: assignment makes pointer from integer without a cast [-Wint-conversion]
  Tref->Current_PSP = Tref->_S_PSP_Task;
                    ^
../MYRTOS/Scheduler.c:327:20: warning: assignment makes pointer from integer without a cast [-Wint-conversion]
  Tref->Current_PSP = (unsigned int)Tref -> p_TaskEntry; //PC
                    ^
arm-none-eabi-gcc -o "MYRTOS_Project.axf" @"objects.list"   -mcpu=cortex-m3 -T"D:\Mastering Embedded Systems\MYRTOS_Project\MYRTOS_Project\STM32F103C6TX_FLASH.ld" --specs=nosys.specs -Wl,-Map="MYRTOS_Project.map" -Wl,--gc-sections -static --specs=nano.specs -mfloat-abi=soft -mthumb -Wl,--start-group -lc -lm -Wl,--end-group
Finished building target: MYRTOS_Project.axf
 
arm-none-eabi-objdump -h -S  MYRTOS_Project.axf  > "MYRTOS_Project.list"
arm-none-eabi-objcopy  -O binary  MYRTOS_Project.axf  "MYRTOS_Project.bin"
arm-none-eabi-size   MYRTOS_Project.axf 
   text	   data	    bss	    dec	    hex	filename
   3508	      8	   2792	   6308	   18a4	MYRTOS_Project.axf
Finished building: default.size.stdout
 
Finished building: MYRTOS_Project.bin
Finished building: MYRTOS_Project.list
 
 
23:39:23 **** Incremental Build of configuration Debug for project MYRTOS_Project ****
make -j8 all 
arm-none-eabi-gcc "../MYRTOS/MYRTOS_FIFO.c" -mcpu=cortex-m3 -std=gnu11 -g3 -DUSE_HAL_DRIVER -DSTM32F103x6 -DDEBUG -c -I../Core/Inc -I"D:/Mastering Embedded Systems/MYRTOS_Project/MYRTOS_Project/CMSIS" -I"D:/Mastering Embedded Systems/MYRTOS_Project/MYRTOS_Project/MYRTOS/inc" -I"D:/Mastering Embedded Systems/MYRTOS_Project/MYRTOS_Project/Stm32_F103C6_Drivers/inc" -I../Drivers/STM32F1xx_HAL_Driver/Inc -I../Drivers/STM32F1xx_HAL_Driver/Inc/Legacy -I../Drivers/CMSIS/Device/ST/STM32F1xx/Include -I../Drivers/CMSIS/Include -O0 -ffunction-sections -fdata-sections -Wall -fstack-usage -MMD -MP -MF"MYRTOS/MYRTOS_FIFO.d" -MT"MYRTOS/MYRTOS_FIFO.o" --specs=nano.specs -mfloat-abi=soft -mthumb -o "MYRTOS/MYRTOS_FIFO.o"
arm-none-eabi-gcc "../MYRTOS/Scheduler.c" -mcpu=cortex-m3 -std=gnu11 -g3 -DUSE_HAL_DRIVER -DSTM32F103x6 -DDEBUG -c -I../Core/Inc -I"D:/Mastering Embedded Systems/MYRTOS_Project/MYRTOS_Project/CMSIS" -I"D:/Mastering Embedded Systems/MYRTOS_Project/MYRTOS_Project/MYRTOS/inc" -I"D:/Mastering Embedded Systems/MYRTOS_Project/MYRTOS_Project/Stm32_F103C6_Drivers/inc" -I../Drivers/STM32F1xx_HAL_Driver/Inc -I../Drivers/STM32F1xx_HAL_Driver/Inc/Legacy -I../Drivers/CMSIS/Device/ST/STM32F1xx/Include -I../Drivers/CMSIS/Include -O0 -ffunction-sections -fdata-sections -Wall -fstack-usage -MMD -MP -MF"MYRTOS/Scheduler.d" -MT"MYRTOS/Scheduler.o" --specs=nano.specs -mfloat-abi=soft -mthumb -o "MYRTOS/Scheduler.o"
arm-none-eabi-gcc "../Core/Src/main.c" -mcpu=cortex-m3 -std=gnu11 -g3 -DUSE_HAL_DRIVER -DSTM32F103x6 -DDEBUG -c -I../Core/Inc -I"D:/Mastering Embedded Systems/MYRTOS_Project/MYRTOS_Project/CMSIS" -I"D:/Mastering Embedded Systems/MYRTOS_Project/MYRTOS_Project/MYRTOS/inc" -I"D:/Mastering Embedded Systems/MYRTOS_Project/MYRTOS_Project/Stm32_F103C6_Drivers/inc" -I../Drivers/STM32F1xx_HAL_Driver/Inc -I../Drivers/STM32F1xx_HAL_Driver/Inc/Legacy -I../Drivers/CMSIS/Device/ST/STM32F1xx/Include -I../Drivers/CMSIS/Include -O0 -ffunction-sections -fdata-sections -Wall -fstack-usage -MMD -MP -MF"Core/Src/main.d" -MT"Core/Src/main.o" --specs=nano.specs -mfloat-abi=soft -mthumb -o "Core/Src/main.o"
In file included from D:/Mastering Embedded Systems/MYRTOS_Project/MYRTOS_Project/CMSIS/ARMCM3.h:98:0,
                 from D:/Mastering Embedded Systems/MYRTOS_Project/MYRTOS_Project/CMSIS/core_cm3.h:24,
                 from D:/Mastering Embedded Systems/MYRTOS_Project/MYRTOS_Project/MYRTOS/inc/CortexMX_OS_porting.h:11,
                 from D:/Mastering Embedded Systems/MYRTOS_Project/MYRTOS_Project/MYRTOS/inc/Scheduler.h:11,
                 from ../Core/Src/main.c:25:
D:/Mastering Embedded Systems/MYRTOS_Project/MYRTOS_Project/CMSIS/core_cm3.h:1388:0: warning: "NVIC_BASE" redefined
 #define NVIC_BASE           (SCS_BASE +  0x0100UL)                    /*!< NVIC Base Address */
 
In file included from D:/Mastering Embedded Systems/MYRTOS_Project/MYRTOS_Project/Stm32_F103C6_Drivers/inc/Stm32_F103C6_gpio_driver.h:14:0,
                 from ../Core/Src/main.c:23:
D:/Mastering Embedded Systems/MYRTOS_Project/MYRTOS_Project/Stm32_F103C6_Drivers/inc/stm32f103x8.h:28:0: note: this is the location of the previous definition
 #define NVIC_BASE        0xE000E100UL
 
../Core/Src/main.c: In function 'main':
../Core/Src/main.c:124:2: warning: implicit declaration of function 'HW_Init' [-Wimplicit-function-declaration]
  HW_Init();
  ^~~~~~~
../Core/Src/main.c:132:2: warning: implicit declaration of function 'strcpy' [-Wimplicit-function-declaration]
  strcpy(Task1.TaskName,"Task_1");
  ^~~~~~
../Core/Src/main.c:132:2: warning: incompatible implicit declaration of built-in function 'strcpy'
../Core/Src/main.c:132:2: note: include '<string.h>' or provide a declaration of 'strcpy'
../Core/Src/main.c:149:8: warning: 'error' may be used uninitialized in this function [-Wmaybe-uninitialized]
  error += MYRTOS_CreateTask(&Task1);
        ^~
../MYRTOS/MYRTOS_FIFO.c: In function 'FIFO_print':
../MYRTOS/MYRTOS_FIFO.c:92:16: warning: format '%x' expects argument of type 'unsigned int', but argument 2 has type 'Task_ref * {aka struct <anonymous> *}' [-Wformat=]
    printf("\t %x \n",*temp);
               ~^     ~~~~~
../MYRTOS/Scheduler.c: In function 'MyRtos_Create_TaskStack':
../MYRTOS/Scheduler.c:321:20: warning: assignment makes pointer from integer without a cast [-Wint-conversion]
  Tref->Current_PSP = Tref->_S_PSP_Task;
                    ^
../MYRTOS/Scheduler.c:327:20: warning: assignment makes pointer from integer without a cast [-Wint-conversion]
  Tref->Current_PSP = (unsigned int)Tref -> p_TaskEntry; //PC
                    ^
arm-none-eabi-gcc -o "MYRTOS_Project.axf" @"objects.list"   -mcpu=cortex-m3 -T"D:\Mastering Embedded Systems\MYRTOS_Project\MYRTOS_Project\STM32F103C6TX_FLASH.ld" --specs=nosys.specs -Wl,-Map="MYRTOS_Project.map" -Wl,--gc-sections -static --specs=nano.specs -mfloat-abi=soft -mthumb -Wl,--start-group -lc -lm -Wl,--end-group
Finished building target: MYRTOS_Project.axf
 
arm-none-eabi-objdump -h -S  MYRTOS_Project.axf  > "MYRTOS_Project.list"
arm-none-eabi-objcopy  -O binary  MYRTOS_Project.axf  "MYRTOS_Project.bin"
arm-none-eabi-size   MYRTOS_Project.axf 
   text	   data	    bss	    dec	    hex	filename
   3508	      8	   2792	   6308	   18a4	MYRTOS_Project.axf
Finished building: default.size.stdout
 
Finished building: MYRTOS_Project.bin
Finished building: MYRTOS_Project.list
 
 
23:53:24 **** Incremental Build of configuration Debug for project MYRTOS_Project ****
make -j8 all 
arm-none-eabi-gcc "../MYRTOS/MYRTOS_FIFO.c" -mcpu=cortex-m3 -std=gnu11 -g3 -DUSE_HAL_DRIVER -DSTM32F103x6 -DDEBUG -c -I../Core/Inc -I"D:/Mastering Embedded Systems/MYRTOS_Project/MYRTOS_Project/CMSIS" -I"D:/Mastering Embedded Systems/MYRTOS_Project/MYRTOS_Project/MYRTOS/inc" -I"D:/Mastering Embedded Systems/MYRTOS_Project/MYRTOS_Project/Stm32_F103C6_Drivers/inc" -I../Drivers/STM32F1xx_HAL_Driver/Inc -I../Drivers/STM32F1xx_HAL_Driver/Inc/Legacy -I../Drivers/CMSIS/Device/ST/STM32F1xx/Include -I../Drivers/CMSIS/Include -O0 -ffunction-sections -fdata-sections -Wall -fstack-usage -MMD -MP -MF"MYRTOS/MYRTOS_FIFO.d" -MT"MYRTOS/MYRTOS_FIFO.o" --specs=nano.specs -mfloat-abi=soft -mthumb -o "MYRTOS/MYRTOS_FIFO.o"
arm-none-eabi-gcc "../MYRTOS/Scheduler.c" -mcpu=cortex-m3 -std=gnu11 -g3 -DUSE_HAL_DRIVER -DSTM32F103x6 -DDEBUG -c -I../Core/Inc -I"D:/Mastering Embedded Systems/MYRTOS_Project/MYRTOS_Project/CMSIS" -I"D:/Mastering Embedded Systems/MYRTOS_Project/MYRTOS_Project/MYRTOS/inc" -I"D:/Mastering Embedded Systems/MYRTOS_Project/MYRTOS_Project/Stm32_F103C6_Drivers/inc" -I../Drivers/STM32F1xx_HAL_Driver/Inc -I../Drivers/STM32F1xx_HAL_Driver/Inc/Legacy -I../Drivers/CMSIS/Device/ST/STM32F1xx/Include -I../Drivers/CMSIS/Include -O0 -ffunction-sections -fdata-sections -Wall -fstack-usage -MMD -MP -MF"MYRTOS/Scheduler.d" -MT"MYRTOS/Scheduler.o" --specs=nano.specs -mfloat-abi=soft -mthumb -o "MYRTOS/Scheduler.o"
arm-none-eabi-gcc "../Core/Src/main.c" -mcpu=cortex-m3 -std=gnu11 -g3 -DUSE_HAL_DRIVER -DSTM32F103x6 -DDEBUG -c -I../Core/Inc -I"D:/Mastering Embedded Systems/MYRTOS_Project/MYRTOS_Project/CMSIS" -I"D:/Mastering Embedded Systems/MYRTOS_Project/MYRTOS_Project/MYRTOS/inc" -I"D:/Mastering Embedded Systems/MYRTOS_Project/MYRTOS_Project/Stm32_F103C6_Drivers/inc" -I../Drivers/STM32F1xx_HAL_Driver/Inc -I../Drivers/STM32F1xx_HAL_Driver/Inc/Legacy -I../Drivers/CMSIS/Device/ST/STM32F1xx/Include -I../Drivers/CMSIS/Include -O0 -ffunction-sections -fdata-sections -Wall -fstack-usage -MMD -MP -MF"Core/Src/main.d" -MT"Core/Src/main.o" --specs=nano.specs -mfloat-abi=soft -mthumb -o "Core/Src/main.o"
In file included from D:/Mastering Embedded Systems/MYRTOS_Project/MYRTOS_Project/CMSIS/ARMCM3.h:98:0,
                 from D:/Mastering Embedded Systems/MYRTOS_Project/MYRTOS_Project/CMSIS/core_cm3.h:24,
                 from D:/Mastering Embedded Systems/MYRTOS_Project/MYRTOS_Project/MYRTOS/inc/CortexMX_OS_porting.h:11,
                 from D:/Mastering Embedded Systems/MYRTOS_Project/MYRTOS_Project/MYRTOS/inc/Scheduler.h:11,
                 from ../Core/Src/main.c:25:
D:/Mastering Embedded Systems/MYRTOS_Project/MYRTOS_Project/CMSIS/core_cm3.h:1388:0: warning: "NVIC_BASE" redefined
 #define NVIC_BASE           (SCS_BASE +  0x0100UL)                    /*!< NVIC Base Address */
 
In file included from D:/Mastering Embedded Systems/MYRTOS_Project/MYRTOS_Project/Stm32_F103C6_Drivers/inc/Stm32_F103C6_gpio_driver.h:14:0,
                 from ../Core/Src/main.c:23:
D:/Mastering Embedded Systems/MYRTOS_Project/MYRTOS_Project/Stm32_F103C6_Drivers/inc/stm32f103x8.h:28:0: note: this is the location of the previous definition
 #define NVIC_BASE        0xE000E100UL
 
../Core/Src/main.c: In function 'main':
../Core/Src/main.c:140:2: warning: implicit declaration of function 'HW_Init' [-Wimplicit-function-declaration]
  HW_Init();
  ^~~~~~~
../Core/Src/main.c:144:2: warning: implicit declaration of function 'strcpy' [-Wimplicit-function-declaration]
  strcpy(MUTEX1.MutexName,"mutex_shared(T1_T4)");
  ^~~~~~
../Core/Src/main.c:144:2: warning: incompatible implicit declaration of built-in function 'strcpy'
../Core/Src/main.c:144:2: note: include '<string.h>' or provide a declaration of 'strcpy'
../Core/Src/main.c:173:8: warning: 'error' may be used uninitialized in this function [-Wmaybe-uninitialized]
  error += MYRTOS_CreateTask(&Task1);
        ^~
../MYRTOS/MYRTOS_FIFO.c: In function 'FIFO_print':
../MYRTOS/MYRTOS_FIFO.c:92:16: warning: format '%x' expects argument of type 'unsigned int', but argument 2 has type 'Task_ref * {aka struct <anonymous> *}' [-Wformat=]
    printf("\t %x \n",*temp);
               ~^     ~~~~~
../MYRTOS/Scheduler.c: In function 'MyRtos_Create_TaskStack':
../MYRTOS/Scheduler.c:321:20: warning: assignment makes pointer from integer without a cast [-Wint-conversion]
  Tref->Current_PSP = Tref->_S_PSP_Task;
                    ^
../MYRTOS/Scheduler.c:327:20: warning: assignment makes pointer from integer without a cast [-Wint-conversion]
  Tref->Current_PSP = (unsigned int)Tref -> p_TaskEntry; //PC
                    ^
arm-none-eabi-gcc -o "MYRTOS_Project.axf" @"objects.list"   -mcpu=cortex-m3 -T"D:\Mastering Embedded Systems\MYRTOS_Project\MYRTOS_Project\STM32F103C6TX_FLASH.ld" --specs=nosys.specs -Wl,-Map="MYRTOS_Project.map" -Wl,--gc-sections -static --specs=nano.specs -mfloat-abi=soft -mthumb -Wl,--start-group -lc -lm -Wl,--end-group
Finished building target: MYRTOS_Project.axf
 
arm-none-eabi-objdump -h -S  MYRTOS_Project.axf  > "MYRTOS_Project.list"
arm-none-eabi-objcopy  -O binary  MYRTOS_Project.axf  "MYRTOS_Project.bin"
arm-none-eabi-size   MYRTOS_Project.axf 
   text	   data	    bss	    dec	    hex	filename
   3832	     16	   2888	   6736	   1a50	MYRTOS_Project.axf
Finished building: default.size.stdout
 
Finished building: MYRTOS_Project.bin
Finished building: MYRTOS_Project.list
 
 
23:55:15 **** Incremental Build of configuration Debug for project MYRTOS_Project ****
make -j8 all 
arm-none-eabi-gcc "../Core/Src/main.c" -mcpu=cortex-m3 -std=gnu11 -g3 -DUSE_HAL_DRIVER -DSTM32F103x6 -DDEBUG -c -I../Core/Inc -I"D:/Mastering Embedded Systems/MYRTOS_Project/MYRTOS_Project/CMSIS" -I"D:/Mastering Embedded Systems/MYRTOS_Project/MYRTOS_Project/MYRTOS/inc" -I"D:/Mastering Embedded Systems/MYRTOS_Project/MYRTOS_Project/Stm32_F103C6_Drivers/inc" -I../Drivers/STM32F1xx_HAL_Driver/Inc -I../Drivers/STM32F1xx_HAL_Driver/Inc/Legacy -I../Drivers/CMSIS/Device/ST/STM32F1xx/Include -I../Drivers/CMSIS/Include -O0 -ffunction-sections -fdata-sections -Wall -fstack-usage -MMD -MP -MF"Core/Src/main.d" -MT"Core/Src/main.o" --specs=nano.specs -mfloat-abi=soft -mthumb -o "Core/Src/main.o"
In file included from D:/Mastering Embedded Systems/MYRTOS_Project/MYRTOS_Project/CMSIS/ARMCM3.h:98:0,
                 from D:/Mastering Embedded Systems/MYRTOS_Project/MYRTOS_Project/CMSIS/core_cm3.h:24,
                 from D:/Mastering Embedded Systems/MYRTOS_Project/MYRTOS_Project/MYRTOS/inc/CortexMX_OS_porting.h:11,
                 from D:/Mastering Embedded Systems/MYRTOS_Project/MYRTOS_Project/MYRTOS/inc/Scheduler.h:11,
                 from ../Core/Src/main.c:25:
D:/Mastering Embedded Systems/MYRTOS_Project/MYRTOS_Project/CMSIS/core_cm3.h:1388:0: warning: "NVIC_BASE" redefined
 #define NVIC_BASE           (SCS_BASE +  0x0100UL)                    /*!< NVIC Base Address */
 
In file included from D:/Mastering Embedded Systems/MYRTOS_Project/MYRTOS_Project/Stm32_F103C6_Drivers/inc/Stm32_F103C6_gpio_driver.h:14:0,
                 from ../Core/Src/main.c:23:
D:/Mastering Embedded Systems/MYRTOS_Project/MYRTOS_Project/Stm32_F103C6_Drivers/inc/stm32f103x8.h:28:0: note: this is the location of the previous definition
 #define NVIC_BASE        0xE000E100UL
 
../Core/Src/main.c: In function 'main':
../Core/Src/main.c:141:2: warning: implicit declaration of function 'HW_Init' [-Wimplicit-function-declaration]
  HW_Init();
  ^~~~~~~
../Core/Src/main.c:145:2: warning: implicit declaration of function 'strcpy' [-Wimplicit-function-declaration]
  strcpy(MUTEX1.MutexName,"mutex_shared(T1_T4)");
  ^~~~~~
../Core/Src/main.c:145:2: warning: incompatible implicit declaration of built-in function 'strcpy'
../Core/Src/main.c:145:2: note: include '<string.h>' or provide a declaration of 'strcpy'
../Core/Src/main.c:174:8: warning: 'error' may be used uninitialized in this function [-Wmaybe-uninitialized]
  error += MYRTOS_CreateTask(&Task1);
        ^~
arm-none-eabi-gcc -o "MYRTOS_Project.axf" @"objects.list"   -mcpu=cortex-m3 -T"D:\Mastering Embedded Systems\MYRTOS_Project\MYRTOS_Project\STM32F103C6TX_FLASH.ld" --specs=nosys.specs -Wl,-Map="MYRTOS_Project.map" -Wl,--gc-sections -static --specs=nano.specs -mfloat-abi=soft -mthumb -Wl,--start-group -lc -lm -Wl,--end-group
Finished building target: MYRTOS_Project.axf
 
arm-none-eabi-objdump -h -S  MYRTOS_Project.axf  > "MYRTOS_Project.list"
arm-none-eabi-objcopy  -O binary  MYRTOS_Project.axf  "MYRTOS_Project.bin"
arm-none-eabi-size   MYRTOS_Project.axf 
   text	   data	    bss	    dec	    hex	filename
   3832	     16	   2888	   6736	   1a50	MYRTOS_Project.axf
Finished building: default.size.stdout
 
Finished building: MYRTOS_Project.bin
Finished building: MYRTOS_Project.list
 
 
