18:44:31 **** Build of configuration Debug for project Drivers ****
make -j8 all 
arm-none-eabi-gcc -gdwarf-2 "../Src/main.c" -mcpu=cortex-m3 -std=gnu11 -g3 -DSTM32 -DSTM32F1 -DSTM32F103C6Tx -DDEBUG -c -I"D:/Mastering Embedded Systems/Unit 14 ARM/unit14_lesson2_lab1/Drivers/HAL/includes" -I../Inc -I"D:/Mastering Embedded Systems/Unit 14 ARM/unit14_lesson2_lab1/Drivers/Stm32_F103C6_Drivers/inc" -O0 -ffunction-sections -fdata-sections -Wall -fstack-usage -MMD -MP -MF"Src/main.d" -MT"Src/main.o" --specs=nano.specs -mfloat-abi=soft -mthumb -o "Src/main.o"
arm-none-eabi-objdump -h -S  Drivers.axf  > "Drivers.list"
arm-none-eabi-objcopy  -O binary  Drivers.axf  "Drivers.bin"
arm-none-eabi-size   Drivers.axf 
   text	   data	    bss	    dec	    hex	filename
   2700	      8	   1632	   4340	   10f4	Drivers.axf
Finished building: default.size.stdout
 
Finished building: Drivers.bin
 
arm-none-eabi-objdump: Warning: source file D:/Mastering Embedded Systems/Unit 14 ARM/unit14_lesson4_lab/Drivers/Debug/../Src/main.c is more recent than object file
../Src/main.c:42:23: warning: initialization makes integer from pointer without a cast [-Wint-conversion]
 unsigned int _S_MSP = &_estack;
                       ^
../Src/main.c: In function 'SVC_Handler':
../Src/main.c:77:2: warning: implicit declaration of function 'SWITCH_CPU_AccessLevel' [-Wimplicit-function-declaration]
  SWITCH_CPU_AccessLevel(privileged);
  ^~~~~~~~~~~~~~~~~~~~~~
../Src/main.c: At top level:
../Src/main.c:84:6: warning: conflicting types for 'SWITCH_CPU_AccessLevel'
 void SWITCH_CPU_AccessLevel(enum CPUAccessLevel level)
      ^~~~~~~~~~~~~~~~~~~~~~
../Src/main.c:77:2: note: previous implicit declaration of 'SWITCH_CPU_AccessLevel' was here
  SWITCH_CPU_AccessLevel(privileged);
  ^~~~~~~~~~~~~~~~~~~~~~
Finished building: Drivers.list
 
C:\Users\Hisham\AppData\Local\Temp\cc51Jm6d.s: Assembler messages:
C:\Users\Hisham\AppData\Local\Temp\cc51Jm6d.s:507: Error: undefined symbol CONTROL used as an immediate value
C:\Users\Hisham\AppData\Local\Temp\cc51Jm6d.s:533: Error: undefined symbol CONTROL used as an immediate value
C:\Users\Hisham\AppData\Local\Temp\cc51Jm6d.s:557: Error: undefined symbol CONTROL used as an immediate value
C:\Users\Hisham\AppData\Local\Temp\cc51Jm6d.s:584: Error: undefined symbol CONTROL used as an immediate value
make: *** [Src/subdir.mk:24: Src/main.o] Error 1
"make -j8 all" terminated with exit code 2. Build might be incomplete.
18:45:58 **** Incremental Build of configuration Debug for project Drivers ****
make -j8 all 
arm-none-eabi-gcc -gdwarf-2 "../Src/main.c" -mcpu=cortex-m3 -std=gnu11 -g3 -DSTM32 -DSTM32F1 -DSTM32F103C6Tx -DDEBUG -c -I"D:/Mastering Embedded Systems/Unit 14 ARM/unit14_lesson2_lab1/Drivers/HAL/includes" -I../Inc -I"D:/Mastering Embedded Systems/Unit 14 ARM/unit14_lesson2_lab1/Drivers/Stm32_F103C6_Drivers/inc" -O0 -ffunction-sections -fdata-sections -Wall -fstack-usage -MMD -MP -MF"Src/main.d" -MT"Src/main.o" --specs=nano.specs -mfloat-abi=soft -mthumb -o "Src/main.o"
arm-none-eabi-size   Drivers.axf 
   text	   data	    bss	    dec	    hex	filename
   2700	      8	   1632	   4340	   10f4	Drivers.axf
Finished building: default.size.stdout
 
../Src/main.c:42:23: warning: initialization makes integer from pointer without a cast [-Wint-conversion]
 unsigned int _S_MSP = &_estack;
                       ^
../Src/main.c: In function 'SVC_Handler':
../Src/main.c:77:2: warning: implicit declaration of function 'SWITCH_CPU_AccessLevel' [-Wimplicit-function-declaration]
  SWITCH_CPU_AccessLevel(privileged);
  ^~~~~~~~~~~~~~~~~~~~~~
../Src/main.c: At top level:
../Src/main.c:84:6: warning: conflicting types for 'SWITCH_CPU_AccessLevel'
 void SWITCH_CPU_AccessLevel(enum CPUAccessLevel level)
      ^~~~~~~~~~~~~~~~~~~~~~
../Src/main.c:77:2: note: previous implicit declaration of 'SWITCH_CPU_AccessLevel' was here
  SWITCH_CPU_AccessLevel(privileged);
  ^~~~~~~~~~~~~~~~~~~~~~
C:\Users\Hisham\AppData\Local\Temp\ccsaj2Od.s: Assembler messages:
C:\Users\Hisham\AppData\Local\Temp\ccsaj2Od.s:507: Error: undefined symbol CONTROL used as an immediate value
C:\Users\Hisham\AppData\Local\Temp\ccsaj2Od.s:533: Error: undefined symbol CONTROL used as an immediate value
C:\Users\Hisham\AppData\Local\Temp\ccsaj2Od.s:557: Error: undefined symbol CONTROL used as an immediate value
C:\Users\Hisham\AppData\Local\Temp\ccsaj2Od.s:584: Error: undefined symbol CONTROL used as an immediate value
make: *** [Src/subdir.mk:24: Src/main.o] Error 1
"make -j8 all" terminated with exit code 2. Build might be incomplete.
18:48:34 **** Incremental Build of configuration Debug for project Drivers ****
make -j8 all 
arm-none-eabi-gcc -gdwarf-2 "../Src/main.c" -mcpu=cortex-m3 -std=gnu11 -g3 -DSTM32 -DSTM32F1 -DSTM32F103C6Tx -DDEBUG -c -I"D:/Mastering Embedded Systems/Unit 14 ARM/unit14_lesson2_lab1/Drivers/HAL/includes" -I../Inc -I"D:/Mastering Embedded Systems/Unit 14 ARM/unit14_lesson2_lab1/Drivers/Stm32_F103C6_Drivers/inc" -O0 -ffunction-sections -fdata-sections -Wall -fstack-usage -MMD -MP -MF"Src/main.d" -MT"Src/main.o" --specs=nano.specs -mfloat-abi=soft -mthumb -o "Src/main.o"
arm-none-eabi-size   Drivers.axf 
   text	   data	    bss	    dec	    hex	filename
   2700	      8	   1632	   4340	   10f4	Drivers.axf
Finished building: default.size.stdout
 
../Src/main.c:42:23: warning: initialization makes integer from pointer without a cast [-Wint-conversion]
 unsigned int _S_MSP = &_estack;
                       ^
../Src/main.c: In function 'SVC_Handler':
../Src/main.c:77:2: warning: implicit declaration of function 'SWITCH_CPU_AccessLevel' [-Wimplicit-function-declaration]
  SWITCH_CPU_AccessLevel(privileged);
  ^~~~~~~~~~~~~~~~~~~~~~
../Src/main.c: At top level:
../Src/main.c:84:6: warning: conflicting types for 'SWITCH_CPU_AccessLevel'
 void SWITCH_CPU_AccessLevel(enum CPUAccessLevel level)
      ^~~~~~~~~~~~~~~~~~~~~~
../Src/main.c:77:2: note: previous implicit declaration of 'SWITCH_CPU_AccessLevel' was here
  SWITCH_CPU_AccessLevel(privileged);
  ^~~~~~~~~~~~~~~~~~~~~~
C:\Users\Hisham\AppData\Local\Temp\ccyBfoN1.s: Assembler messages:
C:\Users\Hisham\AppData\Local\Temp\ccyBfoN1.s:507: Error: undefined symbol CONTROL used as an immediate value
C:\Users\Hisham\AppData\Local\Temp\ccyBfoN1.s:533: Error: undefined symbol CONTROL used as an immediate value
C:\Users\Hisham\AppData\Local\Temp\ccyBfoN1.s:557: Error: undefined symbol CONTROL used as an immediate value
C:\Users\Hisham\AppData\Local\Temp\ccyBfoN1.s:584: Error: undefined symbol CONTROL used as an immediate value
make: *** [Src/subdir.mk:24: Src/main.o] Error 1
"make -j8 all" terminated with exit code 2. Build might be incomplete.
18:50:03 **** Incremental Build of configuration Debug for project Drivers ****
make -j8 all 
arm-none-eabi-gcc -gdwarf-2 "../Src/main.c" -mcpu=cortex-m3 -std=gnu11 -g3 -DSTM32 -DSTM32F1 -DSTM32F103C6Tx -DDEBUG -c -I"D:/Mastering Embedded Systems/Unit 14 ARM/unit14_lesson2_lab1/Drivers/HAL/includes" -I../Inc -I"D:/Mastering Embedded Systems/Unit 14 ARM/unit14_lesson2_lab1/Drivers/Stm32_F103C6_Drivers/inc" -O0 -ffunction-sections -fdata-sections -Wall -fstack-usage -MMD -MP -MF"Src/main.d" -MT"Src/main.o" --specs=nano.specs -mfloat-abi=soft -mthumb -o "Src/main.o"
arm-none-eabi-size   Drivers.axf 
   text	   data	    bss	    dec	    hex	filename
   2700	      8	   1632	   4340	   10f4	Drivers.axf
Finished building: default.size.stdout
 
../Src/main.c:42:23: warning: initialization makes integer from pointer without a cast [-Wint-conversion]
 unsigned int _S_MSP = &_estack;
                       ^
../Src/main.c: In function 'SVC_Handler':
../Src/main.c:77:2: warning: implicit declaration of function 'SWITCH_CPU_AccessLevel' [-Wimplicit-function-declaration]
  SWITCH_CPU_AccessLevel(privileged);
  ^~~~~~~~~~~~~~~~~~~~~~
../Src/main.c: At top level:
../Src/main.c:84:6: warning: conflicting types for 'SWITCH_CPU_AccessLevel'
 void SWITCH_CPU_AccessLevel(enum CPUAccessLevel level)
      ^~~~~~~~~~~~~~~~~~~~~~
../Src/main.c:77:2: note: previous implicit declaration of 'SWITCH_CPU_AccessLevel' was here
  SWITCH_CPU_AccessLevel(privileged);
  ^~~~~~~~~~~~~~~~~~~~~~
C:\Users\Hisham\AppData\Local\Temp\ccpqonOI.s: Assembler messages:
C:\Users\Hisham\AppData\Local\Temp\ccpqonOI.s:507: Error: undefined symbol CONTROL used as an immediate value
C:\Users\Hisham\AppData\Local\Temp\ccpqonOI.s:533: Error: undefined symbol CONTROL used as an immediate value
C:\Users\Hisham\AppData\Local\Temp\ccpqonOI.s:557: Error: undefined symbol CONTROL used as an immediate value
C:\Users\Hisham\AppData\Local\Temp\ccpqonOI.s:584: Error: undefined symbol CONTROL used as an immediate value
make: *** [Src/subdir.mk:24: Src/main.o] Error 1
"make -j8 all" terminated with exit code 2. Build might be incomplete.
18:50:07 **** Incremental Build of configuration Debug for project Drivers ****
make -j8 all 
arm-none-eabi-gcc -gdwarf-2 "../Src/main.c" -mcpu=cortex-m3 -std=gnu11 -g3 -DSTM32 -DSTM32F1 -DSTM32F103C6Tx -DDEBUG -c -I"D:/Mastering Embedded Systems/Unit 14 ARM/unit14_lesson2_lab1/Drivers/HAL/includes" -I../Inc -I"D:/Mastering Embedded Systems/Unit 14 ARM/unit14_lesson2_lab1/Drivers/Stm32_F103C6_Drivers/inc" -O0 -ffunction-sections -fdata-sections -Wall -fstack-usage -MMD -MP -MF"Src/main.d" -MT"Src/main.o" --specs=nano.specs -mfloat-abi=soft -mthumb -o "Src/main.o"
arm-none-eabi-size   Drivers.axf 
   text	   data	    bss	    dec	    hex	filename
   2700	      8	   1632	   4340	   10f4	Drivers.axf
Finished building: default.size.stdout
 
../Src/main.c:42:23: warning: initialization makes integer from pointer without a cast [-Wint-conversion]
 unsigned int _S_MSP = &_estack;
                       ^
../Src/main.c: In function 'SVC_Handler':
../Src/main.c:77:2: warning: implicit declaration of function 'SWITCH_CPU_AccessLevel' [-Wimplicit-function-declaration]
  SWITCH_CPU_AccessLevel(privileged);
  ^~~~~~~~~~~~~~~~~~~~~~
../Src/main.c: At top level:
../Src/main.c:84:6: warning: conflicting types for 'SWITCH_CPU_AccessLevel'
 void SWITCH_CPU_AccessLevel(enum CPUAccessLevel level)
      ^~~~~~~~~~~~~~~~~~~~~~
../Src/main.c:77:2: note: previous implicit declaration of 'SWITCH_CPU_AccessLevel' was here
  SWITCH_CPU_AccessLevel(privileged);
  ^~~~~~~~~~~~~~~~~~~~~~
C:\Users\Hisham\AppData\Local\Temp\ccUJoRLf.s: Assembler messages:
C:\Users\Hisham\AppData\Local\Temp\ccUJoRLf.s:507: Error: undefined symbol CONTROL used as an immediate value
C:\Users\Hisham\AppData\Local\Temp\ccUJoRLf.s:533: Error: undefined symbol CONTROL used as an immediate value
C:\Users\Hisham\AppData\Local\Temp\ccUJoRLf.s:557: Error: undefined symbol CONTROL used as an immediate value
C:\Users\Hisham\AppData\Local\Temp\ccUJoRLf.s:584: Error: undefined symbol CONTROL used as an immediate value
make: *** [Src/subdir.mk:24: Src/main.o] Error 1
"make -j8 all" terminated with exit code 2. Build might be incomplete.
18:51:18 **** Incremental Build of configuration Debug for project Drivers ****
make -j8 all 
arm-none-eabi-gcc -gdwarf-2 "../Src/main.c" -mcpu=cortex-m3 -std=gnu11 -g3 -DSTM32 -DSTM32F1 -DSTM32F103C6Tx -DDEBUG -c -I"D:/Mastering Embedded Systems/Unit 14 ARM/unit14_lesson2_lab1/Drivers/HAL/includes" -I../Inc -I"D:/Mastering Embedded Systems/Unit 14 ARM/unit14_lesson2_lab1/Drivers/Stm32_F103C6_Drivers/inc" -O0 -ffunction-sections -fdata-sections -Wall -fstack-usage -MMD -MP -MF"Src/main.d" -MT"Src/main.o" --specs=nano.specs -mfloat-abi=soft -mthumb -o "Src/main.o"
arm-none-eabi-size   Drivers.axf 
   text	   data	    bss	    dec	    hex	filename
   2700	      8	   1632	   4340	   10f4	Drivers.axf
Finished building: default.size.stdout
 
../Src/main.c:42:23: warning: initialization makes integer from pointer without a cast [-Wint-conversion]
 unsigned int _S_MSP = &_estack;
                       ^
../Src/main.c: In function 'SVC_Handler':
../Src/main.c:77:2: warning: implicit declaration of function 'SWITCH_CPU_AccessLevel' [-Wimplicit-function-declaration]
  SWITCH_CPU_AccessLevel(privileged);
  ^~~~~~~~~~~~~~~~~~~~~~
../Src/main.c: At top level:
../Src/main.c:84:6: warning: conflicting types for 'SWITCH_CPU_AccessLevel'
 void SWITCH_CPU_AccessLevel(enum CPUAccessLevel level)
      ^~~~~~~~~~~~~~~~~~~~~~
../Src/main.c:77:2: note: previous implicit declaration of 'SWITCH_CPU_AccessLevel' was here
  SWITCH_CPU_AccessLevel(privileged);
  ^~~~~~~~~~~~~~~~~~~~~~
arm-none-eabi-gcc -gdwarf-2 -o "Drivers.axf" @"objects.list"   -mcpu=cortex-m3 -T"D:\Mastering Embedded Systems\Unit 14 ARM\unit14_lesson2_lab1\Drivers\STM32F103C6TX_FLASH.ld" --specs=nosys.specs -Wl,-Map="Drivers.map" -Wl,--gc-sections -static --specs=nano.specs -mfloat-abi=soft -mthumb -Wl,--start-group -lc -lm -Wl,--end-group
arm-none-eabi-objdump -D Drivers.axf > ARM_Course.s
Finished building target: Drivers.elf
 
13:48:21 **** Incremental Build of configuration Debug for project Drivers ****
make -j8 all 
arm-none-eabi-gcc -gdwarf-2 "../Src/main.c" -mcpu=cortex-m3 -std=gnu11 -g3 -DSTM32 -DSTM32F1 -DSTM32F103C6Tx -DDEBUG -c -I"D:/Mastering Embedded Systems/Unit 14 ARM/unit14_lesson2_lab1/Drivers/HAL/includes" -I../Inc -I"D:/Mastering Embedded Systems/Unit 14 ARM/unit14_lesson2_lab1/Drivers/Stm32_F103C6_Drivers/inc" -O0 -ffunction-sections -fdata-sections -Wall -fstack-usage -MMD -MP -MF"Src/main.d" -MT"Src/main.o" --specs=nano.specs -mfloat-abi=soft -mthumb -o "Src/main.o"
arm-none-eabi-objdump -h -S  Drivers.axf  > "Drivers.list"
arm-none-eabi-objcopy  -O binary  Drivers.axf  "Drivers.bin"
arm-none-eabi-size   Drivers.axf 
   text	   data	    bss	    dec	    hex	filename
   3080	     12	   1660	   4752	   1290	Drivers.axf
Finished building: default.size.stdout
Finished building: Drivers.bin
 
 
arm-none-eabi-objdump: Warning: source file D:/Mastering Embedded Systems/Unit 14 ARM/unit14_lesson5_lab/Drivers/Debug/../Src/main.c is more recent than object file
Finished building: Drivers.list
 
../Src/main.c:42:23: warning: initialization makes integer from pointer without a cast [-Wint-conversion]
 unsigned int _S_MSP = &_estack;
                       ^
../Src/main.c: In function 'SVC_Handler':
../Src/main.c:77:2: warning: implicit declaration of function 'SWITCH_CPU_AccessLevel' [-Wimplicit-function-declaration]
  SWITCH_CPU_AccessLevel(privileged);
  ^~~~~~~~~~~~~~~~~~~~~~
../Src/main.c: At top level:
../Src/main.c:84:6: warning: conflicting types for 'SWITCH_CPU_AccessLevel'
 void SWITCH_CPU_AccessLevel(enum CPUAccessLevel level)
      ^~~~~~~~~~~~~~~~~~~~~~
../Src/main.c:77:2: note: previous implicit declaration of 'SWITCH_CPU_AccessLevel' was here
  SWITCH_CPU_AccessLevel(privileged);
  ^~~~~~~~~~~~~~~~~~~~~~
arm-none-eabi-gcc -gdwarf-2 -o "Drivers.axf" @"objects.list"   -mcpu=cortex-m3 -T"D:\Mastering Embedded Systems\Unit 14 ARM\unit14_lesson2_lab1\Drivers\STM32F103C6TX_FLASH.ld" --specs=nosys.specs -Wl,-Map="Drivers.map" -Wl,--gc-sections -static --specs=nano.specs -mfloat-abi=soft -mthumb -Wl,--start-group -lc -lm -Wl,--end-group
arm-none-eabi-objdump -D Drivers.axf > ARM_Course.s
Finished building target: Drivers.elf
 
13:50:51 **** Incremental Build of configuration Debug for project Drivers ****
make -j8 all 
arm-none-eabi-gcc -gdwarf-2 "../Stm32_F103C6_Drivers/GPIO/Stm32_F103C6_gpio_driver.c" -mcpu=cortex-m3 -std=gnu11 -g3 -DSTM32 -DSTM32F1 -DSTM32F103C6Tx -DDEBUG -c -I"D:/Mastering Embedded Systems/Unit 14 ARM/unit14_lesson5_lab/Drivers/HAL/includes" -I"D:/Mastering Embedded Systems/Unit 14 ARM/unit14_lesson5_lab/Drivers/CMSIS_V5" -I../Inc -I"D:/Mastering Embedded Systems/Unit 14 ARM/unit14_lesson5_lab/Drivers/Stm32_F103C6_Drivers/inc" -O0 -ffunction-sections -fdata-sections -Wall -fstack-usage -MMD -MP -MF"Stm32_F103C6_Drivers/GPIO/Stm32_F103C6_gpio_driver.d" -MT"Stm32_F103C6_Drivers/GPIO/Stm32_F103C6_gpio_driver.o" --specs=nano.specs -mfloat-abi=soft -mthumb -o "Stm32_F103C6_Drivers/GPIO/Stm32_F103C6_gpio_driver.o"
arm-none-eabi-gcc -gdwarf-2 "../Stm32_F103C6_Drivers/Stm32_F103C6_EXTI_driver.c" -mcpu=cortex-m3 -std=gnu11 -g3 -DSTM32 -DSTM32F1 -DSTM32F103C6Tx -DDEBUG -c -I"D:/Mastering Embedded Systems/Unit 14 ARM/unit14_lesson5_lab/Drivers/HAL/includes" -I"D:/Mastering Embedded Systems/Unit 14 ARM/unit14_lesson5_lab/Drivers/CMSIS_V5" -I../Inc -I"D:/Mastering Embedded Systems/Unit 14 ARM/unit14_lesson5_lab/Drivers/Stm32_F103C6_Drivers/inc" -O0 -ffunction-sections -fdata-sections -Wall -fstack-usage -MMD -MP -MF"Stm32_F103C6_Drivers/Stm32_F103C6_EXTI_driver.d" -MT"Stm32_F103C6_Drivers/Stm32_F103C6_EXTI_driver.o" --specs=nano.specs -mfloat-abi=soft -mthumb -o "Stm32_F103C6_Drivers/Stm32_F103C6_EXTI_driver.o"
arm-none-eabi-gcc -gdwarf-2 "../Src/main.c" -mcpu=cortex-m3 -std=gnu11 -g3 -DSTM32 -DSTM32F1 -DSTM32F103C6Tx -DDEBUG -c -I"D:/Mastering Embedded Systems/Unit 14 ARM/unit14_lesson5_lab/Drivers/HAL/includes" -I"D:/Mastering Embedded Systems/Unit 14 ARM/unit14_lesson5_lab/Drivers/CMSIS_V5" -I../Inc -I"D:/Mastering Embedded Systems/Unit 14 ARM/unit14_lesson5_lab/Drivers/Stm32_F103C6_Drivers/inc" -O0 -ffunction-sections -fdata-sections -Wall -fstack-usage -MMD -MP -MF"Src/main.d" -MT"Src/main.o" --specs=nano.specs -mfloat-abi=soft -mthumb -o "Src/main.o"
arm-none-eabi-gcc -gdwarf-2 "../Src/syscalls.c" -mcpu=cortex-m3 -std=gnu11 -g3 -DSTM32 -DSTM32F1 -DSTM32F103C6Tx -DDEBUG -c -I"D:/Mastering Embedded Systems/Unit 14 ARM/unit14_lesson5_lab/Drivers/HAL/includes" -I"D:/Mastering Embedded Systems/Unit 14 ARM/unit14_lesson5_lab/Drivers/CMSIS_V5" -I../Inc -I"D:/Mastering Embedded Systems/Unit 14 ARM/unit14_lesson5_lab/Drivers/Stm32_F103C6_Drivers/inc" -O0 -ffunction-sections -fdata-sections -Wall -fstack-usage -MMD -MP -MF"Src/syscalls.d" -MT"Src/syscalls.o" --specs=nano.specs -mfloat-abi=soft -mthumb -o "Src/syscalls.o"
arm-none-eabi-gcc -gdwarf-2 "../Src/sysmem.c" -mcpu=cortex-m3 -std=gnu11 -g3 -DSTM32 -DSTM32F1 -DSTM32F103C6Tx -DDEBUG -c -I"D:/Mastering Embedded Systems/Unit 14 ARM/unit14_lesson5_lab/Drivers/HAL/includes" -I"D:/Mastering Embedded Systems/Unit 14 ARM/unit14_lesson5_lab/Drivers/CMSIS_V5" -I../Inc -I"D:/Mastering Embedded Systems/Unit 14 ARM/unit14_lesson5_lab/Drivers/Stm32_F103C6_Drivers/inc" -O0 -ffunction-sections -fdata-sections -Wall -fstack-usage -MMD -MP -MF"Src/sysmem.d" -MT"Src/sysmem.o" --specs=nano.specs -mfloat-abi=soft -mthumb -o "Src/sysmem.o"
arm-none-eabi-gcc -gdwarf-2 "../HAL/keypad.c" -mcpu=cortex-m3 -std=gnu11 -g3 -DSTM32 -DSTM32F1 -DSTM32F103C6Tx -DDEBUG -c -I"D:/Mastering Embedded Systems/Unit 14 ARM/unit14_lesson5_lab/Drivers/HAL/includes" -I"D:/Mastering Embedded Systems/Unit 14 ARM/unit14_lesson5_lab/Drivers/CMSIS_V5" -I../Inc -I"D:/Mastering Embedded Systems/Unit 14 ARM/unit14_lesson5_lab/Drivers/Stm32_F103C6_Drivers/inc" -O0 -ffunction-sections -fdata-sections -Wall -fstack-usage -MMD -MP -MF"HAL/keypad.d" -MT"HAL/keypad.o" --specs=nano.specs -mfloat-abi=soft -mthumb -o "HAL/keypad.o"
arm-none-eabi-gcc -gdwarf-2 "../HAL/lcd.c" -mcpu=cortex-m3 -std=gnu11 -g3 -DSTM32 -DSTM32F1 -DSTM32F103C6Tx -DDEBUG -c -I"D:/Mastering Embedded Systems/Unit 14 ARM/unit14_lesson5_lab/Drivers/HAL/includes" -I"D:/Mastering Embedded Systems/Unit 14 ARM/unit14_lesson5_lab/Drivers/CMSIS_V5" -I../Inc -I"D:/Mastering Embedded Systems/Unit 14 ARM/unit14_lesson5_lab/Drivers/Stm32_F103C6_Drivers/inc" -O0 -ffunction-sections -fdata-sections -Wall -fstack-usage -MMD -MP -MF"HAL/lcd.d" -MT"HAL/lcd.o" --specs=nano.specs -mfloat-abi=soft -mthumb -o "HAL/lcd.o"
../Src/main.c:42:23: warning: initialization makes integer from pointer without a cast [-Wint-conversion]
 unsigned int _S_MSP = &_estack;
                       ^
../Src/main.c: In function 'SVC_Handler':
../Src/main.c:77:2: warning: implicit declaration of function 'SWITCH_CPU_AccessLevel' [-Wimplicit-function-declaration]
  SWITCH_CPU_AccessLevel(privileged);
  ^~~~~~~~~~~~~~~~~~~~~~
../Src/main.c: At top level:
../Src/main.c:84:6: warning: conflicting types for 'SWITCH_CPU_AccessLevel'
 void SWITCH_CPU_AccessLevel(enum CPUAccessLevel level)
      ^~~~~~~~~~~~~~~~~~~~~~
../Src/main.c:77:2: note: previous implicit declaration of 'SWITCH_CPU_AccessLevel' was here
  SWITCH_CPU_AccessLevel(privileged);
  ^~~~~~~~~~~~~~~~~~~~~~
arm-none-eabi-gcc -gdwarf-2 -o "Drivers.axf" @"objects.list"   -mcpu=cortex-m3 -T"D:\Mastering Embedded Systems\Unit 14 ARM\unit14_lesson5_lab\Drivers\STM32F103C6TX_FLASH.ld" --specs=nosys.specs -Wl,-Map="Drivers.map" -Wl,--gc-sections -static --specs=nano.specs -mfloat-abi=soft -mthumb -Wl,--start-group -lc -lm -Wl,--end-group
Finished building target: Drivers.axf
 
arm-none-eabi-objdump -h -S  Drivers.axf  > "Drivers.list"
arm-none-eabi-objcopy  -O binary  Drivers.axf  "Drivers.bin"
arm-none-eabi-size   Drivers.axf 
   text	   data	    bss	    dec	    hex	filename
   3080	     12	   1660	   4752	   1290	Drivers.axf
Finished building: default.size.stdout
 
Finished building: Drivers.bin
 
Finished building: Drivers.list
 
13:51:05 **** Incremental Build of configuration Debug for project Drivers ****
make -j8 all 
arm-none-eabi-gcc -gdwarf-2 "../Src/main.c" -mcpu=cortex-m3 -std=gnu11 -g3 -DSTM32 -DSTM32F1 -DSTM32F103C6Tx -DDEBUG -c -I"D:/Mastering Embedded Systems/Unit 14 ARM/unit14_lesson5_lab/Drivers/HAL/includes" -I"D:/Mastering Embedded Systems/Unit 14 ARM/unit14_lesson5_lab/Drivers/CMSIS_V5" -I../Inc -I"D:/Mastering Embedded Systems/Unit 14 ARM/unit14_lesson5_lab/Drivers/Stm32_F103C6_Drivers/inc" -O0 -ffunction-sections -fdata-sections -Wall -fstack-usage -MMD -MP -MF"Src/main.d" -MT"Src/main.o" --specs=nano.specs -mfloat-abi=soft -mthumb -o "Src/main.o"
In file included from D:/Mastering Embedded Systems/Unit 14 ARM/unit14_lesson5_lab/Drivers/CMSIS_V5/core_cm3.h:116:0,
                 from ../Src/main.c:26:
D:/Mastering Embedded Systems/Unit 14 ARM/unit14_lesson5_lab/Drivers/CMSIS_V5/cmsis_compiler.h:54:12: fatal error: cmsis_gcc.h: No such file or directory
   #include "cmsis_gcc.h"
            ^~~~~~~~~~~~~
compilation terminated.
make: *** [Src/subdir.mk:24: Src/main.o] Error 1
"make -j8 all" terminated with exit code 2. Build might be incomplete.
13:51:42 **** Incremental Build of configuration Debug for project Drivers ****
make -j8 all 
arm-none-eabi-gcc -gdwarf-2 "../Src/main.c" -mcpu=cortex-m3 -std=gnu11 -g3 -DSTM32 -DSTM32F1 -DSTM32F103C6Tx -DDEBUG -c -I"D:/Mastering Embedded Systems/Unit 14 ARM/unit14_lesson5_lab/Drivers/HAL/includes" -I"D:/Mastering Embedded Systems/Unit 14 ARM/unit14_lesson5_lab/Drivers/CMSIS_V5" -I../Inc -I"D:/Mastering Embedded Systems/Unit 14 ARM/unit14_lesson5_lab/Drivers/Stm32_F103C6_Drivers/inc" -O0 -ffunction-sections -fdata-sections -Wall -fstack-usage -MMD -MP -MF"Src/main.d" -MT"Src/main.o" --specs=nano.specs -mfloat-abi=soft -mthumb -o "Src/main.o"
In file included from ../Src/main.c:26:0:
D:/Mastering Embedded Systems/Unit 14 ARM/unit14_lesson5_lab/Drivers/CMSIS_V5/core_cm3.h:1380:0: warning: "NVIC_BASE" redefined
 #define NVIC_BASE           (SCS_BASE +  0x0100UL)                    /*!< NVIC Base Address */
 
In file included from D:/Mastering Embedded Systems/Unit 14 ARM/unit14_lesson5_lab/Drivers/Stm32_F103C6_Drivers/inc/Stm32_F103C6_gpio_driver.h:14:0,
                 from ../Src/main.c:24:
D:/Mastering Embedded Systems/Unit 14 ARM/unit14_lesson5_lab/Drivers/Stm32_F103C6_Drivers/inc/stm32f103x8.h:28:0: note: this is the location of the previous definition
 #define NVIC_BASE        0xE000E100UL
 
In file included from ../Src/main.c:26:0:
D:/Mastering Embedded Systems/Unit 14 ARM/unit14_lesson5_lab/Drivers/CMSIS_V5/core_cm3.h:1612:39: error: unknown type name 'IRQn_Type'; did you mean 'ITM_Type'?
 __STATIC_INLINE void __NVIC_EnableIRQ(IRQn_Type IRQn)
                                       ^~~~~~~~~
                                       ITM_Type
D:/Mastering Embedded Systems/Unit 14 ARM/unit14_lesson5_lab/Drivers/CMSIS_V5/core_cm3.h:1631:46: error: unknown type name 'IRQn_Type'; did you mean 'ITM_Type'?
 __STATIC_INLINE uint32_t __NVIC_GetEnableIRQ(IRQn_Type IRQn)
                                              ^~~~~~~~~
                                              ITM_Type
D:/Mastering Embedded Systems/Unit 14 ARM/unit14_lesson5_lab/Drivers/CMSIS_V5/core_cm3.h:1650:40: error: unknown type name 'IRQn_Type'; did you mean 'ITM_Type'?
 __STATIC_INLINE void __NVIC_DisableIRQ(IRQn_Type IRQn)
                                        ^~~~~~~~~
                                        ITM_Type
D:/Mastering Embedded Systems/Unit 14 ARM/unit14_lesson5_lab/Drivers/CMSIS_V5/core_cm3.h:1669:47: error: unknown type name 'IRQn_Type'; did you mean 'ITM_Type'?
 __STATIC_INLINE uint32_t __NVIC_GetPendingIRQ(IRQn_Type IRQn)
                                               ^~~~~~~~~
                                               ITM_Type
D:/Mastering Embedded Systems/Unit 14 ARM/unit14_lesson5_lab/Drivers/CMSIS_V5/core_cm3.h:1688:43: error: unknown type name 'IRQn_Type'; did you mean 'ITM_Type'?
 __STATIC_INLINE void __NVIC_SetPendingIRQ(IRQn_Type IRQn)
                                           ^~~~~~~~~
                                           ITM_Type
D:/Mastering Embedded Systems/Unit 14 ARM/unit14_lesson5_lab/Drivers/CMSIS_V5/core_cm3.h:1703:45: error: unknown type name 'IRQn_Type'; did you mean 'ITM_Type'?
 __STATIC_INLINE void __NVIC_ClearPendingIRQ(IRQn_Type IRQn)
                                             ^~~~~~~~~
                                             ITM_Type
D:/Mastering Embedded Systems/Unit 14 ARM/unit14_lesson5_lab/Drivers/CMSIS_V5/core_cm3.h:1720:43: error: unknown type name 'IRQn_Type'; did you mean 'ITM_Type'?
 __STATIC_INLINE uint32_t __NVIC_GetActive(IRQn_Type IRQn)
                                           ^~~~~~~~~
                                           ITM_Type
D:/Mastering Embedded Systems/Unit 14 ARM/unit14_lesson5_lab/Drivers/CMSIS_V5/core_cm3.h:1742:41: error: unknown type name 'IRQn_Type'; did you mean 'ITM_Type'?
 __STATIC_INLINE void __NVIC_SetPriority(IRQn_Type IRQn, uint32_t priority)
                                         ^~~~~~~~~
                                         ITM_Type
D:/Mastering Embedded Systems/Unit 14 ARM/unit14_lesson5_lab/Drivers/CMSIS_V5/core_cm3.h:1764:45: error: unknown type name 'IRQn_Type'; did you mean 'ITM_Type'?
 __STATIC_INLINE uint32_t __NVIC_GetPriority(IRQn_Type IRQn)
                                             ^~~~~~~~~
                                             ITM_Type
D:/Mastering Embedded Systems/Unit 14 ARM/unit14_lesson5_lab/Drivers/CMSIS_V5/core_cm3.h: In function 'NVIC_EncodePriority':
D:/Mastering Embedded Systems/Unit 14 ARM/unit14_lesson5_lab/Drivers/CMSIS_V5/core_cm3.h:1795:64: error: '__NVIC_PRIO_BITS' undeclared (first use in this function)
   PreemptPriorityBits = ((7UL - PriorityGroupTmp) > (uint32_t)(__NVIC_PRIO_BITS)) ? (uint32_t)(__NVIC_PRIO_BITS) : (uint32_t)(7UL - PriorityGroupTmp);
                                                                ^~~~~~~~~~~~~~~~
D:/Mastering Embedded Systems/Unit 14 ARM/unit14_lesson5_lab/Drivers/CMSIS_V5/core_cm3.h:1795:64: note: each undeclared identifier is reported only once for each function it appears in
D:/Mastering Embedded Systems/Unit 14 ARM/unit14_lesson5_lab/Drivers/CMSIS_V5/core_cm3.h: In function 'NVIC_DecodePriority':
D:/Mastering Embedded Systems/Unit 14 ARM/unit14_lesson5_lab/Drivers/CMSIS_V5/core_cm3.h:1822:64: error: '__NVIC_PRIO_BITS' undeclared (first use in this function)
   PreemptPriorityBits = ((7UL - PriorityGroupTmp) > (uint32_t)(__NVIC_PRIO_BITS)) ? (uint32_t)(__NVIC_PRIO_BITS) : (uint32_t)(7UL - PriorityGroupTmp);
                                                                ^~~~~~~~~~~~~~~~
D:/Mastering Embedded Systems/Unit 14 ARM/unit14_lesson5_lab/Drivers/CMSIS_V5/core_cm3.h: At top level:
D:/Mastering Embedded Systems/Unit 14 ARM/unit14_lesson5_lab/Drivers/CMSIS_V5/core_cm3.h:1839:39: error: unknown type name 'IRQn_Type'; did you mean 'ITM_Type'?
 __STATIC_INLINE void __NVIC_SetVector(IRQn_Type IRQn, uint32_t vector)
                                       ^~~~~~~~~
                                       ITM_Type
D:/Mastering Embedded Systems/Unit 14 ARM/unit14_lesson5_lab/Drivers/CMSIS_V5/core_cm3.h:1855:43: error: unknown type name 'IRQn_Type'; did you mean 'ITM_Type'?
 __STATIC_INLINE uint32_t __NVIC_GetVector(IRQn_Type IRQn)
                                           ^~~~~~~~~
                                           ITM_Type
../Src/main.c:42:23: warning: initialization makes integer from pointer without a cast [-Wint-conversion]
 unsigned int _S_MSP = &_estack;
                       ^
../Src/main.c: In function 'SVC_Handler':
../Src/main.c:77:2: warning: implicit declaration of function 'SWITCH_CPU_AccessLevel' [-Wimplicit-function-declaration]
  SWITCH_CPU_AccessLevel(privileged);
  ^~~~~~~~~~~~~~~~~~~~~~
../Src/main.c: At top level:
../Src/main.c:84:6: warning: conflicting types for 'SWITCH_CPU_AccessLevel'
 void SWITCH_CPU_AccessLevel(enum CPUAccessLevel level)
      ^~~~~~~~~~~~~~~~~~~~~~
../Src/main.c:77:2: note: previous implicit declaration of 'SWITCH_CPU_AccessLevel' was here
  SWITCH_CPU_AccessLevel(privileged);
  ^~~~~~~~~~~~~~~~~~~~~~
make: *** [Src/subdir.mk:24: Src/main.o] Error 1
"make -j8 all" terminated with exit code 2. Build might be incomplete.
13:52:43 **** Incremental Build of configuration Debug for project Drivers ****
make -j8 all 
arm-none-eabi-gcc -gdwarf-2 "../Src/main.c" -mcpu=cortex-m3 -std=gnu11 -g3 -DSTM32 -DSTM32F1 -DSTM32F103C6Tx -DDEBUG -c -I"D:/Mastering Embedded Systems/Unit 14 ARM/unit14_lesson5_lab/Drivers/HAL/includes" -I"D:/Mastering Embedded Systems/Unit 14 ARM/unit14_lesson5_lab/Drivers/CMSIS_V5" -I../Inc -I"D:/Mastering Embedded Systems/Unit 14 ARM/unit14_lesson5_lab/Drivers/Stm32_F103C6_Drivers/inc" -O0 -ffunction-sections -fdata-sections -Wall -fstack-usage -MMD -MP -MF"Src/main.d" -MT"Src/main.o" --specs=nano.specs -mfloat-abi=soft -mthumb -o "Src/main.o"
In file included from ../Src/main.c:26:0:
D:/Mastering Embedded Systems/Unit 14 ARM/unit14_lesson5_lab/Drivers/CMSIS_V5/core_cm3.h:1380:0: warning: "NVIC_BASE" redefined
 #define NVIC_BASE           (SCS_BASE +  0x0100UL)                    /*!< NVIC Base Address */
 
In file included from D:/Mastering Embedded Systems/Unit 14 ARM/unit14_lesson5_lab/Drivers/Stm32_F103C6_Drivers/inc/Stm32_F103C6_gpio_driver.h:14:0,
                 from ../Src/main.c:24:
D:/Mastering Embedded Systems/Unit 14 ARM/unit14_lesson5_lab/Drivers/Stm32_F103C6_Drivers/inc/stm32f103x8.h:28:0: note: this is the location of the previous definition
 #define NVIC_BASE        0xE000E100UL
 
In file included from ../Src/main.c:26:0:
D:/Mastering Embedded Systems/Unit 14 ARM/unit14_lesson5_lab/Drivers/CMSIS_V5/core_cm3.h:1612:39: error: unknown type name 'IRQn_Type'; did you mean 'ITM_Type'?
 __STATIC_INLINE void __NVIC_EnableIRQ(IRQn_Type IRQn)
                                       ^~~~~~~~~
                                       ITM_Type
D:/Mastering Embedded Systems/Unit 14 ARM/unit14_lesson5_lab/Drivers/CMSIS_V5/core_cm3.h:1631:46: error: unknown type name 'IRQn_Type'; did you mean 'ITM_Type'?
 __STATIC_INLINE uint32_t __NVIC_GetEnableIRQ(IRQn_Type IRQn)
                                              ^~~~~~~~~
                                              ITM_Type
D:/Mastering Embedded Systems/Unit 14 ARM/unit14_lesson5_lab/Drivers/CMSIS_V5/core_cm3.h:1650:40: error: unknown type name 'IRQn_Type'; did you mean 'ITM_Type'?
 __STATIC_INLINE void __NVIC_DisableIRQ(IRQn_Type IRQn)
                                        ^~~~~~~~~
                                        ITM_Type
D:/Mastering Embedded Systems/Unit 14 ARM/unit14_lesson5_lab/Drivers/CMSIS_V5/core_cm3.h:1669:47: error: unknown type name 'IRQn_Type'; did you mean 'ITM_Type'?
 __STATIC_INLINE uint32_t __NVIC_GetPendingIRQ(IRQn_Type IRQn)
                                               ^~~~~~~~~
                                               ITM_Type
D:/Mastering Embedded Systems/Unit 14 ARM/unit14_lesson5_lab/Drivers/CMSIS_V5/core_cm3.h:1688:43: error: unknown type name 'IRQn_Type'; did you mean 'ITM_Type'?
 __STATIC_INLINE void __NVIC_SetPendingIRQ(IRQn_Type IRQn)
                                           ^~~~~~~~~
                                           ITM_Type
D:/Mastering Embedded Systems/Unit 14 ARM/unit14_lesson5_lab/Drivers/CMSIS_V5/core_cm3.h:1703:45: error: unknown type name 'IRQn_Type'; did you mean 'ITM_Type'?
 __STATIC_INLINE void __NVIC_ClearPendingIRQ(IRQn_Type IRQn)
                                             ^~~~~~~~~
                                             ITM_Type
D:/Mastering Embedded Systems/Unit 14 ARM/unit14_lesson5_lab/Drivers/CMSIS_V5/core_cm3.h:1720:43: error: unknown type name 'IRQn_Type'; did you mean 'ITM_Type'?
 __STATIC_INLINE uint32_t __NVIC_GetActive(IRQn_Type IRQn)
                                           ^~~~~~~~~
                                           ITM_Type
D:/Mastering Embedded Systems/Unit 14 ARM/unit14_lesson5_lab/Drivers/CMSIS_V5/core_cm3.h:1742:41: error: unknown type name 'IRQn_Type'; did you mean 'ITM_Type'?
 __STATIC_INLINE void __NVIC_SetPriority(IRQn_Type IRQn, uint32_t priority)
                                         ^~~~~~~~~
                                         ITM_Type
D:/Mastering Embedded Systems/Unit 14 ARM/unit14_lesson5_lab/Drivers/CMSIS_V5/core_cm3.h:1764:45: error: unknown type name 'IRQn_Type'; did you mean 'ITM_Type'?
 __STATIC_INLINE uint32_t __NVIC_GetPriority(IRQn_Type IRQn)
                                             ^~~~~~~~~
                                             ITM_Type
D:/Mastering Embedded Systems/Unit 14 ARM/unit14_lesson5_lab/Drivers/CMSIS_V5/core_cm3.h: In function 'NVIC_EncodePriority':
D:/Mastering Embedded Systems/Unit 14 ARM/unit14_lesson5_lab/Drivers/CMSIS_V5/core_cm3.h:1795:64: error: '__NVIC_PRIO_BITS' undeclared (first use in this function)
   PreemptPriorityBits = ((7UL - PriorityGroupTmp) > (uint32_t)(__NVIC_PRIO_BITS)) ? (uint32_t)(__NVIC_PRIO_BITS) : (uint32_t)(7UL - PriorityGroupTmp);
                                                                ^~~~~~~~~~~~~~~~
D:/Mastering Embedded Systems/Unit 14 ARM/unit14_lesson5_lab/Drivers/CMSIS_V5/core_cm3.h:1795:64: note: each undeclared identifier is reported only once for each function it appears in
D:/Mastering Embedded Systems/Unit 14 ARM/unit14_lesson5_lab/Drivers/CMSIS_V5/core_cm3.h: In function 'NVIC_DecodePriority':
D:/Mastering Embedded Systems/Unit 14 ARM/unit14_lesson5_lab/Drivers/CMSIS_V5/core_cm3.h:1822:64: error: '__NVIC_PRIO_BITS' undeclared (first use in this function)
   PreemptPriorityBits = ((7UL - PriorityGroupTmp) > (uint32_t)(__NVIC_PRIO_BITS)) ? (uint32_t)(__NVIC_PRIO_BITS) : (uint32_t)(7UL - PriorityGroupTmp);
                                                                ^~~~~~~~~~~~~~~~
D:/Mastering Embedded Systems/Unit 14 ARM/unit14_lesson5_lab/Drivers/CMSIS_V5/core_cm3.h: At top level:
D:/Mastering Embedded Systems/Unit 14 ARM/unit14_lesson5_lab/Drivers/CMSIS_V5/core_cm3.h:1839:39: error: unknown type name 'IRQn_Type'; did you mean 'ITM_Type'?
 __STATIC_INLINE void __NVIC_SetVector(IRQn_Type IRQn, uint32_t vector)
                                       ^~~~~~~~~
                                       ITM_Type
D:/Mastering Embedded Systems/Unit 14 ARM/unit14_lesson5_lab/Drivers/CMSIS_V5/core_cm3.h:1855:43: error: unknown type name 'IRQn_Type'; did you mean 'ITM_Type'?
 __STATIC_INLINE uint32_t __NVIC_GetVector(IRQn_Type IRQn)
                                           ^~~~~~~~~
                                           ITM_Type
../Src/main.c:42:23: warning: initialization makes integer from pointer without a cast [-Wint-conversion]
 unsigned int _S_MSP = &_estack;
                       ^
../Src/main.c: In function 'SVC_Handler':
../Src/main.c:77:2: warning: implicit declaration of function 'SWITCH_CPU_AccessLevel' [-Wimplicit-function-declaration]
  SWITCH_CPU_AccessLevel(privileged);
  ^~~~~~~~~~~~~~~~~~~~~~
../Src/main.c: At top level:
../Src/main.c:84:6: warning: conflicting types for 'SWITCH_CPU_AccessLevel'
 void SWITCH_CPU_AccessLevel(enum CPUAccessLevel level)
      ^~~~~~~~~~~~~~~~~~~~~~
../Src/main.c:77:2: note: previous implicit declaration of 'SWITCH_CPU_AccessLevel' was here
  SWITCH_CPU_AccessLevel(privileged);
  ^~~~~~~~~~~~~~~~~~~~~~
make: *** [Src/subdir.mk:24: Src/main.o] Error 1
"make -j8 all" terminated with exit code 2. Build might be incomplete.
13:53:40 **** Incremental Build of configuration Debug for project Drivers ****
make -j8 all 
arm-none-eabi-gcc -gdwarf-2 "../Src/main.c" -mcpu=cortex-m3 -std=gnu11 -g3 -DSTM32 -DSTM32F1 -DSTM32F103C6Tx -DDEBUG -c -I"D:/Mastering Embedded Systems/Unit 14 ARM/unit14_lesson5_lab/Drivers/HAL/includes" -I"D:/Mastering Embedded Systems/Unit 14 ARM/unit14_lesson5_lab/Drivers/CMSIS_V5" -I../Inc -I"D:/Mastering Embedded Systems/Unit 14 ARM/unit14_lesson5_lab/Drivers/Stm32_F103C6_Drivers/inc" -O0 -ffunction-sections -fdata-sections -Wall -fstack-usage -MMD -MP -MF"Src/main.d" -MT"Src/main.o" --specs=nano.specs -mfloat-abi=soft -mthumb -o "Src/main.o"
In file included from ../Src/main.c:26:0:
D:/Mastering Embedded Systems/Unit 14 ARM/unit14_lesson5_lab/Drivers/CMSIS_V5/core_cm3.h:1380:0: warning: "NVIC_BASE" redefined
 #define NVIC_BASE           (SCS_BASE +  0x0100UL)                    /*!< NVIC Base Address */
 
In file included from D:/Mastering Embedded Systems/Unit 14 ARM/unit14_lesson5_lab/Drivers/Stm32_F103C6_Drivers/inc/Stm32_F103C6_gpio_driver.h:14:0,
                 from ../Src/main.c:24:
D:/Mastering Embedded Systems/Unit 14 ARM/unit14_lesson5_lab/Drivers/Stm32_F103C6_Drivers/inc/stm32f103x8.h:28:0: note: this is the location of the previous definition
 #define NVIC_BASE        0xE000E100UL
 
In file included from ../Src/main.c:26:0:
D:/Mastering Embedded Systems/Unit 14 ARM/unit14_lesson5_lab/Drivers/CMSIS_V5/core_cm3.h:1612:39: error: unknown type name 'IRQn_Type'; did you mean 'ITM_Type'?
 __STATIC_INLINE void __NVIC_EnableIRQ(IRQn_Type IRQn)
                                       ^~~~~~~~~
                                       ITM_Type
D:/Mastering Embedded Systems/Unit 14 ARM/unit14_lesson5_lab/Drivers/CMSIS_V5/core_cm3.h:1631:46: error: unknown type name 'IRQn_Type'; did you mean 'ITM_Type'?
 __STATIC_INLINE uint32_t __NVIC_GetEnableIRQ(IRQn_Type IRQn)
                                              ^~~~~~~~~
                                              ITM_Type
D:/Mastering Embedded Systems/Unit 14 ARM/unit14_lesson5_lab/Drivers/CMSIS_V5/core_cm3.h:1650:40: error: unknown type name 'IRQn_Type'; did you mean 'ITM_Type'?
 __STATIC_INLINE void __NVIC_DisableIRQ(IRQn_Type IRQn)
                                        ^~~~~~~~~
                                        ITM_Type
D:/Mastering Embedded Systems/Unit 14 ARM/unit14_lesson5_lab/Drivers/CMSIS_V5/core_cm3.h:1669:47: error: unknown type name 'IRQn_Type'; did you mean 'ITM_Type'?
 __STATIC_INLINE uint32_t __NVIC_GetPendingIRQ(IRQn_Type IRQn)
                                               ^~~~~~~~~
                                               ITM_Type
D:/Mastering Embedded Systems/Unit 14 ARM/unit14_lesson5_lab/Drivers/CMSIS_V5/core_cm3.h:1688:43: error: unknown type name 'IRQn_Type'; did you mean 'ITM_Type'?
 __STATIC_INLINE void __NVIC_SetPendingIRQ(IRQn_Type IRQn)
                                           ^~~~~~~~~
                                           ITM_Type
D:/Mastering Embedded Systems/Unit 14 ARM/unit14_lesson5_lab/Drivers/CMSIS_V5/core_cm3.h:1703:45: error: unknown type name 'IRQn_Type'; did you mean 'ITM_Type'?
 __STATIC_INLINE void __NVIC_ClearPendingIRQ(IRQn_Type IRQn)
                                             ^~~~~~~~~
                                             ITM_Type
D:/Mastering Embedded Systems/Unit 14 ARM/unit14_lesson5_lab/Drivers/CMSIS_V5/core_cm3.h:1720:43: error: unknown type name 'IRQn_Type'; did you mean 'ITM_Type'?
 __STATIC_INLINE uint32_t __NVIC_GetActive(IRQn_Type IRQn)
                                           ^~~~~~~~~
                                           ITM_Type
D:/Mastering Embedded Systems/Unit 14 ARM/unit14_lesson5_lab/Drivers/CMSIS_V5/core_cm3.h:1742:41: error: unknown type name 'IRQn_Type'; did you mean 'ITM_Type'?
 __STATIC_INLINE void __NVIC_SetPriority(IRQn_Type IRQn, uint32_t priority)
                                         ^~~~~~~~~
                                         ITM_Type
D:/Mastering Embedded Systems/Unit 14 ARM/unit14_lesson5_lab/Drivers/CMSIS_V5/core_cm3.h:1764:45: error: unknown type name 'IRQn_Type'; did you mean 'ITM_Type'?
 __STATIC_INLINE uint32_t __NVIC_GetPriority(IRQn_Type IRQn)
                                             ^~~~~~~~~
                                             ITM_Type
D:/Mastering Embedded Systems/Unit 14 ARM/unit14_lesson5_lab/Drivers/CMSIS_V5/core_cm3.h: In function 'NVIC_EncodePriority':
D:/Mastering Embedded Systems/Unit 14 ARM/unit14_lesson5_lab/Drivers/CMSIS_V5/core_cm3.h:1795:64: error: '__NVIC_PRIO_BITS' undeclared (first use in this function)
   PreemptPriorityBits = ((7UL - PriorityGroupTmp) > (uint32_t)(__NVIC_PRIO_BITS)) ? (uint32_t)(__NVIC_PRIO_BITS) : (uint32_t)(7UL - PriorityGroupTmp);
                                                                ^~~~~~~~~~~~~~~~
D:/Mastering Embedded Systems/Unit 14 ARM/unit14_lesson5_lab/Drivers/CMSIS_V5/core_cm3.h:1795:64: note: each undeclared identifier is reported only once for each function it appears in
D:/Mastering Embedded Systems/Unit 14 ARM/unit14_lesson5_lab/Drivers/CMSIS_V5/core_cm3.h: In function 'NVIC_DecodePriority':
D:/Mastering Embedded Systems/Unit 14 ARM/unit14_lesson5_lab/Drivers/CMSIS_V5/core_cm3.h:1822:64: error: '__NVIC_PRIO_BITS' undeclared (first use in this function)
   PreemptPriorityBits = ((7UL - PriorityGroupTmp) > (uint32_t)(__NVIC_PRIO_BITS)) ? (uint32_t)(__NVIC_PRIO_BITS) : (uint32_t)(7UL - PriorityGroupTmp);
                                                                ^~~~~~~~~~~~~~~~
D:/Mastering Embedded Systems/Unit 14 ARM/unit14_lesson5_lab/Drivers/CMSIS_V5/core_cm3.h: At top level:
D:/Mastering Embedded Systems/Unit 14 ARM/unit14_lesson5_lab/Drivers/CMSIS_V5/core_cm3.h:1839:39: error: unknown type name 'IRQn_Type'; did you mean 'ITM_Type'?
 __STATIC_INLINE void __NVIC_SetVector(IRQn_Type IRQn, uint32_t vector)
                                       ^~~~~~~~~
                                       ITM_Type
D:/Mastering Embedded Systems/Unit 14 ARM/unit14_lesson5_lab/Drivers/CMSIS_V5/core_cm3.h:1855:43: error: unknown type name 'IRQn_Type'; did you mean 'ITM_Type'?
 __STATIC_INLINE uint32_t __NVIC_GetVector(IRQn_Type IRQn)
                                           ^~~~~~~~~
                                           ITM_Type
../Src/main.c:42:23: warning: initialization makes integer from pointer without a cast [-Wint-conversion]
 unsigned int _S_MSP = &_estack;
                       ^
../Src/main.c: In function 'SVC_Handler':
../Src/main.c:77:2: warning: implicit declaration of function 'SWITCH_CPU_AccessLevel' [-Wimplicit-function-declaration]
  SWITCH_CPU_AccessLevel(privileged);
  ^~~~~~~~~~~~~~~~~~~~~~
../Src/main.c: At top level:
../Src/main.c:84:6: warning: conflicting types for 'SWITCH_CPU_AccessLevel'
 void SWITCH_CPU_AccessLevel(enum CPUAccessLevel level)
      ^~~~~~~~~~~~~~~~~~~~~~
../Src/main.c:77:2: note: previous implicit declaration of 'SWITCH_CPU_AccessLevel' was here
  SWITCH_CPU_AccessLevel(privileged);
  ^~~~~~~~~~~~~~~~~~~~~~
make: *** [Src/subdir.mk:24: Src/main.o] Error 1
"make -j8 all" terminated with exit code 2. Build might be incomplete.
13:54:41 **** Incremental Build of configuration Debug for project Drivers ****
make -j8 all 
arm-none-eabi-gcc -gdwarf-2 "../Src/main.c" -mcpu=cortex-m3 -std=gnu11 -g3 -DSTM32 -DSTM32F1 -DSTM32F103C6Tx -DDEBUG -c -I"D:/Mastering Embedded Systems/Unit 14 ARM/unit14_lesson5_lab/Drivers/HAL/includes" -I"D:/Mastering Embedded Systems/Unit 14 ARM/unit14_lesson5_lab/Drivers/CMSIS_V5" -I../Inc -I"D:/Mastering Embedded Systems/Unit 14 ARM/unit14_lesson5_lab/Drivers/Stm32_F103C6_Drivers/inc" -O0 -ffunction-sections -fdata-sections -Wall -fstack-usage -MMD -MP -MF"Src/main.d" -MT"Src/main.o" --specs=nano.specs -mfloat-abi=soft -mthumb -o "Src/main.o"
In file included from D:/Mastering Embedded Systems/Unit 14 ARM/unit14_lesson5_lab/Drivers/CMSIS_V5/ARMCM3.h:98:0,
                 from D:/Mastering Embedded Systems/Unit 14 ARM/unit14_lesson5_lab/Drivers/CMSIS_V5/core_cm3.h:24,
                 from ../Src/main.c:26:
D:/Mastering Embedded Systems/Unit 14 ARM/unit14_lesson5_lab/Drivers/CMSIS_V5/core_cm3.h:1388:0: warning: "NVIC_BASE" redefined
 #define NVIC_BASE           (SCS_BASE +  0x0100UL)                    /*!< NVIC Base Address */
 
In file included from D:/Mastering Embedded Systems/Unit 14 ARM/unit14_lesson5_lab/Drivers/Stm32_F103C6_Drivers/inc/Stm32_F103C6_gpio_driver.h:14:0,
                 from ../Src/main.c:24:
D:/Mastering Embedded Systems/Unit 14 ARM/unit14_lesson5_lab/Drivers/Stm32_F103C6_Drivers/inc/stm32f103x8.h:28:0: note: this is the location of the previous definition
 #define NVIC_BASE        0xE000E100UL
 
../Src/main.c:42:23: warning: initialization makes integer from pointer without a cast [-Wint-conversion]
 unsigned int _S_MSP = &_estack;
                       ^
../Src/main.c: In function 'SVC_Handler':
../Src/main.c:77:2: warning: implicit declaration of function 'SWITCH_CPU_AccessLevel' [-Wimplicit-function-declaration]
  SWITCH_CPU_AccessLevel(privileged);
  ^~~~~~~~~~~~~~~~~~~~~~
../Src/main.c: At top level:
../Src/main.c:84:6: warning: conflicting types for 'SWITCH_CPU_AccessLevel'
 void SWITCH_CPU_AccessLevel(enum CPUAccessLevel level)
      ^~~~~~~~~~~~~~~~~~~~~~
../Src/main.c:77:2: note: previous implicit declaration of 'SWITCH_CPU_AccessLevel' was here
  SWITCH_CPU_AccessLevel(privileged);
  ^~~~~~~~~~~~~~~~~~~~~~
arm-none-eabi-gcc -gdwarf-2 -o "Drivers.axf" @"objects.list"   -mcpu=cortex-m3 -T"D:\Mastering Embedded Systems\Unit 14 ARM\unit14_lesson5_lab\Drivers\STM32F103C6TX_FLASH.ld" --specs=nosys.specs -Wl,-Map="Drivers.map" -Wl,--gc-sections -static --specs=nano.specs -mfloat-abi=soft -mthumb -Wl,--start-group -lc -lm -Wl,--end-group
Finished building target: Drivers.axf
 
arm-none-eabi-objdump -h -S  Drivers.axf  > "Drivers.list"
arm-none-eabi-objcopy  -O binary  Drivers.axf  "Drivers.bin"
arm-none-eabi-size   Drivers.axf 
   text	   data	    bss	    dec	    hex	filename
   3080	     12	   1660	   4752	   1290	Drivers.axf
Finished building: default.size.stdout
 
Finished building: Drivers.bin
Finished building: Drivers.list
 
 
13:55:57 **** Incremental Build of configuration Debug for project Drivers ****
make -j8 all 
arm-none-eabi-gcc -gdwarf-2 "../Src/main.c" -mcpu=cortex-m3 -std=gnu11 -g3 -DSTM32 -DSTM32F1 -DSTM32F103C6Tx -DDEBUG -c -I"D:/Mastering Embedded Systems/Unit 14 ARM/unit14_lesson5_lab/Drivers/HAL/includes" -I"D:/Mastering Embedded Systems/Unit 14 ARM/unit14_lesson5_lab/Drivers/CMSIS_V5" -I../Inc -I"D:/Mastering Embedded Systems/Unit 14 ARM/unit14_lesson5_lab/Drivers/Stm32_F103C6_Drivers/inc" -O0 -ffunction-sections -fdata-sections -Wall -fstack-usage -MMD -MP -MF"Src/main.d" -MT"Src/main.o" --specs=nano.specs -mfloat-abi=soft -mthumb -o "Src/main.o"
In file included from D:/Mastering Embedded Systems/Unit 14 ARM/unit14_lesson5_lab/Drivers/CMSIS_V5/ARMCM3.h:98:0,
                 from D:/Mastering Embedded Systems/Unit 14 ARM/unit14_lesson5_lab/Drivers/CMSIS_V5/core_cm3.h:24,
                 from ../Src/main.c:26:
D:/Mastering Embedded Systems/Unit 14 ARM/unit14_lesson5_lab/Drivers/CMSIS_V5/core_cm3.h:1388:0: warning: "NVIC_BASE" redefined
 #define NVIC_BASE           (SCS_BASE +  0x0100UL)                    /*!< NVIC Base Address */
 
In file included from D:/Mastering Embedded Systems/Unit 14 ARM/unit14_lesson5_lab/Drivers/Stm32_F103C6_Drivers/inc/Stm32_F103C6_gpio_driver.h:14:0,
                 from ../Src/main.c:24:
D:/Mastering Embedded Systems/Unit 14 ARM/unit14_lesson5_lab/Drivers/Stm32_F103C6_Drivers/inc/stm32f103x8.h:28:0: note: this is the location of the previous definition
 #define NVIC_BASE        0xE000E100UL
 
../Src/main.c:42:23: warning: initialization makes integer from pointer without a cast [-Wint-conversion]
 unsigned int _S_MSP = &_estack;
                       ^
../Src/main.c: In function 'SVC_Handler':
../Src/main.c:77:2: warning: implicit declaration of function 'SWITCH_CPU_AccessLevel' [-Wimplicit-function-declaration]
  SWITCH_CPU_AccessLevel(privileged);
  ^~~~~~~~~~~~~~~~~~~~~~
../Src/main.c: At top level:
../Src/main.c:84:6: warning: conflicting types for 'SWITCH_CPU_AccessLevel'
 void SWITCH_CPU_AccessLevel(enum CPUAccessLevel level)
      ^~~~~~~~~~~~~~~~~~~~~~
../Src/main.c:77:2: note: previous implicit declaration of 'SWITCH_CPU_AccessLevel' was here
  SWITCH_CPU_AccessLevel(privileged);
  ^~~~~~~~~~~~~~~~~~~~~~
arm-none-eabi-gcc -gdwarf-2 -o "Drivers.axf" @"objects.list"   -mcpu=cortex-m3 -T"D:\Mastering Embedded Systems\Unit 14 ARM\unit14_lesson5_lab\Drivers\STM32F103C6TX_FLASH.ld" --specs=nosys.specs -Wl,-Map="Drivers.map" -Wl,--gc-sections -static --specs=nano.specs -mfloat-abi=soft -mthumb -Wl,--start-group -lc -lm -Wl,--end-group
Finished building target: Drivers.axf
 
arm-none-eabi-objdump -h -S  Drivers.axf  > "Drivers.list"
arm-none-eabi-objcopy  -O binary  Drivers.axf  "Drivers.bin"
arm-none-eabi-size   Drivers.axf 
   text	   data	    bss	    dec	    hex	filename
   3080	     12	   1660	   4752	   1290	Drivers.axf
Finished building: default.size.stdout
 
Finished building: Drivers.bin
Finished building: Drivers.list
 
 
14:20:18 **** Incremental Build of configuration Debug for project Drivers ****
make -j8 all 
arm-none-eabi-gcc -gdwarf-2 "../Src/main.c" -mcpu=cortex-m3 -std=gnu11 -g3 -DSTM32 -DSTM32F1 -DSTM32F103C6Tx -DDEBUG -c -I"D:/Mastering Embedded Systems/Unit 14 ARM/unit14_lesson5_lab/Drivers/HAL/includes" -I"D:/Mastering Embedded Systems/Unit 14 ARM/unit14_lesson5_lab/Drivers/CMSIS_V5" -I../Inc -I"D:/Mastering Embedded Systems/Unit 14 ARM/unit14_lesson5_lab/Drivers/Stm32_F103C6_Drivers/inc" -O0 -ffunction-sections -fdata-sections -Wall -fstack-usage -MMD -MP -MF"Src/main.d" -MT"Src/main.o" --specs=nano.specs -mfloat-abi=soft -mthumb -o "Src/main.o"
In file included from D:/Mastering Embedded Systems/Unit 14 ARM/unit14_lesson5_lab/Drivers/CMSIS_V5/ARMCM3.h:98:0,
                 from D:/Mastering Embedded Systems/Unit 14 ARM/unit14_lesson5_lab/Drivers/CMSIS_V5/core_cm3.h:24,
                 from ../Src/main.c:26:
D:/Mastering Embedded Systems/Unit 14 ARM/unit14_lesson5_lab/Drivers/CMSIS_V5/core_cm3.h:1388:0: warning: "NVIC_BASE" redefined
 #define NVIC_BASE           (SCS_BASE +  0x0100UL)                    /*!< NVIC Base Address */
 
In file included from D:/Mastering Embedded Systems/Unit 14 ARM/unit14_lesson5_lab/Drivers/Stm32_F103C6_Drivers/inc/Stm32_F103C6_gpio_driver.h:14:0,
                 from ../Src/main.c:24:
D:/Mastering Embedded Systems/Unit 14 ARM/unit14_lesson5_lab/Drivers/Stm32_F103C6_Drivers/inc/stm32f103x8.h:28:0: note: this is the location of the previous definition
 #define NVIC_BASE        0xE000E100UL
 
../Src/main.c:42:23: warning: initialization makes integer from pointer without a cast [-Wint-conversion]
 unsigned int _S_MSP = &_estack;
                       ^
../Src/main.c: In function 'OS_SVC_Set':
../Src/main.c:220:9: warning: 'result' is used uninitialized in this function [-Wuninitialized]
  return result;
         ^~~~~~
arm-none-eabi-gcc -gdwarf-2 -o "Drivers.axf" @"objects.list"   -mcpu=cortex-m3 -T"D:\Mastering Embedded Systems\Unit 14 ARM\unit14_lesson5_lab\Drivers\STM32F103C6TX_FLASH.ld" --specs=nosys.specs -Wl,-Map="Drivers.map" -Wl,--gc-sections -static --specs=nano.specs -mfloat-abi=soft -mthumb -Wl,--start-group -lc -lm -Wl,--end-group
Finished building target: Drivers.axf
 
arm-none-eabi-objdump -h -S  Drivers.axf  > "Drivers.list"
arm-none-eabi-objcopy  -O binary  Drivers.axf  "Drivers.bin"
arm-none-eabi-size   Drivers.axf 
   text	   data	    bss	    dec	    hex	filename
   1300	      8	   1656	   2964	    b94	Drivers.axf
Finished building: default.size.stdout
 
Finished building: Drivers.bin
Finished building: Drivers.list
 
 
14:29:35 **** Incremental Build of configuration Debug for project Drivers ****
make -j8 all 
arm-none-eabi-gcc -gdwarf-2 "../Src/main.c" -mcpu=cortex-m3 -std=gnu11 -g3 -DSTM32 -DSTM32F1 -DSTM32F103C6Tx -DDEBUG -c -I"D:/Mastering Embedded Systems/Unit 14 ARM/unit14_lesson5_lab/Drivers/HAL/includes" -I"D:/Mastering Embedded Systems/Unit 14 ARM/unit14_lesson5_lab/Drivers/CMSIS_V5" -I../Inc -I"D:/Mastering Embedded Systems/Unit 14 ARM/unit14_lesson5_lab/Drivers/Stm32_F103C6_Drivers/inc" -O0 -ffunction-sections -fdata-sections -Wall -fstack-usage -MMD -MP -MF"Src/main.d" -MT"Src/main.o" --specs=nano.specs -mfloat-abi=soft -mthumb -o "Src/main.o"
In file included from D:/Mastering Embedded Systems/Unit 14 ARM/unit14_lesson5_lab/Drivers/CMSIS_V5/ARMCM3.h:98:0,
                 from D:/Mastering Embedded Systems/Unit 14 ARM/unit14_lesson5_lab/Drivers/CMSIS_V5/core_cm3.h:24,
                 from ../Src/main.c:26:
D:/Mastering Embedded Systems/Unit 14 ARM/unit14_lesson5_lab/Drivers/CMSIS_V5/core_cm3.h:1388:0: warning: "NVIC_BASE" redefined
 #define NVIC_BASE           (SCS_BASE +  0x0100UL)                    /*!< NVIC Base Address */
 
In file included from D:/Mastering Embedded Systems/Unit 14 ARM/unit14_lesson5_lab/Drivers/Stm32_F103C6_Drivers/inc/Stm32_F103C6_gpio_driver.h:14:0,
                 from ../Src/main.c:24:
D:/Mastering Embedded Systems/Unit 14 ARM/unit14_lesson5_lab/Drivers/Stm32_F103C6_Drivers/inc/stm32f103x8.h:28:0: note: this is the location of the previous definition
 #define NVIC_BASE        0xE000E100UL
 
../Src/main.c:42:23: warning: initialization makes integer from pointer without a cast [-Wint-conversion]
 unsigned int _S_MSP = &_estack;
                       ^
../Src/main.c: In function 'OS_SVC_Set':
../Src/main.c:239:9: warning: 'result' is used uninitialized in this function [-Wuninitialized]
  return result;
         ^~~~~~
arm-none-eabi-gcc -gdwarf-2 -o "Drivers.axf" @"objects.list"   -mcpu=cortex-m3 -T"D:\Mastering Embedded Systems\Unit 14 ARM\unit14_lesson5_lab\Drivers\STM32F103C6TX_FLASH.ld" --specs=nosys.specs -Wl,-Map="Drivers.map" -Wl,--gc-sections -static --specs=nano.specs -mfloat-abi=soft -mthumb -Wl,--start-group -lc -lm -Wl,--end-group
Finished building target: Drivers.axf
 
arm-none-eabi-objdump -h -S  Drivers.axf  > "Drivers.list"
arm-none-eabi-objcopy  -O binary  Drivers.axf  "Drivers.bin"
arm-none-eabi-size   Drivers.axf 
   text	   data	    bss	    dec	    hex	filename
   1388	      8	   1656	   3052	    bec	Drivers.axf
Finished building: default.size.stdout
 
Finished building: Drivers.bin
Finished building: Drivers.list
 
 
14:44:43 **** Incremental Build of configuration Debug for project Drivers ****
make -j8 all 
arm-none-eabi-gcc -gdwarf-2 "../Src/main.c" -mcpu=cortex-m3 -std=gnu11 -g3 -DSTM32 -DSTM32F1 -DSTM32F103C6Tx -DDEBUG -c -I"D:/Mastering Embedded Systems/Unit 14 ARM/unit14_lesson5_lab/Drivers/HAL/includes" -I"D:/Mastering Embedded Systems/Unit 14 ARM/unit14_lesson5_lab/Drivers/CMSIS_V5" -I../Inc -I"D:/Mastering Embedded Systems/Unit 14 ARM/unit14_lesson5_lab/Drivers/Stm32_F103C6_Drivers/inc" -O0 -ffunction-sections -fdata-sections -Wall -fstack-usage -MMD -MP -MF"Src/main.d" -MT"Src/main.o" --specs=nano.specs -mfloat-abi=soft -mthumb -o "Src/main.o"
In file included from D:/Mastering Embedded Systems/Unit 14 ARM/unit14_lesson5_lab/Drivers/CMSIS_V5/ARMCM3.h:98:0,
                 from D:/Mastering Embedded Systems/Unit 14 ARM/unit14_lesson5_lab/Drivers/CMSIS_V5/core_cm3.h:24,
                 from ../Src/main.c:26:
D:/Mastering Embedded Systems/Unit 14 ARM/unit14_lesson5_lab/Drivers/CMSIS_V5/core_cm3.h:1388:0: warning: "NVIC_BASE" redefined
 #define NVIC_BASE           (SCS_BASE +  0x0100UL)                    /*!< NVIC Base Address */
 
In file included from D:/Mastering Embedded Systems/Unit 14 ARM/unit14_lesson5_lab/Drivers/Stm32_F103C6_Drivers/inc/Stm32_F103C6_gpio_driver.h:14:0,
                 from ../Src/main.c:24:
D:/Mastering Embedded Systems/Unit 14 ARM/unit14_lesson5_lab/Drivers/Stm32_F103C6_Drivers/inc/stm32f103x8.h:28:0: note: this is the location of the previous definition
 #define NVIC_BASE        0xE000E100UL
 
../Src/main.c:42:23: warning: initialization makes integer from pointer without a cast [-Wint-conversion]
 unsigned int _S_MSP = &_estack;
                       ^
arm-none-eabi-gcc -gdwarf-2 -o "Drivers.axf" @"objects.list"   -mcpu=cortex-m3 -T"D:\Mastering Embedded Systems\Unit 14 ARM\unit14_lesson5_lab\Drivers\STM32F103C6TX_FLASH.ld" --specs=nosys.specs -Wl,-Map="Drivers.map" -Wl,--gc-sections -static --specs=nano.specs -mfloat-abi=soft -mthumb -Wl,--start-group -lc -lm -Wl,--end-group
Finished building target: Drivers.axf
 
arm-none-eabi-objdump -h -S  Drivers.axf  > "Drivers.list"
arm-none-eabi-objcopy  -O binary  Drivers.axf  "Drivers.bin"
arm-none-eabi-size   Drivers.axf 
   text	   data	    bss	    dec	    hex	filename
   1476	      8	   1656	   3140	    c44	Drivers.axf
Finished building: default.size.stdout
 
Finished building: Drivers.list
Finished building: Drivers.bin
 
 
