main.c:60:6:HardFault_Handler	4	static
main.c:65:6:BusFault_Handler	4	static
main.c:70:6:UsageFault_Handler	4	static
main.c:80:6:SWITCH_CPU_AccessLevel	16	static,ignoring_inline_asm
main.c:103:6:EXTI9_Callback	4	static
main.c:121:5:TaskA	24	static
main.c:127:5:TaskB	24	static
main.c:132:6:MainOs	8	static,ignoring_inline_asm
main.c:185:6:PendSV_Handler	4	static
main.c:190:6:OS_SVC_services	32	static
main.c:218:28:SVC_Handler	0	static,ignoring_inline_asm
main.c:229:5:OS_SVC_Set	32	static,ignoring_inline_asm
main.c:255:5:main	8	static
