core_cm3.h:1640:22:__NVIC_SetPriority	16	static
core_cm3.h:1838:26:SysTick_Config	16	static
CortexMX_OS_porting.c:12:6:HardFault_Handler	4	static
CortexMX_OS_porting.c:17:6:BusFault_Handler	4	static
CortexMX_OS_porting.c:23:6:UsageFault_Handler	4	static
CortexMX_OS_porting.c:29:6:MemManage_Handler	4	static
CortexMX_OS_porting.c:36:28:SVC_Handler	0	static,ignoring_inline_asm
CortexMX_OS_porting.c:45:6:trigger_OS_PendSV	4	static
CortexMX_OS_porting.c:52:6:HW_Init	8	static
CortexMX_OS_porting.c:65:6:Start_Ticker	8	static
CortexMX_OS_porting.c:76:6:SysTick_Handler	8	static
