Scheduler.c:42:28:PendSV_Handler	0	static,ignoring_inline_asm
Scheduler.c:101:6:bubbleSort	24	static
Scheduler.c:122:6:MyRTOS_Update_Schedule_table	24	static
Scheduler.c:177:6:Decide_WhatNext	8	static
Scheduler.c:201:6:OS_SVC	24	static
Scheduler.c:235:6:MYRTOS_OS_SVC_Set	16	static,ignoring_inline_asm
Scheduler.c:254:6:MYRTOS_IdleTask	4	static,ignoring_inline_asm
Scheduler.c:265:6:MYRTOS_Create_MainStack	4	static
Scheduler.c:275:16:MYRTOS_init	16	static
Scheduler.c:304:6:MyRtos_Create_TaskStack	24	static
Scheduler.c:339:16:MYRTOS_CreateTask	24	static
Scheduler.c:382:6:MYRTOS_ActivateTask	16	static
Scheduler.c:388:6:MYRTOS_TerminateTask	16	static
Scheduler.c:395:6:MYRTOS_STARTOS	8	static,ignoring_inline_asm
Scheduler.c:412:6:MYRTOS_TaskWait	16	static
Scheduler.c:421:6:MYRTOS_Update_TaskWaitingTime	16	static
Scheduler.c:442:16:MYRTOS_AcquireMutex	16	static
Scheduler.c:466:6:MYRTOS_ReleaseMutex	16	static
