23:33:55 **** Build of configuration Debug for project Drivers ****
make -j8 all 
arm-none-eabi-gcc -gdwarf-2 "../Src/main.c" -mcpu=cortex-m3 -std=gnu11 -g3 -DSTM32 -DSTM32F1 -DSTM32F103C6Tx -DDEBUG -c -I"D:/Mastering Embedded Systems/Unit 14 ARM/unit14_lesson2_lab1/Drivers/HAL/includes" -I../Inc -I"D:/Mastering Embedded Systems/Unit 14 ARM/unit14_lesson2_lab1/Drivers/Stm32_F103C6_Drivers/inc" -O0 -ffunction-sections -fdata-sections -Wall -fstack-usage -MMD -MP -MF"Src/main.d" -MT"Src/main.o" --specs=nano.specs -mfloat-abi=soft -mthumb -o "Src/main.o"
../Src/main.c:37:29: error: unknown type name 'CPUAccessLevel'
 void SWITCH_CPU_AccessLevel(CPUAccessLevel level)
                             ^~~~~~~~~~~~~~
../Src/main.c: In function 'main':
../Src/main.c:81:2: warning: implicit declaration of function 'SWITCH_CPU_AccessLevel' [-Wimplicit-function-declaration]
  SWITCH_CPU_AccessLevel(unprivileged);
  ^~~~~~~~~~~~~~~~~~~~~~
make: *** [Src/subdir.mk:24: Src/main.o] Error 1
"make -j8 all" terminated with exit code 2. Build might be incomplete.
23:35:07 **** Incremental Build of configuration Debug for project Drivers ****
make -j8 all 
arm-none-eabi-gcc -gdwarf-2 "../Src/main.c" -mcpu=cortex-m3 -std=gnu11 -g3 -DSTM32 -DSTM32F1 -DSTM32F103C6Tx -DDEBUG -c -I"D:/Mastering Embedded Systems/Unit 14 ARM/unit14_lesson2_lab1/Drivers/HAL/includes" -I../Inc -I"D:/Mastering Embedded Systems/Unit 14 ARM/unit14_lesson2_lab1/Drivers/Stm32_F103C6_Drivers/inc" -O0 -ffunction-sections -fdata-sections -Wall -fstack-usage -MMD -MP -MF"Src/main.d" -MT"Src/main.o" --specs=nano.specs -mfloat-abi=soft -mthumb -o "Src/main.o"
arm-none-eabi-gcc -gdwarf-2 -o "Drivers.axf" @"objects.list"   -mcpu=cortex-m3 -T"D:\Mastering Embedded Systems\Unit 14 ARM\unit14_lesson2_lab1\Drivers\STM32F103C6TX_FLASH.ld" --specs=nosys.specs -Wl,-Map="Drivers.map" -Wl,--gc-sections -static --specs=nano.specs -mfloat-abi=soft -mthumb -Wl,--start-group -lc -lm -Wl,--end-group
Finished building target: Drivers.elf
 
arm-none-eabi-size   Drivers.elf 
   text	   data	    bss	    dec	    hex	filename
   2596	      8	   1632	   4236	   108c	Drivers.elf
Finished building: default.size.stdout
 
23:35:16 **** Incremental Build of configuration Debug for project Drivers ****
make -j8 all 
arm-none-eabi-gcc -gdwarf-2 "../Src/main.c" -mcpu=cortex-m3 -std=gnu11 -g3 -DSTM32 -DSTM32F1 -DSTM32F103C6Tx -DDEBUG -c -I"D:/Mastering Embedded Systems/Unit 14 ARM/unit14_lesson2_lab1/Drivers/HAL/includes" -I../Inc -I"D:/Mastering Embedded Systems/Unit 14 ARM/unit14_lesson2_lab1/Drivers/Stm32_F103C6_Drivers/inc" -O0 -ffunction-sections -fdata-sections -Wall -fstack-usage -MMD -MP -MF"Src/main.d" -MT"Src/main.o" --specs=nano.specs -mfloat-abi=soft -mthumb -o "Src/main.o"
../Src/main.c:37:29: error: expected declaration specifiers or '...' before 'CPUAccessLevel'
 void SWITCH_CPU_AccessLevel(CPUAccessLevel level)
                             ^~~~~~~~~~~~~~
../Src/main.c: In function 'main':
../Src/main.c:81:2: warning: implicit declaration of function 'SWITCH_CPU_AccessLevel' [-Wimplicit-function-declaration]
  SWITCH_CPU_AccessLevel(unprivileged);
  ^~~~~~~~~~~~~~~~~~~~~~
make: *** [Src/subdir.mk:24: Src/main.o] Error 1
"make -j8 all" terminated with exit code 2. Build might be incomplete.
23:35:41 **** Incremental Build of configuration Debug for project Drivers ****
make -j8 all 
arm-none-eabi-gcc -gdwarf-2 "../Src/main.c" -mcpu=cortex-m3 -std=gnu11 -g3 -DSTM32 -DSTM32F1 -DSTM32F103C6Tx -DDEBUG -c -I"D:/Mastering Embedded Systems/Unit 14 ARM/unit14_lesson2_lab1/Drivers/HAL/includes" -I../Inc -I"D:/Mastering Embedded Systems/Unit 14 ARM/unit14_lesson2_lab1/Drivers/Stm32_F103C6_Drivers/inc" -O0 -ffunction-sections -fdata-sections -Wall -fstack-usage -MMD -MP -MF"Src/main.d" -MT"Src/main.o" --specs=nano.specs -mfloat-abi=soft -mthumb -o "Src/main.o"
arm-none-eabi-gcc -gdwarf-2 -o "Drivers.axf" @"objects.list"   -mcpu=cortex-m3 -T"D:\Mastering Embedded Systems\Unit 14 ARM\unit14_lesson2_lab1\Drivers\STM32F103C6TX_FLASH.ld" --specs=nosys.specs -Wl,-Map="Drivers.map" -Wl,--gc-sections -static --specs=nano.specs -mfloat-abi=soft -mthumb -Wl,--start-group -lc -lm -Wl,--end-group
Finished building target: Drivers.elf
 
arm-none-eabi-size   Drivers.elf 
   text	   data	    bss	    dec	    hex	filename
   2596	      8	   1632	   4236	   108c	Drivers.elf
Finished building: default.size.stdout
 
23:37:18 **** Incremental Build of configuration Debug for project Drivers ****
make -j8 all 
arm-none-eabi-gcc -gdwarf-2 -o "Drivers.axf" @"objects.list"   -mcpu=cortex-m3 -T"D:\Mastering Embedded Systems\Unit 14 ARM\unit14_lesson2_lab1\Drivers\STM32F103C6TX_FLASH.ld" --specs=nosys.specs -Wl,-Map="Drivers.map" -Wl,--gc-sections -static --specs=nano.specs -mfloat-abi=soft -mthumb -Wl,--start-group -lc -lm -Wl,--end-group
arm-none-eabi-objdump -D ARM_Course.axf > ARM_Course.s
arm-none-eabi-objdump: 'ARM_Course.axf': No such file
make: *** [makefile:53: Drivers.elf] Error 1
"make -j8 all" terminated with exit code 2. Build might be incomplete.
23:38:05 **** Incremental Build of configuration Debug for project Drivers ****
make -j8 all 
arm-none-eabi-gcc -gdwarf-2 -o "Drivers.axf" @"objects.list"   -mcpu=cortex-m3 -T"D:\Mastering Embedded Systems\Unit 14 ARM\unit14_lesson2_lab1\Drivers\STM32F103C6TX_FLASH.ld" --specs=nosys.specs -Wl,-Map="Drivers.map" -Wl,--gc-sections -static --specs=nano.specs -mfloat-abi=soft -mthumb -Wl,--start-group -lc -lm -Wl,--end-group
arm-none-eabi-objdump -D Drivers.axf > ARM_Course.s
cp 
cp: missing file arguments
Try `cp --help' for more information.
make: *** [makefile:54: Drivers.elf] Error 1
"make -j8 all" terminated with exit code 2. Build might be incomplete.
23:38:44 **** Incremental Build of configuration Debug for project Drivers ****
make -j8 all 
arm-none-eabi-gcc -gdwarf-2 -o "Drivers.axf" @"objects.list"   -mcpu=cortex-m3 -T"D:\Mastering Embedded Systems\Unit 14 ARM\unit14_lesson2_lab1\Drivers\STM32F103C6TX_FLASH.ld" --specs=nosys.specs -Wl,-Map="Drivers.map" -Wl,--gc-sections -static --specs=nano.specs -mfloat-abi=soft -mthumb -Wl,--start-group -lc -lm -Wl,--end-group
arm-none-eabi-objdump -D Drivers.axf > ARM_Course.s
arm-none-eabi-gcc -gdwarf-2 -o "Drivers.elf" @"objects.list"   -mcpu=cortex-m3 -T"D:\Mastering Embedded Systems\Unit 14 ARM\unit14_lesson2_lab1\Drivers\STM32F103C6TX_FLASH.ld" --specs=nosys.specs -Wl,-Map="Drivers.map" -Wl,--gc-sections -static --specs=nano.specs -mfloat-abi=soft -mthumb -Wl,--start-group -lc -lm -Wl,--end-group
Finished building target: Drivers.elf
 
arm-none-eabi-objdump -h -S  Drivers.elf  > "Drivers.list"
arm-none-eabi-objcopy  -O binary  Drivers.elf  "Drivers.bin"
arm-none-eabi-size   Drivers.elf 
   text	   data	    bss	    dec	    hex	filename
   2672	      8	   1632	   4312	   10d8	Drivers.elf
Finished building: default.size.stdout
 
Finished building: Drivers.bin
 
Finished building: Drivers.list
 
23:39:42 **** Incremental Build of configuration Debug for project Drivers ****
make -j8 all 
arm-none-eabi-size   Drivers.axf 
   text	   data	    bss	    dec	    hex	filename
   2672	      8	   1632	   4312	   10d8	Drivers.axf
Finished building: default.size.stdout
 
23:40:45 **** Incremental Build of configuration Debug for project Drivers ****
make -j8 all 
arm-none-eabi-size   Drivers.axf 
   text	   data	    bss	    dec	    hex	filename
   2672	      8	   1632	   4312	   10d8	Drivers.axf
Finished building: default.size.stdout
 
23:40:59 **** Incremental Build of configuration Debug for project Drivers ****
make -j8 all 
arm-none-eabi-size   Drivers.axf 
   text	   data	    bss	    dec	    hex	filename
   2672	      8	   1632	   4312	   10d8	Drivers.axf
Finished building: default.size.stdout
 
00:36:09 **** Incremental Build of configuration Debug for project Drivers ****
make -j8 all 
arm-none-eabi-gcc -gdwarf-2 "../Src/main.c" -mcpu=cortex-m3 -std=gnu11 -g3 -DSTM32 -DSTM32F1 -DSTM32F103C6Tx -DDEBUG -c -I"D:/Mastering Embedded Systems/Unit 14 ARM/unit14_lesson2_lab1/Drivers/HAL/includes" -I../Inc -I"D:/Mastering Embedded Systems/Unit 14 ARM/unit14_lesson2_lab1/Drivers/Stm32_F103C6_Drivers/inc" -O0 -ffunction-sections -fdata-sections -Wall -fstack-usage -MMD -MP -MF"Src/main.d" -MT"Src/main.o" --specs=nano.specs -mfloat-abi=soft -mthumb -o "Src/main.o"
arm-none-eabi-size   Drivers.axf 
   text	   data	    bss	    dec	    hex	filename
   2672	      8	   1632	   4312	   10d8	Drivers.axf
Finished building: default.size.stdout
 
arm-none-eabi-gcc -gdwarf-2 -o "Drivers.axf" @"objects.list"   -mcpu=cortex-m3 -T"D:\Mastering Embedded Systems\Unit 14 ARM\unit14_lesson2_lab1\Drivers\STM32F103C6TX_FLASH.ld" --specs=nosys.specs -Wl,-Map="Drivers.map" -Wl,--gc-sections -static --specs=nano.specs -mfloat-abi=soft -mthumb -Wl,--start-group -lc -lm -Wl,--end-group
arm-none-eabi-objdump -D Drivers.axf > ARM_Course.s
Finished building target: Drivers.elf
 
00:38:26 **** Incremental Build of configuration Debug for project Drivers ****
make -j8 all 
arm-none-eabi-gcc -gdwarf-2 "../Src/main.c" -mcpu=cortex-m3 -std=gnu11 -g3 -DSTM32 -DSTM32F1 -DSTM32F103C6Tx -DDEBUG -c -I"D:/Mastering Embedded Systems/Unit 14 ARM/unit14_lesson2_lab1/Drivers/HAL/includes" -I../Inc -I"D:/Mastering Embedded Systems/Unit 14 ARM/unit14_lesson2_lab1/Drivers/Stm32_F103C6_Drivers/inc" -O0 -ffunction-sections -fdata-sections -Wall -fstack-usage -MMD -MP -MF"Src/main.d" -MT"Src/main.o" --specs=nano.specs -mfloat-abi=soft -mthumb -o "Src/main.o"
arm-none-eabi-objdump -h -S  Drivers.axf  > "Drivers.list"
arm-none-eabi-objcopy  -O binary  Drivers.axf  "Drivers.bin"
arm-none-eabi-size   Drivers.axf 
   text	   data	    bss	    dec	    hex	filename
   2676	      8	   1632	   4316	   10dc	Drivers.axf
Finished building: default.size.stdout
arm-none-eabi-objdump: Warning: source file D:/Mastering Embedded Systems/Unit 14 ARM/unit14_lesson4_lab/Drivers/Debug/../Src/main.c is more recent than object file
 
Finished building: Drivers.bin
Finished building: Drivers.list
 
 
arm-none-eabi-gcc -gdwarf-2 -o "Drivers.axf" @"objects.list"   -mcpu=cortex-m3 -T"D:\Mastering Embedded Systems\Unit 14 ARM\unit14_lesson2_lab1\Drivers\STM32F103C6TX_FLASH.ld" --specs=nosys.specs -Wl,-Map="Drivers.map" -Wl,--gc-sections -static --specs=nano.specs -mfloat-abi=soft -mthumb -Wl,--start-group -lc -lm -Wl,--end-group
arm-none-eabi-objdump -D Drivers.axf > ARM_Course.s
Finished building target: Drivers.elf
 
00:44:48 **** Incremental Build of configuration Debug for project Drivers ****
make -j8 all 
arm-none-eabi-gcc -gdwarf-2 "../Src/main.c" -mcpu=cortex-m3 -std=gnu11 -g3 -DSTM32 -DSTM32F1 -DSTM32F103C6Tx -DDEBUG -c -I"D:/Mastering Embedded Systems/Unit 14 ARM/unit14_lesson2_lab1/Drivers/HAL/includes" -I../Inc -I"D:/Mastering Embedded Systems/Unit 14 ARM/unit14_lesson2_lab1/Drivers/Stm32_F103C6_Drivers/inc" -O0 -ffunction-sections -fdata-sections -Wall -fstack-usage -MMD -MP -MF"Src/main.d" -MT"Src/main.o" --specs=nano.specs -mfloat-abi=soft -mthumb -o "Src/main.o"
arm-none-eabi-size   Drivers.axf 
   text	   data	    bss	    dec	    hex	filename
   2664	      8	   1632	   4304	   10d0	Drivers.axf
Finished building: default.size.stdout
 
../Src/main.c:28:1: error: expected '=', ',', ';', 'asm' or '__attribute__' before '{' token
 {
 ^
../Src/main.c:33:1: error: expected '=', ',', ';', 'asm' or '__attribute__' before '{' token
 {
 ^
../Src/main.c:38:1: error: expected '=', ',', ';', 'asm' or '__attribute__' before '{' token
 {
 ^
make: *** [Src/subdir.mk:24: Src/main.o] Error 1
"make -j8 all" terminated with exit code 2. Build might be incomplete.
00:46:31 **** Incremental Build of configuration Debug for project Drivers ****
make -j8 all 
arm-none-eabi-gcc -gdwarf-2 "../Src/main.c" -mcpu=cortex-m3 -std=gnu11 -g3 -DSTM32 -DSTM32F1 -DSTM32F103C6Tx -DDEBUG -c -I"D:/Mastering Embedded Systems/Unit 14 ARM/unit14_lesson2_lab1/Drivers/HAL/includes" -I../Inc -I"D:/Mastering Embedded Systems/Unit 14 ARM/unit14_lesson2_lab1/Drivers/Stm32_F103C6_Drivers/inc" -O0 -ffunction-sections -fdata-sections -Wall -fstack-usage -MMD -MP -MF"Src/main.d" -MT"Src/main.o" --specs=nano.specs -mfloat-abi=soft -mthumb -o "Src/main.o"
arm-none-eabi-size   Drivers.axf 
   text	   data	    bss	    dec	    hex	filename
   2664	      8	   1632	   4304	   10d0	Drivers.axf
Finished building: default.size.stdout
 
arm-none-eabi-gcc -gdwarf-2 -o "Drivers.axf" @"objects.list"   -mcpu=cortex-m3 -T"D:\Mastering Embedded Systems\Unit 14 ARM\unit14_lesson2_lab1\Drivers\STM32F103C6TX_FLASH.ld" --specs=nosys.specs -Wl,-Map="Drivers.map" -Wl,--gc-sections -static --specs=nano.specs -mfloat-abi=soft -mthumb -Wl,--start-group -lc -lm -Wl,--end-group
arm-none-eabi-objdump -D Drivers.axf > ARM_Course.s
Finished building target: Drivers.elf
 
00:55:28 **** Incremental Build of configuration Debug for project Drivers ****
make -j8 all 
arm-none-eabi-gcc -gdwarf-2 "../Src/main.c" -mcpu=cortex-m3 -std=gnu11 -g3 -DSTM32 -DSTM32F1 -DSTM32F103C6Tx -DDEBUG -c -I"D:/Mastering Embedded Systems/Unit 14 ARM/unit14_lesson2_lab1/Drivers/HAL/includes" -I../Inc -I"D:/Mastering Embedded Systems/Unit 14 ARM/unit14_lesson2_lab1/Drivers/Stm32_F103C6_Drivers/inc" -O0 -ffunction-sections -fdata-sections -Wall -fstack-usage -MMD -MP -MF"Src/main.d" -MT"Src/main.o" --specs=nano.specs -mfloat-abi=soft -mthumb -o "Src/main.o"
arm-none-eabi-objdump -h -S  Drivers.axf  > "Drivers.list"
arm-none-eabi-objcopy  -O binary  Drivers.axf  "Drivers.bin"
arm-none-eabi-size   Drivers.axf 
   text	   data	    bss	    dec	    hex	filename
   2700	      8	   1632	   4340	   10f4	Drivers.axf
Finished building: default.size.stdout
 
arm-none-eabi-objdump: Warning: source file D:/Mastering Embedded Systems/Unit 14 ARM/unit14_lesson4_lab/Drivers/Debug/../Src/main.c is more recent than object file
Finished building: Drivers.bin
Finished building: Drivers.list
 
 
arm-none-eabi-gcc -gdwarf-2 -o "Drivers.axf" @"objects.list"   -mcpu=cortex-m3 -T"D:\Mastering Embedded Systems\Unit 14 ARM\unit14_lesson2_lab1\Drivers\STM32F103C6TX_FLASH.ld" --specs=nosys.specs -Wl,-Map="Drivers.map" -Wl,--gc-sections -static --specs=nano.specs -mfloat-abi=soft -mthumb -Wl,--start-group -lc -lm -Wl,--end-group
arm-none-eabi-objdump -D Drivers.axf > ARM_Course.s
Finished building target: Drivers.elf
 
00:57:07 **** Incremental Build of configuration Debug for project Drivers ****
make -j8 all 
arm-none-eabi-gcc -gdwarf-2 "../Src/main.c" -mcpu=cortex-m3 -std=gnu11 -g3 -DSTM32 -DSTM32F1 -DSTM32F103C6Tx -DDEBUG -c -I"D:/Mastering Embedded Systems/Unit 14 ARM/unit14_lesson2_lab1/Drivers/HAL/includes" -I../Inc -I"D:/Mastering Embedded Systems/Unit 14 ARM/unit14_lesson2_lab1/Drivers/Stm32_F103C6_Drivers/inc" -O0 -ffunction-sections -fdata-sections -Wall -fstack-usage -MMD -MP -MF"Src/main.d" -MT"Src/main.o" --specs=nano.specs -mfloat-abi=soft -mthumb -o "Src/main.o"
arm-none-eabi-size   Drivers.axf 
   text	   data	    bss	    dec	    hex	filename
   2708	      8	   1632	   4348	   10fc	Drivers.axf
Finished building: default.size.stdout
 
arm-none-eabi-gcc -gdwarf-2 -o "Drivers.axf" @"objects.list"   -mcpu=cortex-m3 -T"D:\Mastering Embedded Systems\Unit 14 ARM\unit14_lesson2_lab1\Drivers\STM32F103C6TX_FLASH.ld" --specs=nosys.specs -Wl,-Map="Drivers.map" -Wl,--gc-sections -static --specs=nano.specs -mfloat-abi=soft -mthumb -Wl,--start-group -lc -lm -Wl,--end-group
arm-none-eabi-objdump -D Drivers.axf > ARM_Course.s
Finished building target: Drivers.elf
 
