
Allocating common symbols
Common symbol       size              file

ps_state_id         0x1               pressure_sensor.o
MA_State            0x4               main_alg.o
AM_State            0x4               alarm.o
PS_state            0x4               pressure_sensor.o
alarmAct_stateID    0x1               alarm_actuator.o
MA_state_id         0x1               main_alg.o
Alarm_state         0x4               alarm_actuator.o
alarm_state_id      0x1               alarm.o

Memory Configuration

Name             Origin             Length             Attributes
flash            0x00000000         0x20000000         xr
sram             0x20000000         0x20000000         xrw
*default*        0x00000000         0xffffffff

Linker script and memory map


.text           0x00000000      0x474
 *(.vectors*)
 .vectors       0x00000000       0x1c startup.o
                0x00000000                g_p_fn_Vectors
 *(.text*)
 .text          0x0000001c       0x80 alarm.o
                0x0000001c                ST_AM_OFF
                0x00000040                ST_AM_ON
                0x00000074                ST_WAITING
 .text          0x0000009c       0x98 alarm_actuator.o
                0x0000009c                ST_AlARM_INIT
                0x000000c0                ST_ALARM_WAITING
                0x000000e4                ST_ALARM_OFF
                0x0000010c                ST_ALARM_ON
 .text          0x00000134       0xc4 driver.o
                0x00000134                Delay
                0x00000154                getPressureVal
                0x0000016c                Set_Alarm_actuator
                0x000001a8                GPIO_INITIALIZATION
 .text          0x000001f8       0x80 main.o
                0x000001f8                setup
                0x0000023c                main
 .text          0x00000278       0xe4 main_alg.o
                0x00000278                PS_set_pressure_value
                0x000002b4                ST_DetectHighPressure
                0x000002f8                ST_NotHighPressure
                0x00000334                MP_high_pressure_detected
 .text          0x0000035c       0x88 pressure_sensor.o
                0x0000035c                ST_PS_INIT
                0x00000380                ST_PS_READING
                0x000003bc                ST_PS_WAITING
 .text          0x000003e4       0x90 startup.o
                0x000003e4                H_Fault_Handler
                0x000003e4                MM_Fault_Handler
                0x000003e4                Usage_Fault_Handler
                0x000003e4                Bus_Fault
                0x000003e4                Default_Handler
                0x000003e4                NMI_Handler
                0x000003f0                Reset_Handler
 *(.rodata)
                0x00000474                _E_text = .

.glue_7         0x00000474        0x0
 .glue_7        0x00000474        0x0 linker stubs

.glue_7t        0x00000474        0x0
 .glue_7t       0x00000474        0x0 linker stubs

.vfp11_veneer   0x00000474        0x0
 .vfp11_veneer  0x00000474        0x0 linker stubs

.v4_bx          0x00000474        0x0
 .v4_bx         0x00000474        0x0 linker stubs

.iplt           0x00000474        0x0
 .iplt          0x00000474        0x0 alarm.o

.rel.dyn        0x00000474        0x0
 .rel.iplt      0x00000474        0x0 alarm.o

.data           0x20000000        0x4 load address 0x00000474
                0x20000000                _S_DATA = .
 *(.data)
 .data          0x20000000        0x0 alarm.o
 .data          0x20000000        0x0 alarm_actuator.o
 .data          0x20000000        0x0 driver.o
 .data          0x20000000        0x0 main.o
 .data          0x20000000        0x4 main_alg.o
                0x20000000                threshold
 .data          0x20000004        0x0 pressure_sensor.o
 .data          0x20000004        0x0 startup.o
                0x20000004                . = ALIGN (0x4)
                0x20000004                _E_DATA = .

.igot.plt       0x20000004        0x0 load address 0x00000478
 .igot.plt      0x20000004        0x0 alarm.o

.bss            0x20000004      0x428 load address 0x00000478
                0x20000004                _S_bss = .
 *(.bss)
 .bss           0x20000004        0x0 alarm.o
 .bss           0x20000004        0x0 alarm_actuator.o
 .bss           0x20000004        0x0 driver.o
 .bss           0x20000004        0x0 main.o
 .bss           0x20000004        0x4 main_alg.o
                0x20000004                MP_pVal
 .bss           0x20000008        0x4 pressure_sensor.o
                0x20000008                pVal
 .bss           0x2000000c      0x400 startup.o
                0x2000040c                . = ALIGN (0x4)
                0x2000040c                _E_bss = .
 COMMON         0x2000040c        0x5 alarm.o
                0x2000040c                AM_State
                0x20000410                alarm_state_id
 *fill*         0x20000411        0x3 
 COMMON         0x20000414        0x8 alarm_actuator.o
                0x20000414                alarmAct_stateID
                0x20000418                Alarm_state
 COMMON         0x2000041c        0x5 main_alg.o
                0x2000041c                MA_State
                0x20000420                MA_state_id
 *fill*         0x20000421        0x3 
 COMMON         0x20000424        0x8 pressure_sensor.o
                0x20000424                ps_state_id
                0x20000428                PS_state
LOAD alarm.o
LOAD alarm_actuator.o
LOAD driver.o
LOAD main.o
LOAD main_alg.o
LOAD pressure_sensor.o
LOAD startup.o
OUTPUT(Pressure_Controlling_system.elf elf32-littlearm)

.debug_info     0x00000000     0x3f2f
 .debug_info    0x00000000      0xa3b alarm.o
 .debug_info    0x00000a3b      0xa6a alarm_actuator.o
 .debug_info    0x000014a5      0xa05 driver.o
 .debug_info    0x00001eaa      0x9f1 main.o
 .debug_info    0x0000289b      0xaad main_alg.o
 .debug_info    0x00003348      0xa42 pressure_sensor.o
 .debug_info    0x00003d8a      0x1a5 startup.o

.debug_abbrev   0x00000000      0xc4d
 .debug_abbrev  0x00000000      0x1f4 alarm.o
 .debug_abbrev  0x000001f4      0x1f4 alarm_actuator.o
 .debug_abbrev  0x000003e8      0x1de driver.o
 .debug_abbrev  0x000005c6      0x1ab main.o
 .debug_abbrev  0x00000771      0x21f main_alg.o
 .debug_abbrev  0x00000990      0x1e1 pressure_sensor.o
 .debug_abbrev  0x00000b71       0xdc startup.o

.debug_loc      0x00000000      0x554
 .debug_loc     0x00000000       0xb4 alarm.o
 .debug_loc     0x000000b4       0xe0 alarm_actuator.o
 .debug_loc     0x00000194      0x140 driver.o
 .debug_loc     0x000002d4       0x70 main.o
 .debug_loc     0x00000344       0xf8 main_alg.o
 .debug_loc     0x0000043c       0x9c pressure_sensor.o
 .debug_loc     0x000004d8       0x7c startup.o

.debug_aranges  0x00000000       0xe0
 .debug_aranges
                0x00000000       0x20 alarm.o
 .debug_aranges
                0x00000020       0x20 alarm_actuator.o
 .debug_aranges
                0x00000040       0x20 driver.o
 .debug_aranges
                0x00000060       0x20 main.o
 .debug_aranges
                0x00000080       0x20 main_alg.o
 .debug_aranges
                0x000000a0       0x20 pressure_sensor.o
 .debug_aranges
                0x000000c0       0x20 startup.o

.debug_line     0x00000000      0x98d
 .debug_line    0x00000000      0x156 alarm.o
 .debug_line    0x00000156      0x163 alarm_actuator.o
 .debug_line    0x000002b9      0x165 driver.o
 .debug_line    0x0000041e      0x192 main.o
 .debug_line    0x000005b0      0x1bc main_alg.o
 .debug_line    0x0000076c      0x1b8 pressure_sensor.o
 .debug_line    0x00000924       0x69 startup.o

.debug_str      0x00000000      0x72d
 .debug_str     0x00000000      0x50c alarm.o
                                0x57f (size before relaxing)
 .debug_str     0x0000050c       0x6d alarm_actuator.o
                                0x5c8 (size before relaxing)
 .debug_str     0x00000579       0x3e driver.o
                                0x570 (size before relaxing)
 .debug_str     0x000005b7       0x24 main.o
                                0x553 (size before relaxing)
 .debug_str     0x000005db       0x87 main_alg.o
                                0x5f9 (size before relaxing)
 .debug_str     0x00000662       0x45 pressure_sensor.o
                                0x59f (size before relaxing)
 .debug_str     0x000006a7       0x86 startup.o
                                0x1a9 (size before relaxing)

.comment        0x00000000       0x7e
 .comment       0x00000000       0x7e alarm.o
                                 0x7f (size before relaxing)
 .comment       0x0000007e       0x7f alarm_actuator.o
 .comment       0x0000007e       0x7f driver.o
 .comment       0x0000007e       0x7f main.o
 .comment       0x0000007e       0x7f main_alg.o
 .comment       0x0000007e       0x7f pressure_sensor.o
 .comment       0x0000007e       0x7f startup.o

.ARM.attributes
                0x00000000       0x33
 .ARM.attributes
                0x00000000       0x33 alarm.o
 .ARM.attributes
                0x00000033       0x33 alarm_actuator.o
 .ARM.attributes
                0x00000066       0x33 driver.o
 .ARM.attributes
                0x00000099       0x33 main.o
 .ARM.attributes
                0x000000cc       0x33 main_alg.o
 .ARM.attributes
                0x000000ff       0x33 pressure_sensor.o
 .ARM.attributes
                0x00000132       0x33 startup.o

.debug_frame    0x00000000      0x328
 .debug_frame   0x00000000       0x6c alarm.o
 .debug_frame   0x0000006c       0x88 alarm_actuator.o
 .debug_frame   0x000000f4       0xa0 driver.o
 .debug_frame   0x00000194       0x4c main.o
 .debug_frame   0x000001e0       0x90 main_alg.o
 .debug_frame   0x00000270       0x68 pressure_sensor.o
 .debug_frame   0x000002d8       0x50 startup.o
