Stm32_F103C6_EXTI_driver.c:28:6:Enable_NVIC	16	static
Stm32_F103C6_EXTI_driver.c:65:6:Disable_NVIC	16	static
Stm32_F103C6_EXTI_driver.c:102:6:Update_EXTI	24	static
Stm32_F103C6_EXTI_driver.c:165:6:MCAL_EXTI_GPIO_Init	16	static
Stm32_F103C6_EXTI_driver.c:177:6:MCAL_EXTI_GPIO_DeInit	4	static
Stm32_F103C6_EXTI_driver.c:208:6:MCAL_EXTI_GPIO_Update	16	static
Stm32_F103C6_EXTI_driver.c:218:6:EXTI0_IRQHandler	8	static
Stm32_F103C6_EXTI_driver.c:226:6:EXTI1_IRQHandler	8	static
Stm32_F103C6_EXTI_driver.c:232:6:EXTI2_IRQHandler	8	static
Stm32_F103C6_EXTI_driver.c:238:6:EXTI3_IRQHandler	8	static
Stm32_F103C6_EXTI_driver.c:244:6:EXTI4_IRQHandler	8	static
Stm32_F103C6_EXTI_driver.c:250:6:EXTI9_5_IRQHandler	8	static
Stm32_F103C6_EXTI_driver.c:259:6:EXTI15_10_IRQHandler	8	static
